Contract testCommand failure log
Command: npm run typecheck && SPINE_WORKER_STUB=1 SPINE_SUPPRESS_JOURNAL_ATTACH=1 node --experimental-strip-types --test tests/batch/supervisor-spawn.test.mjs && npm run coverage:check
Exit code: 1
Attempt: 1 of 2
Timestamp: 2026-07-05T22:14:54.927Z
Buffer overflow: no
---

> pi-spine@1.6.0 typecheck
> tsc --project tsconfig.json --noEmit && tsc --project tsconfig.batch.json --noEmit

✔ isSupervisorSpawnEnabled defaults to false (0.574875ms)
✔ resolveSupervisorPollIntervalMs uses default and honors config (0.098375ms)
✔ resolveSupervisorModel returns inherit by default (0.073292ms)
✔ shouldEmitSupervisorNudge covers actionable diagnoses (0.084708ms)
✔ buildSupervisorObservationPayload shapes reconcile fields (0.114125ms)
✔ buildSupervisorNudgePayload includes headline and suggestedCommand (0.414083ms)
✔ isSupervisorMonitorTerminal detects terminal phases and diagnoses (0.075083ms)
✔ spawnDetachedSupervisor does not spawn when disabled (154.798042ms)
✔ enabled:true journals supervisor.started and supervisor.stopped on terminal (1142.708875ms)
✔ enabled:false produces no supervisor journal events via maybeSpawnSupervisorOnDetachedStart (143.375667ms)
✔ killSupervisor journals supervisor.stopped and clears state (175.585709ms)
✔ spawnDetachedSupervisor spawns monitor child when enabled (304.154167ms)
ℹ tests 12
ℹ suites 0
ℹ pass 12
ℹ fail 0
ℹ cancelled 0
ℹ skipped 0
ℹ todo 0
ℹ duration_ms 2029.841292

> pi-spine@1.6.0 coverage:check
> node scripts/run-coverage.mjs

✔ adoption fixture: init, plan, stub batch AD-001 creates .DONE (21569.615417ms)
✔ adoption integration: REPLAN final verdict surfaces needs_replan diagnosis (19796.755458ms)
✔ worker.md documents spine tools, stall checkpoint, and coverage policy (0.846542ms)
✔ worker.md documents engine-owned code and final review after .DONE (0.323625ms)
✔ reviewer.md documents final PASS REVISE REPLAN verdicts (0.204125ms)
✔ worker-prompt tail aligns with worker.md commit and review conventions (0.126291ms)
✔ buildWorkerTailPrompt does not contradict worker.md on commit format (17.566584ms)
✔ buildAgentSessionWorkerPrompt includes review hint when level > 0 (2.082ms)
✔ buildWorkerPiArgs omits -ne when no pi-web-access conflict (19.284458ms)
✔ buildWorkerPiArgs includes -ne before -p when extension conflict detected (18.102917ms)
✔ formatPiExtensionConflictHint surfaces pi-web-access remediation (0.341958ms)
✔ abortBatch archives batch-state before clearing active file (1159.734792ms)
✔ abortBatch journals batch.aborted and preserves prior journal tail (1186.094959ms)
✔ abortBatch writes abort signal without killing on graceful abort (1514.851625ms)
✔ hard abort removes lane worktree when cleanup enabled (2051.892458ms)
✔ hard abort keeps worktree when cleanupOnHardAbort is false (1710.876125ms)
✔ abortBatch fails when no active batch (1219.482042ms)
✔ mergeLaneToOrch auto-resolves disjoint adoption doc edits without force-merge (5489.721333ms)
✔ mergeLaneToOrch fails adoption doc merge with recovery commands when hunks overlap (6116.024791ms)
✔ formatAdoptionDocMergeFailure names file and wave recovery (0.201ms)
✔ agent session abort failure journals lane.worker_abort_failed (1360.424208ms)
✔ formatAttachedMilestoneLine renders land-loop journal types (0.643167ms)
[spine] batch.started
[spine] task.started SP-343
[spine] task.completed SP-343
[spine] batch.merge_started wave=0
[spine] batch.merge_completed wave=0
[spine] gate.opened
[spine] gate.evidence_collecting
[spine] gate.evidence_completed
[spine] batch.completed
[spine] batch.land_loop_finalized

Batch started

Batch 20260705T221131 completed: SP-343 succeeded; merged to orch/spine-20260705T221131.
  → spine gate status
  → spine gate approve
  → spine integrate
  → spine batch complete

Batch 20260705T221131 ready to integrate orch branch to main

  → spine integrate

  Alternatives:
    • /spine-integrate
    • /spine-gate
    • spine status --diagnose

  Batch: 20260705T221131
  Task: SP-343
✔ runSpineBatch attached start returns integrate handoff without process.exit in tests (20541.093458ms)
✔ attached batch CLI subprocess exits after completed with stdout milestones (21396.922375ms)
✔ formatAttachedBatchCliResult includes diagnosis suggested command (0.356041ms)
✔ enforceAttachedEngineSingleOwner fails fast when engine PID is alive (1305.76725ms)
✔ enforceAttachedEngineSingleOwner orphans prior engine with --force (1163.131583ms)
✔ resumeBatch rejects second attached resume when engine PID is alive (1484.412167ms)
✔ resumeBatchDetached rejects spawn when attached engine PID is alive (1213.976917ms)
✔ runAttachedBatchEngine blocks attached start when engine PID is alive (1445.41ms)
✔ isLastWaveIndex matches batch 20260618T000943 wave plan (0.639209ms)
✔ maybeFinalizeAfterWaveMerge opens gate for last-wave post-merge limbo (4894.333791ms)
✔ resumeMultiTaskBatch finalizes post-merge limbo even with stale engine pid (5235.02075ms)
✔ terminateStaleDetachedEngine still clears stale engine during post-merge limbo resume handoff (1021.708333ms)
✔ startBatch multi-wave attached path opens gate after wave 1 without resume (28391.210125ms)
✔ attached milestone types include batch.merge_blocked (1.517167ms)
✔ formatAttachedBatchCliResult prints merge failure headline and exits non-zero for merge_blocked (4141.2695ms)
✔ runAttachedBatchEngine streams merge_blocked milestone before merge failure CLI output (5207.500375ms)
✔ mergeEngineStateWithDiskPause adopts operator pause from disk (1039.096125ms)
✔ saveEngineBatchState does not clobber phase paused during heartbeat-style saves (1064.560042ms)
✔ enforceOperatorPauseOnDisk re-asserts paused after engine overwrite (1898.077834ms)
✔ pauseBatch confirms when attached engine heartbeat saves honor pause (2915.588916ms)
✔ batch 20260620T194352 fixture is post-merge limbo without gate (1306.220958ms)
✔ attemptPostMergeLandLoopHandoff finalizes in-process after SIGTERM-shaped limbo (4700.080084ms)
✔ finalizeAttachedPostMergeLimbo is idempotent when gate already open (4786.619292ms)
✔ resume after orphan_terminated journal opens gate for batch 20260620T194352 pattern (5126.920917ms)
✔ installAttachedEngineShutdownHandlers finalizes on SIGTERM without manual resume (4503.612041ms)
✔ terminateStaleDetachedEngine during post-merge limbo still allows resume finalize (4634.985583ms)
✔ shouldAutoIntegrateAfterWave is false by default (0.5875ms)
✔ shouldAutoIntegrateAfterWave is true when configured and not last wave (0.080625ms)
✔ shouldAutoIntegrateAfterWave is false on last wave (0.053125ms)
✔ issue #25: retry unblocks failed phase when only pending tasks remain (10758.300542ms)
✔ issue #25: failed phase with pending-only limbo resumes without --force (5478.04225ms)
✔ retry keeps failed phase when other failed tasks remain (1550.333916ms)
✔ diagnosis suggests resume --force for failed-phase pending-only limbo (0.20325ms)
✔ parseSupersededReplacementIds extracts child task IDs (1.410959ms)
✔ assertBatchStartTasksNotSuperseded rejects superseded IDs (1705.472084ms)
✔ assertBatchStartTasksNotSuperseded allows pending IDs (1696.29175ms)
✔ assertBatchStartTasksNotSuperseded honors --force-superseded (1847.775084ms)
✔ resolveBatchStartScope rejects explicit superseded task IDs (1752.309709ms)
✔ resolveBatchStartScope allows superseded IDs with forceSuperseded (1509.989042ms)
✔ startBatch dry-run rejects superseded explicit scope (1134.474667ms)
✔ startBatch dry-run allows superseded scope with forceSuperseded (1294.857708ms)
✔ parseBatchArgs maps --wave on start to waveFilter (0.782375ms)
✔ parseBatchArgs strips --wave value from scope for wave 0 (0.083291ms)
✔ buildAttachedBatchStartArgv forwards waveFilter to detached engine (0.610791ms)
✔ startBatch dry-run with pending scope and --wave 0 selects planner wave 0 (1746.384959ms)
✔ startBatch dry-run with --wave selects planner wave task IDs (1845.940542ms)
✔ wave-filtered dry-run matches explicit wave task scope dry-run (1836.475791ms)
✔ complete handoff preserves newer active batch (073511 vs 073937 race) (7.483916ms)
✔ clearStaleTerminalBatchStateForStart removes completed batch-state pointer (4.911334ms)
✔ assertNoActiveBatch clears stale completed pointer before start handoff (4.348125ms)
✔ runBatchComplete clears active batch-state when no newer batch took over (4994.837625ms)
✔ new batch save replaces terminal completed cache with different batchId (99.006416ms)
✔ evaluateBatchStateWriteGuard rejects writes from non-owner live engine (31.899583ms)
✔ saveSpineBatchState rejects resurrecting archived batch cache (19.506875ms)
✔ resolveStallConfig defaults checkpoint warning and no file-scope grace extension (0.659375ms)
✔ file-scope mtime is activity only — does not extend stall deadline by default (0.209792ms)
✔ checkpoint signals extend grace; STATUS update moves deadline (0.068375ms)
✔ shouldEmitCheckpointWarning after activity without checkpoint threshold (0.11375ms)
✔ resolveScopedDirtyPaths limits porcelain to file scope and task folder (711.142292ms)
✔ lane.checkpoint_warning journal event and diagnose hints (24.037625ms)
✔ extractJournalDiagnosisHints omits stale checkpoint_warning older than 30 minutes (0.148292ms)
✔ collectProgressSignals includes dirtyPaths for scoped changes (974.33725ms)
✔ verifyContract uses base-satisfied when scope predates task PROMPT on base (3123.611625ms)
✔ verifyContract passes when scope is on base and lane has zero implementation diff (3261.984667ms)
✔ verifyContract fails base-satisfied scope when testCommand fails (7950.330167ms)
✔ verifyStubFileScopeMustChange passes when base already satisfies scope (2355.323291ms)
✔ isBaseScopeSatisfied is false when base lacks scope changes (1948.81ms)
✔ runFinalReviewPhase fails fast with contract_failed and does not consume finalAttempts (7810.595708ms)
✔ reconcileBatch surfaces contract_failed headline for failed task (3710.401291ms)
✔ verifyContract satisfies pre-landed fileScopeMustChange when testCommand and artifacts pass (2855.216334ms)
✔ verifyContract still fails pre-landed scope when testCommand fails (8277.303542ms)
✔ verifyStubFileScopeMustChange passes delivery-only STATUS when source scope pre-landed (3156.792458ms)
✔ verifyContract passes delivery-only STATUS.md fileScopeMustChange contract (2388.257042ms)
✔ resolvePromptRelPath derives task PROMPT from spine-tasks delivery changes (1267.430084ms)
✔ isFileScopePatternPrelanded detects scope changed on main after task intro (1554.7305ms)
✔ testCommand fails once then succeeds on retry — contract passes (299.93025ms)
✔ testCommand fails all retries — contract_failed as before (163.953667ms)
✔ retry count configurable via spine-config contract.testRetries (497.408959ms)
✔ failed output captured to .reviews/ directory (138.573125ms)
✔ no retry when testCommand succeeds first time (no performance cost) (171.64ms)
✔ writeContractFailureLog creates log file with header (102.725417ms)
✔ writeContractFailureLog returns null when taskFolder is undefined (3.349542ms)
✔ CONTRACT_TEST_DEFAULT_RETRIES is 1 (0.075542ms)
✔ CONTRACT_TEST_RETRY_DELAY_MS is 5000 (0.052208ms)
✔ multiple failure logs captured across retry attempts (392.640125ms)
✔ parseContract extracts stallTimeoutMinutes and extendGraceOnFileScope (1.650292ms)
✔ resolveTaskStallMinutes uses max of global, size floor, and contract override (0.128625ms)
✔ resolveStallConfigForTask applies contract stallTimeoutMinutes to stallTimeoutMs (0.130125ms)
✔ resolveStallConfigForTask honors contract extendGraceOnFileScope (0.05775ms)
✔ resolveWorkerPiTimeoutMs aligns with contract stall budget (0.0925ms)
✔ runWorker with contract stall override survives beyond global stall budget (scaled) (5205.065916ms)
✔ runWorker without contract override stalls at scaled global budget (5390.92625ms)
✔ isDeliveryArtifactPath accepts STATUS.md-only patterns (0.871ms)
✔ isDeliveryArtifactPath accepts .DONE-only patterns (0.328958ms)
✔ isDeliveryArtifactPath accepts task-folder delivery globs (0.121958ms)
✔ isDeliveryArtifactPath rejects implementation and tasks-root paths (0.082208ms)
✔ isImplementationScopePattern detects source and tooling roots (0.073917ms)
✔ isStubDeliveryOnlyScope is true for delivery-only pattern sets (0.092792ms)
✔ isStubDeliveryOnlyScope rejects mixed implementation and delivery patterns (0.06425ms)
✔ isStubDeliveryOnlyScope rejects empty pattern lists (0.040708ms)
✔ isDeliveryArtifactPath honors custom tasksRoot (0.1455ms)
✔ resolveTaskStartCommit returns distinct start commits for serialized lane tasks (2.297667ms)
✔ resolveTaskStartCommit prefers task.started payload commit over prior lane.committed (0.138292ms)
✔ resolveTaskStartCommit returns null when task.started is missing (main...HEAD fallback) (0.076959ms)
✔ resolveTaskStartCommit resolves git HEAD at task.started timestamp when journal lacks commit (1986.699ms)
✔ CONTRACT_TEST_COMMAND_MAX_BUFFER exceeds legacy 256KB limit (0.62975ms)
✔ runContractTestCommand captures large stdout without killing child (120.783958ms)
✔ runContractTestCommand surfaces ENOBUFS with scoped testCommand guidance (194.189667ms)
✔ verifyContract reports buffer overflow with scoped testCommand guidance (5965.354667ms)
✔ buildContractTestEnv moves SPINE_BATCH_ID to SPINE_PARENT_BATCH_ID (0.606292ms)
✔ detectNestedWorkerContext blocks parent batch in lane worktree (0.22775ms)
✔ startBatch blocks nested spawn when SPINE_PARENT_BATCH_ID set in lane worktree (117.511083ms)
✔ buildContractTestEnv allows isolated fixture batch start without parent batch id (7.587ms)
✔ listChangedFiles with sinceCommit scopes diff to commits after anchor (2414.890541ms)
✔ listChangedFiles without sinceCommit preserves baseBranch...HEAD (1423.607833ms)
✔ verifyContract with sinceCommit ignores prior same-lane task fileScopeMustNotChange violations (2552.759208ms)
✔ verifyContract without sinceCommit preserves cumulative lane branch behavior (1024.388042ms)
✔ buildContractTestEnv removes worker-only keys (0.609125ms)
✔ runContractTestCommand subprocess does not inherit SPINE_IS_WORKER (158.087042ms)
✔ verifyContract testCommand passes under worker env when subprocess is sanitized (388.054459ms)
✔ verifyContract passes when testCommand exits 0 (158.025333ms)
✔ verifyContract fails when testCommand exits non-zero (303.490083ms)
✔ verifyContract checks artifactsMustExist paths in worktree (154.708125ms)
✔ verifyContract expands glob patterns in artifactsMustExist (281.991417ms)
✔ verifyContract returns ok with empty checks when contract has no verify fields (113.98175ms)
✔ verifyContract enforces fileScopeMustChange and fileScopeMustNotChange (1855.631166ms)
✔ verifyContract checks minLineCoverage from command output (164.729042ms)
✔ shouldRunContractVerify skips legacy TP-* tasks and absent contract sections (0.268958ms)
✔ matchesContractPattern supports glob paths (0.172125ms)
✔ parseAggregateLineCoverage parses coverage table rows (0.108792ms)
✔ SP-193-shaped placeholder contract fails validateContract in required mode (1.668958ms)
✔ verifyContract passes SP-193-shaped contract when scoped files changed (2183.982292ms)
✔ fileScopeMustChange trailing-slash pattern matches files under directory prefix (2486.685625ms)
✔ fileScopeMustChange trailing-slash pattern fails when no files under prefix changed (1878.923667ms)
✔ fileScopeMustChange exact-path and glob behavior preserved alongside trailing-slash (1754.994583ms)
✔ waitForDetachedBatchResume waits for integrate gate after batch completes (1513.918875ms)
✔ waitForDetachedBatchResume completes without gate when integrate gate not required (753.488416ms)
✔ prepareDetachedResumeEngineHandoff terminates stale engine before resume spawn (102.587959ms)
✔ resolveDefaultResumeWaitTerminal returns true for engine_orphaned without flags (0.629375ms)
✔ resolveDefaultResumeWaitTerminal respects explicit flags (0.091833ms)
✔ detectPostMergeLimboForResume matches journal-only limbo for batch 20260629T210738 (3087.26425ms)
✔ postMergeLimbo diagnosis suggests spine batch resume --force (0.31075ms)
✔ resumeBatchDetached --force finalizes journal-only limbo without spawning engine (8007.155542ms)
✔ detached batch start opens integrate gate after stub engine completes (17363.185042ms)
✔ timeout_waiting_for_batch with dead enginePid reconciles as engine_orphaned not running (3910.335833ms)
✔ startBatchDetached persists spawn enginePid before wait on timeout failure path (33760.355791ms)
✔ parseBatchArgs defaults to detached start (attached flag off) (0.938583ms)
✔ parseBatchArgs --attached opts into foreground engine (0.082ms)
✔ buildAttachedBatchStartArgv forwards scope and skip-preflight (0.657958ms)
✔ formatDetachedBatchStartOutput includes monitor hints (0.238042ms)
✔ batch start returns quickly and runs engine in background (16259.116708ms)
✔ parseBatchArgs resume defaults to detached (attached flag off) (0.151791ms)
✔ buildAttachedBatchResumeArgv forwards force (0.0905ms)
✔ formatDetachedEngineOutput includes resume wording (0.101458ms)
✔ waitForDetachedBatchResume returns engine_started by default (1444.030834ms)
✔ waitForDetachedBatchResume with waitTerminal returns resume_completed (1494.236334ms)
✔ collectDetachedFailureDiagnostics includes task.failed summary and log tails (1057.4445ms)
✔ parseBatchArgs accepts --wait-terminal (0.182125ms)
✔ batch resume returns quickly and runs engine in background (18065.557792ms)
✔ inferLaunchFailureKind ignores DirtyWorktree exitReason (0.750458ms)
✔ buildHeadline prefers DirtyWorktree over worker launch (0.380916ms)
✔ buildSuggestedCommand for DirtyWorktree suggests coverage cleanup and retry (0.186667ms)
✔ buildHeadline surfaces review_exhausted primary failure (0.1285ms)
✔ buildSuggestedCommand for review_exhausted suggests batch retry (0.050375ms)
✔ buildHeadline surfaces contract_failed primary failure (0.064375ms)
✔ buildSuggestedCommand for contract_failed suggests PROMPT edit and retry (0.052541ms)
✔ buildDiagnosisOutput bundles primary failure class without launch headline (0.134042ms)
✔ reconcileBatch aligns hasFailedTasks with segment drift and DirtyWorktree headline (4135.110833ms)
✔ reconcileBatch diagnoses review_exhausted from failed task exitReason (3663.225ms)
✔ buildHeadline surfaces PI_SPINE_ROOT launch failure (0.863ms)
✔ buildHeadline surfaces lane commit failures after worker completion (0.114375ms)
✔ buildSuggestedCommand prefers spine doctor for launch failures (0.224791ms)
✔ inferLaunchFailureKind reads worker output hints from journal (0.196125ms)
✔ extractJournalDiagnosisHints prioritizes setup hook and merge blocked events (5.971667ms)
✔ formatMixedOutcomeMessage lists succeeded tasks and spine batch retry guidance (0.306625ms)
✔ reconcileBatch diagnoses launch failure wave from fixture (4024.143ms)
✔ buildDiagnosisOutput bundles launch failure headline and command (0.210667ms)
✔ DIAGNOSIS_TAXONOMY includes worker_orphaned distinct from needs_retry (0.66775ms)
✔ inferLaunchFailureFromWorkerOutputTail reads PI_SPINE_ROOT hints from log tail (0.122ms)
✔ buildSuggestedCommand prefers abort for ghost running cluster (0.158375ms)
✔ buildHeadline surfaces worker_orphaned launch failure from worker output context (0.268833ms)
✔ worker_orphaned after plan review nested_spawn_blocked suggests batch retry (0.08275ms)
✔ dead lane workerPid diagnoses worker_orphaned not needs_retry (4324.86275ms)
✔ dead workerPid after lane.completed does not diagnose worker_orphaned (3913.473167ms)
✔ worker_orphaned enriches launch headline from worker output log without task.failed (3895.050958ms)
✔ multiple ghost running tasks on one lane prefer spine batch abort (2853.230458ms)
✔ segment drift still diagnoses needs_retry (3277.974833ms)
✔ buildDiagnosisOutput bundles worker_orphaned headline and command (0.194958ms)
✔ isRunningWithoutActiveWorkers is false when workers are active (1.038625ms)
✔ isRunningWithoutActiveWorkers detects all-terminal tail state (0.154ms)
✔ buildRunningTailHeadline maps macroPhase merging to operator text (0.244916ms)
✔ buildRunningTailHeadline maps gating / post-merge limbo (0.118917ms)
✔ buildHeadline preserves generic running when workers are active (0.227625ms)
✔ deriveMacroPhase uses journal merge tail when diagnosis is running without workers (0.281834ms)
✔ deriveMacroPhase stays executing when workers are active (0.08325ms)
✔ tail-state fixture reconciles without bare is running headline (4302.313416ms)
✔ tail-state headline matches batch 20260701T031142 shape via buildHeadline (0.220375ms)
✔ isCoverageArtifactPath matches extension/coverage and root coverage dirs (0.647542ms)
✔ isPathInFileScope matches exact paths and directory prefixes (0.130708ms)
✔ filterOutOfScopeCoveragePorcelain drops modified coverage outside file scope (0.171125ms)
✔ filterOutOfScopeCoveragePorcelain keeps in-scope coverage modifications (0.094625ms)
✔ restoreOutOfScopeCoverageArtifacts resets tracked coverage files (2103.152125ms)
✔ resolvePostLaneCommitPorcelain restores and filters out-of-scope coverage (1713.836792ms)
✔ commitLaneAndValidateWorktree succeeds when only out-of-scope coverage is dirty (3102.009542ms)
✔ commitLaneAndValidateWorktree fails when dirty without .DONE (1456.98025ms)
✔ isWorktreeDeletionPorcelainLine matches unstaged deletions (0.656084ms)
✔ isSymlinkOnlyDriftPorcelain is true only for deletion-only porcelain (0.110042ms)
✔ filterSetupHookSymlinkDriftPorcelain clears deletion-only drift (0.07075ms)
✔ parseLaneWorktreeIdentity extracts batch and lane from worktree path (0.652709ms)
✔ resolvePostLaneCommitPorcelain repairs hook symlink drift (3212.393ms)
✔ commitLaneAndValidateWorktree succeeds when hook symlink drifts after PASS (3887.96275ms)
✔ dismissBatch kills live stub worker PID and journals lane.worker_terminated (3586.012875ms)
✔ shouldRunCodeReview requires review level 2 or higher (0.951208ms)
✔ findCodeReviewStepNumber prefers step with code review checkpoint (10.626083ms)
✔ findCompletedCodeReview honors journal review.completed code APPROVE (6.566042ms)
✔ findCompletedCodeReview honors step artifact APPROVE for code review step (7.251583ms)
✔ runTaskOnLane runs engine code review for RL2 without worker nested spawn (8533.012ms)
✔ runTaskOnLane skips engine code review when review level is 0 (7991.171541ms)
✔ runTaskOnLane skips engine code review when review level is 1 (8333.434708ms)
✔ runTaskOnLane honors journal review.completed code APPROVE without duplicate spawn (8022.915958ms)
✔ runTaskOnLane re-invokes worker after code REVISE and succeeds on APPROVE (13827.942583ms)
✔ resolveReviewSpawnTimeoutMs aligns with stall budget for M tasks (18.526208ms)
✔ runStepReview journals review.failed with review_timeout on hung spawn (430.562708ms)
✔ async reviewer spawn does not block the event loop while waiting for timeout (435.088833ms)
✔ startBatch opens integrate gate before batch.completed journal event (15637.976625ms)
✔ startBatch serializes multiple tasks on one physical lane (24617.179667ms)
✔ startBatch runs disjoint-scope tasks on separate lanes in parallel (19463.829208ms)
✔ startBatch records lane commit before task.completed (15533.247833ms)
✔ runTaskOnLane emits task.failed not task.completed when lane commit fails (7702.472709ms)
✔ validateSpineConfig accepts worktreeSetupIgnorePaths (0.243708ms)
✔ engine_orphaned diagnosis suggests retry when task id known, attached resume otherwise (0.795958ms)
✔ dead engine with phase running passes validateMultiTaskResume without pause (2032.576416ms)
✔ running phase with live engine pid rejects resume without force (2237.374125ms)
✔ reconcile engine_orphaned recommends attached resume for batch 20260618T191236 pattern (3463.7185ms)
✔ engine_orphaned with failedTaskId suggests retry (SP-315) (0.726625ms)
✔ reconcileOrphanRunningState transitions running task to failed with journal events (1871.408459ms)
✔ retryTask succeeds on orphan without manual pause (issue #20 trap) (1968.858333ms)
✔ diagnose then retry: suggestedCommand matches working recovery path (3849.4485ms)
✔ resume --force allowed after orphan reconcile when phase was running (2280.974875ms)
✔ terminateStaleDetachedEngine SIGTERM stale pid on failed resume (116.861625ms)
✔ runStepReview honors existing final PASS without re-spawn (65.821542ms)
✔ runStepReview skips review.failed journal when batch already completed (104.33075ms)
✔ startBatch lane branch has commit before merge when stub touches files (16375.599084ms)
✔ startBatch completes single task with stub worker (15688.309833ms)
✔ isExplicitBatchScope treats pending as explicit (1.362583ms)
✔ startBatch all dry-run allows multi-wave pending backlog (1034.083292ms)
✔ startBatch pending dry-run excludes done tasks (1645.232875ms)
✔ startBatch all fails when every task has .DONE (1303.023209ms)
✔ startBatch skips worker when .DONE exists on disk (7918.788458ms)
✔ resolveBatchStartScope normalizes all to pending IDs (1335.895541ms)
✔ startBatch explicit IDs still allow multi-wave when scope is not bare all (1827.992417ms)
✔ startBatch completes two-lane wave with stub workers (14413.994958ms)
✔ startBatch blocks merge on mixed outcomes (7646.988167ms)
✔ assessWaveMergeEligibility blocks failed and pending tasks (0.235625ms)
✔ collectCoreEvidenceBundle writes summary without complete marker (4359.477959ms)
✔ openIntegrateGate persists gate before extended evidence and journals milestones (3330.167ms)
✔ openIntegrateGate keeps gate when extended evidence command fails (4498.003333ms)
✔ collectExtendedEvidenceBundle appends to existing refs (3367.106916ms)
✔ parseEvidenceCommandArgv accepts npm run test (1.305375ms)
✔ parseEvidenceCommandArgv preserves quoted arguments (0.124458ms)
✔ parseEvidenceCommandArgv rejects shell command chaining (0.274584ms)
✔ parseEvidenceCommandArgv rejects unknown binary (0.078458ms)
✔ runEvidenceCommand executes allowlisted argv without shell (119.858167ms)
✔ runEvidenceCommand rejects malicious config strings (0.22175ms)
✔ runEvidenceCommand skips empty command (0.088042ms)
✔ runEvidenceCommand rejects disallowed build binary (0.099083ms)
✔ parseEvidenceCommandArgv rejects subshell injection (0.095833ms)
✔ collectEvidenceBundle writes summary and .complete marker atomically (4349.476667ms)
✔ collectEvidenceBundle writes rejected output for unsafe testing.test (2787.052625ms)
✔ findCompletedFinalReview honors journal review.completed final PASS (8.98375ms)
✔ findCompletedFinalReview honors latest final artifact PASS (27.281958ms)
✔ runTaskOnLane honors pre-existing worker final review without spawn failure (9229.408584ms)
✔ runTaskOnLane honors journal review.completed final PASS without duplicate spawn (9357.32775ms)
✔ parseFinalReviewVerdict accepts PASS, REVISE, and REPLAN (1.020375ms)
✔ shouldRunFinalReview skips when review level is 0 (0.098167ms)
✔ runTaskOnLane skips final review when review level is 0 (8886.569209ms)
✔ runTaskOnLane journals task.verdict_recorded on PASS final review (9339.489667ms)
✔ runTaskOnLane re-invokes worker after REVISE and succeeds on PASS (13625.382292ms)
✔ runTaskOnLane caps REVISE at maxFinalAttempts with review_exhausted (18273.307708ms)
✔ runTaskOnLane fails with needs_replan and does not keep .DONE (6629.735917ms)
✔ mergeWaveLanesToOrch blocks when a wave task has exitReason needs_replan (762.44025ms)
✔ runEngineFinalReview stub writes final artifact path (3.575583ms)
✔ buildTaskScorecard lists task rows (0.998ms)
✔ openIntegrateGate persists pending gate and journals gate.opened (4508.901958ms)
✔ collectEvidenceBundle writes summary and diff-stat (5106.877917ms)
✔ approve and reject enforce gate FSM (3788.512041ms)
✔ rejectIntegrateGate journals gate.rejected (4344.9295ms)
✔ checkIntegrateGate blocks until approved (exit 2) (3920.807208ms)
✔ integrateOrchToBase fails with exit 2 when gate pending (5302.485083ms)
✔ integrateOrchToBase succeeds after gate approval (8932.110833ms)
✔ force integrate requires SPINE_ALLOW_FORCE=1 (1652.378042ms)
✔ openIntegrateGateAfterBatchComplete skips non-completed batches (942.53325ms)
✔ runSpineGate CLI approve updates gate record (3771.406042ms)
✔ isGitignoredArtifactPath matches extension/coverage and node_modules (2.622958ms)
✔ listGitignoredArtifactRoots deduplicates nested artifact dirs (0.66ms)
✔ sanitizeGitignoredArtifactsBeforeLaneCommit removes worktree-only coverage (1062.765083ms)
✔ sanitizeGitignoredArtifactsBeforeLaneCommit skips when disabled (1486.19325ms)
✔ commitLaneAndValidateWorktree succeeds when only extension/coverage is gitignored dirty (2617.200875ms)
✔ commitLaneAndValidateWorktree succeeds when only node_modules is gitignored dirty (3260.250125ms)
✔ sanitizeGitignoredArtifactsBeforeLaneCommit does not clean index-tracked gitignored paths (2354.323209ms)
✔ commitLaneWorktree still fails for index-tracked gitignored coverage (3029.055542ms)
✔ classifyGitignoredPaths returns empty arrays for empty input (1045.222458ms)
✔ classifyGitignoredPaths detects index-tracked gitignored paths (1535.206959ms)
✔ classifyGitignoredPaths detects worktree-only gitignored paths (1334.85ms)
✔ classifyGitignoredPaths handles mixed index-tracked and worktree-only (1928.960042ms)
✔ formatGitignoredRemediationMessage: worktree-only does not suggest git rm --cached (0.308667ms)
✔ formatGitignoredRemediationMessage: index-tracked suggests git rm --cached (0.058208ms)
✔ formatGitignoredRemediationMessage: mixed suggests both remediation paths (0.051833ms)
✔ commitLaneWorktree: worktree-only gitignored does not suggest git rm --cached (2381.45925ms)
✔ commitLaneWorktree: index-tracked gitignored still suggests git rm --cached (2951.771458ms)
✔ regression: SP-011 worktree-only coverage after npm test does not suggest git rm --cached (2642.772042ms)
✔ isGitignoredArtifactPath matches graphify-out hook output (0.747708ms)
✔ listGitignoredArtifactRoots deduplicates nested graphify-out paths (0.721541ms)
✔ sanitizeGitignoredArtifactsBeforeLaneCommit removes worktree-only graphify-out (1582.738375ms)
✔ commitLaneAndValidateWorktree succeeds when only graphify-out is gitignored dirty (2888.360292ms)
✔ resolveHeartbeatKind marks launching as worker_alive only (0.71275ms)
✔ shouldEmitCheckpointWarning skips launching phase (0.169375ms)
✔ buildHeartbeatPayloadFields omits stale checkpoint signals during launching (0.088583ms)
✔ recordLaneHeartbeat journals kind and phase (368.025833ms)
✔ runWorker launching heartbeat does not journal stale STATUS mtime on fast-fail retry (5825.316959ms)
✔ resolveStallConfig applies lane overrides (0.396708ms)
✔ progressSignalsChanged detects STATUS mtime updates (806.574334ms)
✔ computeStallDeadline extends past hard timeout after progress (0.121625ms)
✔ stall false positive avoided when STATUS updates extend deadline (I-01) (0.101ms)
✔ findLatestStepCompletedMs returns newest matching task.step_completed (0.076666ms)
✔ progressSignalsChanged detects journal task.step_completed (silent tools) (562.14925ms)
✔ activitySignalsChanged detects file-scope mtime updates (FR-WORK-10 / FR-STALL-02) (593.051917ms)
✔ startBatch records lane.heartbeat during stub worker delay (16611.8855ms)
✔ startBatch persists baseBranchHeadAtStart and journals batch.base_snapshot (15795.25825ms)
✔ isFastForwardCapableIntegrate detects orch ahead of main (#93) (3119.549542ms)
✔ integrateOrchToBase fast-forwards when orch is strictly ahead (#93 batch 20260702T071449) (12150.723875ms)
✔ integrateOrchToBase fast-forwards with generatedAt-only rules-manifest drift on main (#93) (10781.742417ms)
✔ recordBatchBaseSnapshot stores head sha and journals batch.base_snapshot (1628.2155ms)
✔ integrateOrchToBase succeeds with uncommitted edits on main (9649.929ms)
✔ integrateOrchToBase conflict path leaves human checkout and files unchanged (9823.498042ms)
✔ integrateOrchToBase succeeds with uncommitted edits on feature branch (non-base) (8899.276458ms)
✔ integrateOrchToBase dry-run advertises isolated merge plan (2716.007125ms)
✔ resolveRulesManifestIntegrateDrift restores main when worker manifest matches orch (#22) (2941.535042ms)
✔ integrateOrchToBase succeeds with worker manifest drift on main matching orch (#22) (9186.523416ms)
✔ resolveRulesManifestIntegrateDrift blocks unrelated dirty files on main (1862.918292ms)
✔ resolveRulesManifestIntegrateDrift blocks substantive manifest drift not matching orch (2355.3495ms)
✔ resolveRulesManifestIntegrateDrift still clears generatedAt-only drift on main (2939.82925ms)
✔ resolveRulesManifestIntegrateDrift clears generatedAt-only dirty manifest on main (2512.148375ms)
✔ integrateOrchToBase succeeds with dirty generatedAt-only rules-manifest on main (8975.459416ms)
✔ inspectHumanBaseSync reports integrate_isolated_ok after plumbing integrate leaves HEAD behind (15409.7805ms)
✔ inspectHumanBaseSync reports human_base_diverged when human commits overlap orch paths (6821.905042ms)
✔ spine sync-base CLI merges landed main into feature branch (10422.900917ms)
✔ DEFAULT_SYNC_TIMEOUT_MS is 60 seconds (0.647791ms)
✔ syncPlumbingMergePathsToWorktree returns ok: true on successful sync (1882.135417ms)
✔ syncPlumbingMergePathsToWorktree returns ok: false with timedOut on timeout (1858.928ms)
✔ integrateOrchToBase emits integrate.failed with IntegrateTimeout on sync timeout (7934.1875ms)
✔ successful integrate still emits integrate.completed (regression) (9036.020834ms)
✔ partial sync failure returns ok: false with correct failureClass from integrateOrchToBase (6862.686875ms)
✔ syncPlumbingMergePathsToWorktree succeeds when worktree has paths not in HEAD (1980.22825ms)
✔ syncPlumbingMergePathsToWorktree restores paths that exist in merge commit (2581.538209ms)
✔ syncPlumbingMergePathsToWorktree skips diff paths absent from merge commit (2215.222792ms)
✔ assertOrchIntegratable refuses empty orch when mergeResults claim success (1398.910791ms)
✔ assertOrchIntegratable requires integrate when orch is ahead of base (1481.85525ms)
✔ reconcileBatch reports needs_integrate when batch completed but orch not on main (5061.930708ms)
✔ completeBatch refuses when orch is ahead but not integrated (4770.283709ms)
✔ integrateOrchToBase merges orch into main and journals events (8873.595458ms)
✔ integrateOrchToBase dry-run does not change main HEAD (2027.634791ms)
✔ completeBatch succeeds after integrate lands orch on main (8107.965542ms)
✔ integrateOrchToBase aborts merge on conflict and restores checkout (5605.944334ms)
✔ integrateOrchToBase fails when batch state is missing (0.356833ms)
✔ runSpineIntegrate CLI succeeds when orch tip already matches main (853.181583ms)
✔ PRD §20.2 planner yields wave0 {A,C} and wave1 {B} (1441.713166ms)
✔ PRD §20.2 two-lane stub batch completes ABC waves (26140.4715ms)
✔ PRD §20.2 mixed-outcome blocks merge; retry resets wave B for resume (15885.461417ms)
✔ runStepReview with worker attach env does not journal when attach suppressed (19.323917ms)
✔ runSpineReviewStep with worker attach env does not journal when attach suppressed (34.761ms)
✔ runSpineReportProgress with worker attach env does not journal when attach suppressed (8.337875ms)
✔ readJournalEventsCached returns same events as readJournalEvents (128.615292ms)
✔ readJournalEventsCached returns cached copy on second call without file change (117.513708ms)
✔ readJournalEventsCached invalidates when file mtime changes (164.44525ms)
✔ readJournalEventsCached returns empty array for missing file (42.008083ms)
✔ clearJournalCache forces re-read on next call (87.388334ms)
✔ invalidateJournalCache with matching path clears cache (31.568083ms)
✔ invalidateJournalCache with non-matching path preserves cache (34.055292ms)
✔ readJournalEventsCached handles transition from missing to existing file (102.551042ms)
✔ readJournalEventsCached handles switch between different batch IDs (81.51675ms)
✔ runSpineJournal replay exits non-zero when journal missing (30.133375ms)
✔ runSpineJournal replay prints human table (200.534208ms)
✔ runSpineJournal replay --json returns events array (64.120709ms)
✔ exportJournalJsonl returns null when journal missing (25.212417ms)
✔ runSpineJournal export exits non-zero when journal missing (24.1025ms)
✔ runSpineJournal export writes jsonl to stdout (134.734291ms)
✔ runSpineJournal export --output writes file (54.965917ms)
✔ exportJournalMarkdown returns null when journal missing (23.625375ms)
✔ formatJournalMarkdownTimeline produces stable table shape (4.044042ms)
✔ formatJournalMarkdownTimeline escapes pipe characters in summary (0.339875ms)
✔ runSpineJournal export markdown exits non-zero when journal missing (4.635084ms)
✔ runSpineJournal export writes markdown to stdout (55.526375ms)
✔ runSpineJournal export markdown --output writes file (79.821291ms)
✔ detectBatchStateDrift flags running cache when reconcile sees doneInLane without journal terminal (0.921625ms)
✔ deriveStructuralBatchStateFromJournal rebuilds multi-lane skeleton without cache seed (3.122958ms)
✔ resume-parallel-lane-orphan fixture: journal-only rebuild marks resumed tasks running (3.910167ms)
✔ orphan-running-resume fixture: structural + lifecycle rebuild without seed (0.52475ms)
✔ pidless-ghost-running fixture: post-resume task.started wins over historical failure (1.186459ms)
✔ resume-orphan-historical-failure fixture: rebuild ignores pre-resume failure for active task (1.004833ms)
✔ retry-clears-failed-classification fixture: rebuild fixes stale failed cache (1.102333ms)
✔ retry-clears-failed-classification fixture: detectBatchStateDrift flags cache vs journal (0.62075ms)
✔ incident fixtures rebuild from disk matches in-memory journal rebuild (958.617875ms)
✔ readJournalTimeline filters task and batch lifecycle events (1.352292ms)
✔ rebuildBatchStateFromJournal applies task.completed over stale failed cache (1.125833ms)
✔ detectBatchStateDrift flags journal completed vs cache failed (0.327125ms)
✔ detectBatchStateDrift ignores incomplete journal when cache failed (0.1045ms)
✔ incident orphan-running fixture: journal timeline is readable (1054.324875ms)
✔ appendJournalEvent writes schema v1 with ISO timestamp and payload (168.791ms)
✔ readLastTaskFailedEvent returns most recent task.failed (134.237166ms)
✔ redactSecrets masks sensitive keys (0.273792ms)
✔ capPayloadSize truncates oversized payloads (0.143208ms)
✔ normalizeJournalEvent upgrades legacy lines (0.093333ms)
✔ readJournalEvents reads mixed legacy and v1 lines (60.178834ms)
✔ extractJournalDiagnosisHints surfaces failure events from tail (3.059875ms)
✔ commitLaneWorktree commits dirty worktree when .DONE exists (2666.891458ms)
✔ commitLaneWorktree fails loud when dirty without .DONE (1983.553791ms)
✔ filterPorcelain drops lines matching ignore patterns by full path (0.312959ms)
✔ filterPorcelain drops lines matching ignore patterns by basename (0.066542ms)
✔ filterPorcelain keeps rename targets when only source matches ignore (0.059333ms)
✔ filterPorcelain returns empty for empty input (0.044958ms)
✔ mergeLaneToOrch rejects empty merge when lane commits were required (2504.11775ms)
✔ mergeLaneToOrch prefers orch for conflicts outside lane file scope (5200.94ms)
✔ mergeLaneToOrch does not auto-resolve in-scope lane conflicts (4906.159709ms)
✔ dismiss archives batch-state before clearing active file (3718.813167ms)
✔ complete with --detect-manual-merge succeeds when orch merged to main (4341.315792ms)
✔ complete refused when mergeResults succeeded but orch not on main (12465.320666ms)
✔ dismiss refused when diagnosis is running without --force (2791.150209ms)
✔ isPostMergeLimbo is true when tasks and merges succeeded with open orch branch (0.688041ms)
✔ isPostMergeLimbo rejects non-running or ended batches (0.093042ms)
✔ isPostMergeLimbo rejects empty or partial task/merge state (0.071458ms)
✔ isPostMergeLimbo respects git orch branch signals (0.061334ms)
✔ isPostMergeLimbo rejects null or non-object state (0.057708ms)
✔ resolveWorkerOutputConfig defaults live log streaming off (0.733959ms)
✔ workerLiveLogPath matches runtime layout (0.103334ms)
✔ truncateLiveLogBytes applies truncation marker when over cap (0.186ms)
✔ appendWorkerLiveLogChunk redacts secrets and enforces byte cap (18.531208ms)
✔ createWorkerLiveLogWriter returns null when streaming disabled (0.234875ms)
✔ runWorker streams subprocess stub output to live log when enabled (5336.390542ms)
✔ runWorker skips live log when streamWorkerOutputLive is false (5217.629334ms)
✔ runWorker still writes terminal failure log when live streaming enabled (5264.054917ms)
✔ startAgentSessionWorker flushes transcript chunks to live log (49.324417ms)
✔ appendWorkerLiveLogChunk rolls file with truncation marker when over max bytes (30.280042ms)
✔ MACRO_PHASES exports all eleven lifecycle values (1.252166ms)
✔ deriveMacroPhase: idle when no batch signals (0.117917ms)
✔ deriveMacroPhase: planning from batch phase (0.135416ms)
✔ deriveMacroPhase: executing for active running batch (0.106167ms)
✔ deriveMacroPhase: merging phase and needs_merge diagnosis (0.065542ms)
✔ deriveMacroPhase: reviewing when review.started is open (0.115416ms)
✔ deriveMacroPhase: gating for pending gate or post-merge limbo (0.060542ms)
✔ deriveMacroPhase: integrating for needs_integrate and open integrate.started (0.067375ms)
✔ deriveMacroPhase: completed, failed, aborted, paused terminal phases (0.061666ms)
✔ fixture running-batch.json reconciles to executing macro-phase (4642.305625ms)
✔ fixture taskplane-executing.json maps to executing (0.69375ms)
✔ fixture needs-retry-batch.json maps to failed macro-phase (3461.16125ms)
✔ fixture limbo-stale maps to completed macro-phase (3911.924625ms)
✔ all macro-phase enum values are reachable via deriveMacroPhase (0.277541ms)
✔ recordMergeBlocked sets terminal merge_blocked phase and clears enginePid (1345.316209ms)
✔ reconcileBatch diagnoses merge_blocked as failed merge, not needs_merge (3694.46175ms)
✔ legacy merging phase with endedAt and failed mergeResults reconciles as failed (3585.787042ms)
✔ findResumableWave skips succeeded merged waves when later wave has pending tasks (0.749208ms)
✔ validateMultiTaskResume allows force resume from merge_blocked (3114.74525ms)
✔ buildSuggestedCommand recommends resume --force for merge_blocked phase (1.226084ms)
✔ summarizeMergeFailures extracts failed wave and lane from mergeResults (0.716458ms)
✔ buildMergeFailureHeadline uses 1-based wave number and lane label (0.167583ms)
✔ buildHeadline for failed diagnosis surfaces merge conflict instead of zero failed tasks (0.235958ms)
✔ buildSuggestedCommand for merge failure suggests resume --force (0.145333ms)
✔ buildDiagnosisOutput bundles merge failure headline and command (0.141291ms)
✔ reconcileBatch surfaces merge failure fields distinct from failedTasks (3629.008125ms)
✔ spine status --json includes merge failure fields for monitors (3757.820792ms)
✔ spine status --diagnose prints merge failure details in text output (3778.085625ms)
✔ filterGitignoredPaths separates ignored and stageable paths (1480.457042ms)
✔ gitAddFilteredPaths skips gitignored paths without failing (1602.831292ms)
✔ mergeLaneToOrch succeeds when task branch committed gitignored coverage (6684.8065ms)
✔ commitLaneWorktree refuses gitignored-only dirty paths (1672.174416ms)
✔ commitLaneWorktree commits tracked files while skipping gitignored dirty paths (2401.967ms)
✔ inferMergeGitignoredFailure detects gitignored merge and lane commit failures (0.288875ms)
✔ buildSuggestedCommand returns git rm --cached repair for gitignored merge failures (0.224917ms)
✔ reconcileBatch surfaces gitignored merge repair command from journal (2769.7535ms)
✔ filterPorcelain remains unchanged for SP-104 ignore patterns (0.290166ms)
✔ mergeLaneToOrch auto-resolves additive docs/PRD.md after origin/main merge task (7030.553167ms)
✔ mergeLaneToOrch fails PRD merge with recovery commands when hunks overlap (3634.006709ms)
✔ formatPrdDocMergeFailure names file and wave recovery (0.192916ms)
✔ isActiveWorkerSession true when SPINE_WORKER_RUNNER is set (0.652458ms)
✔ isActiveWorkerSession false outside worker context (0.078209ms)
✔ runStepReview skips nested reviewer spawn when worker env is set (201.02275ms)
✔ runStepReview skips nested plan review spawn when worker env is set (87.806917ms)
✔ runStepReview stub path still works inside worker session (83.075875ms)
✔ runStepReview reaches pi availability check when worker env absent (29.109875ms)
✔ engine parent with leaked worker runner reaches reviewer spawn (29.611833ms)
✔ batch 20260619T020951 SP-306 plan step 0 journals review.skipped not review.failed (111.702ms)
✔ detectNestedWorkerContext returns reason when SPINE_IS_WORKER=1 (0.72325ms)
✔ detectNestedWorkerContext returns reason when projectRoot is inside .worktrees/spine-* (0.120125ms)
✔ detectNestedWorkerContext returns null for normal projectRoot without worker env (0.136125ms)
✔ startBatch returns error when SPINE_IS_WORKER=1 (22.004416ms)
✔ startBatch returns error when projectRoot is inside .worktrees/spine-* (97.197084ms)
✔ startBatch succeeds normally (no env, normal CWD) — regression (13969.450916ms)
✔ buildWorkerChildEnv includes SPINE_IS_WORKER=1 (2.855417ms)
✔ journalEventsSinceResume excludes pre-resume terminal events (2.132833ms)
✔ detectOrphanRunning: historical task.failed + post-resume silence + dead engine (0.90625ms)
✔ resume orphan with historical failure fixture is not diagnosed as running (3736.403125ms)
✔ terminal event within scoped window still suppresses engine orphan (0.660792ms)
✔ journalIndicatesStalledSession: post-resume start without terminal (0.858542ms)
✔ detectOrphanRunning: PID-less ghost running with post-resume journal stall (0.503625ms)
✔ pidless ghost fixture reconcile is engine_orphaned, not running (4299.644834ms)
✔ terminal event within scoped window suppresses PID-less ghost signal (0.391125ms)
✔ isProcessAlive returns false for absent pid (0.776625ms)
✔ resume parallel lane orphan fixture: multiple running on lane 1 (1.445375ms)
✔ resume parallel lane orphan fixture: reconcile is actionable after scoped orphan detect (3810.65775ms)
✔ searchATon orphan incident fixture: dead workerPid is not diagnosed as running (3275.051708ms)
✔ dead workerPid with running task is not diagnosed as running (2809.891458ms)
✔ dead enginePid mid-resume without terminal journal is engine_orphaned (2835.563834ms)
✔ running batch without recorded pids still reports running (2590.103625ms)
✔ detectOrphanRunning ignores dead engine when terminal journal exists (0.3145ms)
✔ recordBatchEnginePid persists under resilience and clears on terminal save (540.247709ms)
✔ confirmed pause records batch.paused only after engine persists phase (1153.129917ms)
✔ unconfirmed pause does not leave orphan batch.paused journal entry (1107.216875ms)
✔ pauseBatch succeeds immediately when no attached engine is alive (1273.824917ms)
✔ pauseBatch fails loud when attached engine keeps phase running (995.276916ms)
✔ waitForPauseConfirmation returns true when phase stays paused (709.520542ms)
✔ retryTask succeeds when batch phase is paused (790.072958ms)
✔ retryTask rejects when batch phase is running (786.964958ms)
✔ batch 20260630T212050 orphan-after-merge fixture describes GitHub #59 incident (1.870458ms)
✔ batch 20260630T212050 journal fixture is limbo via resume detect but not bare state (1552.846875ms)
✔ hydrateMergeResultsFromJournal enables state limbo detection for batch 20260630T212050 (1220.594542ms)
✔ finalizeAttachedLandLoopBeforeExit opens gate for batch 20260630T212050 journal limbo (3905.347833ms)
✔ installAttachedExitFinalizeHandlers finalizes journal limbo on SIGTERM without manual resume (3604.36525ms)
✔ batch 20260629T021550 fixture is post-merge limbo without gate (673.505958ms)
✔ attemptPostMergeLandLoopHandoff finalizes batch 20260629T021550 limbo after SIGTERM (4102.954875ms)
✔ resumeBatchDetached --force finalizes post-merge limbo without spawning engine (3157.861875ms)
✔ resumeBatch attached path finalizes batch 20260629T021550 limbo immediately (2899.073917ms)
✔ resumeMultiTaskBatch still finalizes batch 20260629T021550 after orphan_terminated (2959.5665ms)
✔ finalizeResumePostMergeLimbo clears stale engine pid during post-merge limbo (2637.136959ms)
✔ isPostMergeLimbo detects running phase with successful merges (0.655333ms)
✔ deriveDiagnosis returns needs_integrate for post-merge limbo (0.554333ms)
✔ finalizeBatchForIntegrate opens gate from post-merge limbo without resume (3490.32875ms)
✔ resumeMultiTaskBatch opens gate from post-merge limbo without re-running tasks (3473.588917ms)
✔ mixed-outcome post-mortem lists failed IDs and retry hint, not smooth success (3205.933208ms)
✔ false-success reconciliation headline is overridden when failures exist (0.382833ms)
✔ listFailedTaskIds prefers classified terminal-failure tasks (0.704417ms)
✔ collectEvidenceBundle summary.md is honest post-mortem markdown (2941.492209ms)
✔ dismissBatch writes post-mortem path into batch history (2886.307917ms)
✔ writeBatchPostMortem persists markdown under runtime batch dir (2754.651333ms)
✔ spine status --verbose includes post-mortem section for active batch (2315.680166ms)
✔ resolveStallConfig defaults progressSnapshotIntervalMinutes to 2 (0.925875ms)
✔ resolveStallConfig applies progressSnapshotIntervalMinutes override (0.097625ms)
✔ buildProgressSnapshotPayload is bounded and omits dirty path lists (0.854458ms)
✔ progressSnapshotPayloadChanged detects field deltas (0.18825ms)
✔ shouldEmitProgressSnapshot respects interval (0.091083ms)
✔ recordLaneProgressSnapshot journals bounded payload (237.268375ms)
✔ runWorker emits lane.progress_snapshot on interval and dedupes unchanged signals (10242.665ms)
✔ startBatch fails closed on invalid PROMPT before batch starts (1160.853875ms)
fatal: malformed object name missing-base-branch
✔ inspectGitState records gitInspectionError when merged-branch scan fails (765.062917ms)
✔ deriveDiagnosis returns git_unavailable when git inspection failed (3.17175ms)
✔ reconcileBatch surfaces git_unavailable instead of limbo_stale on git failure (2958.384333ms)
fatal: malformed object name missing-base-branch
✔ reconcileBatch records count_commits_ahead git errors from real git refs (3247.136292ms)
✔ idle-no-batch returns healthy idle state (521.596667ms)
✔ limbo_stale detected from incident fixture (3211.9645ms)
✔ completed_manual when orch branch merged to main (3270.531083ms)
✔ needs_retry when a task failed (2579.764334ms)
✔ running diagnosis for active batch (2230.421083ms)
✔ runReconciliationCheck matches reconcileBatch output shape (2145.378625ms)
✔ reconcileBatch includes journal hints when journal exists (2308.469ms)
✔ reconcileBatch exposes macroPhase for running batch (2339.906292ms)
✔ reconcileBatch exposes macroPhase for limbo_stale (1801.392958ms)
✔ failBatchFromEngineError writes batch.failed and clears enginePid (949.672583ms)
✔ reconcileGhostRunningTasks marks running tasks failed without worker (0.233208ms)
✔ resumeMultiTaskBatch fail-closed when post-commit gitPorcelain throws (8619.751375ms)
✔ resumeBatch opens integrate gate before batch.completed journal event (10554.284833ms)
✔ refreshLaneHeartbeatsOnResume aligns lane heartbeats to engineStartedAt (0.717875ms)
✔ taskAlreadyComplete returns false for failed task with stale .DONE on disk (2.175959ms)
✔ resumeBatch after failed retry runs contract verification before succeed (6542.8635ms)
✔ resumeBatch continues paused 2-task 2-lane batch with stub workers (12691.4045ms)
✔ resumeBatch multi path requires existing lane worktrees (1060.185417ms)
✔ multi-task batch start → pause → resume completes both tasks (14141.038292ms)
✔ paused multi-task batch diagnose suggests multi-task resume (2021.929458ms)
✔ multi-task startBatch completes two-lane stub batch (start path) (9158.371625ms)
✔ resumeBatch serializes four tasks on one lane (25940.248459ms)
✔ resumeBatch runs two lanes with two tasks each in parallel (15492.948292ms)
✔ validateMultiTaskResume accepts paused 2-task 2-lane batch (1703.889125ms)
✔ validateMultiTaskResume rejects batch with zero tasks (732.840917ms)
✔ validateMultiTaskResume rejects missing worktree per lane (1194.971875ms)
✔ validateMultiTaskResume allows force resume when wave merge is pending (1536.705125ms)
✔ validateResumeBatch delegates to multi validator for single-task batch (990.520167ms)
✔ resolveDetachedWaitTimeoutMs uses long default for wait-terminal orphan resume (0.655083ms)
✔ prepareOrphanResumeHandoff clears stale workerPid before orphan resume (775.853292ms)
✔ clearStaleLaneWorkerPids preserves live worker pid (515.53ms)
✔ dual-dead lane+engine orphan reconciles as engine_orphaned with attached resume (2519.46475ms)
✔ attached resume --force completes stuck task after plan review orphan stall (10826.074667ms)
✔ detached resume with wait-terminal uses extended timeout constant (0.177625ms)
✔ taskTerminalSuccessInBatch requires succeeded status and journal task.completed (0.679333ms)
✔ resume --force after partial retry does not review.start succeeded task IDs (13516.488042ms)
✔ pauseBatch sets phase paused and journals batch.paused (558.433125ms)
✔ resumeBatch continues paused single-lane batch (10073.12225ms)
✔ paused spine batch reconciliation suggests spine batch resume (1459.152958ms)
✔ validateBatchState requires segments aligned with tasks (0.243791ms)
✔ retryTask clears stale failure metadata before re-run (624.498958ms)
✔ retry then task.completed updates counters and reconcile diagnosis (2243.038083ms)
✔ retry-clears-failed-classification fixture reconciles after success state (2369.28775ms)
✔ retryTask atomically resets task and segment records (532.637334ms)
✔ retryTask fixes segment drift (GAP-RETRY-01) (486.201625ms)
✔ resumeBatch refuses segment drift without retry (820.526334ms)
✔ skipTask marks task skipped and updates counters (390.636541ms)
✔ retryTask rejects when batch is running (459.676917ms)
✔ defaultSegmentId used in segment records (0.222625ms)
✔ detectOrphanedReviewStarted finds orphaned review.started with no matching review.completed (0.662875ms)
✔ detectOrphanedReviewStarted returns empty when review.completed exists (0.078333ms)
✔ detectOrphanedReviewStarted distinguishes code and final review types (0.070292ms)
✔ reconcileOrphanedReviewEvents synthesizes completion when APPROVE artifact on disk (69.81975ms)
✔ reconcileOrphanedReviewEvents does NOT synthesize when no artifact on disk (20.70375ms)
✔ reconcileOrphanedReviewEvents does NOT synthesize for REVISE verdict (26.957584ms)
✔ findCompletedCodeReview honors artifact at attempt > 0 (12.241334ms)
✔ normal review flow (no crash) still works correctly (0.492625ms)
✔ reconcileOrphanedReviewEvents handles final review with PASS verdict (39.196208ms)
✔ buildReviewerSystemPrompt includes project standards when rules manifest exists (27.174291ms)
✔ buildReviewerSystemPrompt emits reviewer.rules_selected journal event (29.732125ms)
✔ buildReviewRequest user prompt does not include injected standards block (0.324084ms)
✔ runStepReview stub path does not emit reviewer.rules_selected (42.098917ms)
✔ isNoiseReviewScopePath matches runtime artifact paths (0.758708ms)
✔ filterReviewScopeNoise dedupes and drops noise (0.65775ms)
✔ resolvePlanReviewScopePaths returns PROMPT File Scope minus noise (1.948166ms)
✔ resolveReviewScopePaths plan uses task PROMPT file scope (1.953834ms)
✔ resolveReviewScopePaths final returns empty scope (0.095875ms)
✔ resolveCodeReviewScopePaths uses baseline..HEAD when baseline provided (826.964042ms)
✔ resolveCodeReviewScopePaths falls back to git diff --name-only without baseline (706.375541ms)
✔ resolveReviewScopePaths code honors injectable git runner (0.267916ms)
✔ resolveCodeReviewScopePaths returns empty array when git fails (0.096584ms)
✔ parseReviewLevel reads PROMPT heading (0.725667ms)
✔ isReviewTypeRequired follows Taskplane rubric (0.100125ms)
✔ formatReviewTimestamp strips separators from ISO time (4.945834ms)
✔ buildReviewArtifactPath uses step-timestamp pattern (0.283958ms)
✔ buildFinalReviewArtifactPath uses final-timestamp pattern (0.147292ms)
✔ normalizeVerdict maps enums by review type (0.0955ms)
✔ normalizeFinalVerdict and normalizeCodeVerdict are type-specific aliases (0.093584ms)
✔ parseReviewVerdict reads JSON and markdown verdicts (0.50375ms)
✔ parseReviewVerdict accepts PASS REVISE REPLAN when reviewType is final (0.081292ms)
✔ parseReviewVerdict step mode rejects final-only verdict enums (0.132084ms)
✔ parseFinalReviewVerdict accepts PASS, REVISE, and REPLAN (0.133ms)
✔ parseFinalReviewVerdict omits heading summary unlike parseReviewVerdict (0.093292ms)
✔ shouldRunCodeReview requires review level 2 or higher (0.068541ms)
✔ shouldRunFinalReview skips when review level is 0 (0.072208ms)
✔ DEFAULT_REVIEW_SPAWN_TIMEOUT_MS is 90 minutes (0.560916ms)
✔ honorReviewSpawnFailureWhenEligible honors final review when contract passed (15.732875ms)
✔ honorReviewSpawnFailureWhenEligible skips when contract failed (2.883667ms)
✔ honorReviewSpawnFailureWhenEligible honors code review with .DONE (1.9285ms)
✔ buildReviewerPiArgs includes --model when config pins reviewer (7.862417ms)
✔ buildReviewerPiArgs omits --model when reviewer model is inherit (4.081417ms)
✔ buildReviewerPiArgs uses per-type model override for matching reviewType (5.6885ms)
✔ buildReviewerPiArgs falls back to top-level reviewer pin when per-type block missing (5.02275ms)
✔ buildReviewerPiArgs cascades per-type inherit to top-level reviewer pin (2.023541ms)
✔ spawnReviewerPi fails closed when pi unavailable via SPINE_REVIEW_TEST_NO_PI (7.427917ms)
✔ buildReviewerChildEnv strips SPINE_WORKER_RUNNER from reviewer child env (0.891625ms)
✔ shouldBlockNestedReviewerSpawn false when only worker runner leaked on engine (0.521166ms)
✔ spawnReviewerPi allows engine spawn when worker runner leaked without journal attach (5.375333ms)
✔ shouldBlockNestedReviewerSpawn true inside live worker child session (0.180458ms)
✔ parseReviewLevel reads PROMPT heading (0.767041ms)
✔ isReviewTypeRequired follows Taskplane rubric (0.106458ms)
✔ buildReviewArtifactPath uses step-timestamp pattern (1.637583ms)
✔ buildFinalReviewArtifactPath uses final-timestamp pattern (0.20975ms)
✔ parseReviewVerdict reads JSON and markdown verdicts (0.558375ms)
✔ parseReviewVerdict accepts PASS REVISE REPLAN when reviewType is final (0.128417ms)
✔ parseReviewVerdict step mode rejects final-only verdict enums (0.104541ms)
✔ parseReviewVerdict accepts PASS REVISE REPLAN for final review type (0.061666ms)
✔ resolveBatchJournalContext ignores SPINE_BATCH_ID without SPINE_JOURNAL_ATTACH (0.20375ms)
✔ isJournalAttachBlocked honors SPINE_SUPPRESS_JOURNAL_ATTACH (0.068958ms)
✔ resolveBatchJournalContext blocked when attach suppressed (0.1045ms)
✔ runStepReview ignores SPINE_REVIEW_STUB_FAIL without stub mode (82.30775ms)
✔ runStepReview stub APPROVE writes artifact and journal events (61.096584ms)
✔ runStepReview stub REVISE returns exitCode 2 (18.659417ms)
✔ runStepReview fail-closed on stub spawn failure (26.64075ms)
✔ runStepReview skips when review level does not require type (6.379292ms)
✔ runStepReview final stub PASS writes final artifact path (6.8635ms)
✔ runStepReview final spawn failure exits non-zero at review level >= 1 (5.741458ms)
✔ runSpineReviewStep CLI --type final emits JSON verdict (25.53825ms)
✔ runSpineReviewStep CLI emits JSON verdict (54.296667ms)
✔ assertReviewToolAvailable fails closed without pi at review level > 0 (16.775166ms)
✔ runWorker fails closed when review tool unavailable at level > 0 (50.226542ms)
✔ stub worker stops when enforced review spawn fails (134.386792ms)
✔ DEFAULT_REVIEW_SPAWN_TIMEOUT_MS remains 90 minutes (backstop unchanged) (0.59025ms)
✔ runStepReview honors on-disk APPROVE while pi hangs — seconds not stall timeout (371.193667ms)
✔ resolveReviewerModelPin returns per-type override when set (0.72975ms)
✔ resolveReviewerModelPin falls back to top-level when per-type block missing (0.088625ms)
✔ resolveReviewerModelPin cascades per-type inherit to top-level pin (0.064667ms)
✔ resolveReviewerModelPin returns null for top-level inherit (0.048541ms)
✔ resolveReviewerModelPin returns null when reviewer block absent (0.049583ms)
✔ resolveReviewerThinkingPin returns per-type override when set (0.068625ms)
✔ resolveReviewerThinkingPin falls back to top-level when per-type block missing (0.053334ms)
✔ resolveReviewerThinkingPin cascades per-type inherit to top-level pin (0.041458ms)
✔ resolveReviewerThinkingPin returns null for off at any level (0.063375ms)
✔ resolveReviewerThinkingPin returns null when reviewer block absent (0.045625ms)
✔ resolveRulesManifestGeneratedAtMerge keeps newest generatedAt (0.762625ms)
✔ resolveRulesManifestGeneratedAtMerge fails when rules differ (0.087542ms)
✔ fingerprintRulesManifest ignores generatedAt (0.062042ms)
✔ mergeLaneToOrch clears generatedAt-only dirty rules-manifest before merge (3449.874208ms)
✔ mergeLaneToOrch auto-resolves generatedAt-only rules-manifest conflict (2637.753458ms)
✔ mergeLaneToOrch fails loud when rules[] differ (1746.338458ms)
✔ mergeLaneToOrch does not auto-resolve when other paths conflict (1280.218292ms)
✔ tryAutoResolveRulesManifestMergeConflict resolves in-progress merge (1096.242917ms)
✔ appendTaskMetric writes TaskMetricRecord JSONL line (15.4485ms)
✔ buildTaskMetricRecord includes laneNumber and durationMs when available (0.205792ms)
✔ buildTaskMetricRecord omits laneNumber when not a positive lane (0.115542ms)
✔ metrics.enabled false skips append without error (2.542625ms)
✔ resolveTaskMetricOutcome maps skipped_done_on_disk to skipped (0.175791ms)
✔ appendTaskMetric redacts secret-like fields and omits prompt text (15.838166ms)
✔ skipTaskDoneOnDisk records skipped task metric (38.949667ms)
✔ appendBatchMetric writes BatchMetricRecord JSONL line (20.06025ms)
✔ recordBatchTerminalMetric skips when metrics disabled (9.098417ms)
✔ dismissBatch appends batch metric line (1449.594959ms)
✔ spine metrics show filters by batch and formats table output (9.12475ms)
✔ spine metrics show CLI filters by batch id (240.481792ms)
✔ resolveSalvageConfig defaults autoCommitOnStall to false (0.650375ms)
✔ validateSpineConfig rejects non-boolean autoCommitOnStall (0.824291ms)
✔ recordTaskFailureSalvage with autoCommitOnStall commits scoped paths on lane branch (1570.891708ms)
✔ recordTaskFailureSalvage without autoCommitOnStall does not commit (1012.070125ms)
✔ salvage commit refuses merge_in_progress and index_conflicts (1644.744917ms)
✔ salvage commit refuses pre-commit hook failure (922.878209ms)
✔ atomic retry retains salvage WIP commit on lane branch (1005.71525ms)
✔ inspectLaneSalvage scopes porcelain to file scope and task folder (512.845417ms)
✔ recordTaskFailureSalvage journals inspection and writes evidence without committing (1194.155167ms)
✔ writeSalvageEvidence writes pretty JSON atomically without temp files (492.255917ms)
✔ startBatch worker failure with dirty scoped file emits salvage and diagnose hint (9940.41325ms)
✔ parseSequenceArgs honors --auto-approve-gate and --force (0.618167ms)
✔ spine run sequence --auto-approve-gate dry-run succeeds under stub (884.748333ms)
✔ spine run sequence --auto-approve-gate refused for real pi without --force (967.528667ms)
✔ spine run sequence --auto-approve-gate --force dry-run succeeds for real pi (1040.821459ms)
✔ validateSequenceAutoApproveGate allows stub mode without force (0.721709ms)
✔ validateSequenceAutoApproveGate blocks real pi without force (0.155792ms)
✔ validateSequenceAutoApproveGate allows real pi with force (0.07025ms)
✔ validateSequenceAutoApproveGate skips check when flag is false (0.068ms)
✔ buildSequenceAutoApproveDoctorCheck warns for real pi (0.081458ms)
✔ buildSequenceAutoApproveDoctorCheck passes for stub mode (0.062958ms)
✔ runSequence refuses auto-approve on dry-run for real pi (0.52375ms)
✔ runSequence allows auto-approve dry-run with force on real pi (0.182875ms)
✔ readCurrentBatchLogTail returns null for missing file (0.68325ms)
✔ readCurrentBatchLogTail filters to last batch session header (1.880375ms)
✔ readCurrentBatchLogTail returns full content when no header exists (0.665666ms)
✔ readCurrentBatchLogTail respects lineCount limit (0.521459ms)
✔ waitForSequenceBatchTerminal returns settled when batch completes before timeout (2425.303625ms)
✔ waitForSequenceBatchTerminal does not exit while engine PID is alive (4675.219667ms)
✔ waitForSequenceBatchTerminal returns failure diagnosis even with alive engine (1465.99075ms)
✔ isMergeBlockedBatchOutcome detects mixed-outcome and merge_blocked phases (0.662958ms)
✔ evaluateWaveTaskDependencies filters runnable tasks by satisfied deps (4.277959ms)
✔ formatSequenceWaveSkipMessage names blocked dependencies per §17.4 (0.237042ms)
✔ resolveWaveAfterMergeBlocked continues wave 1 and skips wave 2 tasks (0.173708ms)
✔ planSequenceWaveTasks skips wave when no deps are satisfied (0.139208ms)
✔ 3-wave sequence continues wave 1 after wave 0 merge_blocked and skips wave 2 (21017.145375ms)
✔ isPiSessionMetadataPath matches .pi session roots and children (1.215708ms)
✔ checkGitClean ignores untracked .pi/ session metadata (845.795709ms)
✔ checkGitClean still fails when non-.pi paths are dirty (905.58725ms)
✔ runSequence with only .pi/ dirty passes preflight (20533.602375ms)
✔ runSequence surfaces preflight failure on stderr-equivalent output (9093.172125ms)
✔ resolveResumeFromWave continues after last completed wave (0.635166ms)
✔ sequence persists fromWave, completedWaves, an
Coverage run aborted: 2 test failure(s).
