Contract testCommand failure log
Command: node --test tests/dashboard/snapshot.test.mjs && npm run coverage:check
Exit code: 1
Attempt: 2 of 2
Timestamp: 2026-07-07T00:08:21.932Z
Buffer overflow: no
---
✔ resolveLaneHeartbeatMeta reads latest lane heartbeat kind and phase (0.922583ms)
✔ formatLaneHeartbeatDisplay shows launching instead of age (0.103334ms)
✔ dashboard snapshot exposes launching heartbeat display from journal (1197.578416ms)
✔ buildDefaultViewStatus exposes gate missing affordance for needs_integrate (0.300959ms)
✔ idle snapshot diagnosis null matches reconcile (126.241333ms)
✔ running batch fixture has lanes and waves (791.948291ms)
✔ truncateWorktreePath keeps trailing segments (0.174583ms)
✔ classifyLaneStatus stale when heartbeat old (0.097417ms)
✔ classifyLaneStatus does not mark lane completed when doneInLane but cache pending under engine_orphaned (0.126833ms)
✔ buildWaveProgress marks prior waves completed (0.112083ms)
✔ buildWaveProgress marks last wave completed when all tasks terminal-success (0.074792ms)
✔ buildWaveProgress keeps in-flight current wave active (0.057167ms)
✔ resolveTailActivityFromJournal reads latest matching journal event (0.059291ms)
ℹ tests 13
ℹ suites 0
ℹ pass 13
ℹ fail 0
ℹ cancelled 0
ℹ skipped 0
ℹ todo 0
ℹ duration_ms 2251.23575

> pi-spine@1.7.0 coverage:check
> node scripts/run-coverage.mjs

✔ adoption fixture: init, plan, stub batch AD-001 creates .DONE (20565.569ms)
✔ adoption integration: REPLAN final verdict surfaces needs_replan diagnosis (18258.128625ms)
✔ worker.md documents spine tools, stall checkpoint, and coverage policy (0.842292ms)
✔ worker.md documents engine-owned code and final review after .DONE (0.348791ms)
✔ reviewer.md documents final PASS REVISE REPLAN verdicts (0.178541ms)
✔ worker-prompt tail aligns with worker.md commit and review conventions (0.121542ms)
✔ buildWorkerTailPrompt does not contradict worker.md on commit format (11.75775ms)
✔ buildAgentSessionWorkerPrompt includes review hint when level > 0 (1.952ms)
✔ buildWorkerPiArgs omits -ne when no pi-web-access conflict (16.107708ms)
✔ buildWorkerPiArgs includes -ne before -p when extension conflict detected (17.430583ms)
✔ formatPiExtensionConflictHint surfaces pi-web-access remediation (0.879ms)
✔ abortBatch archives batch-state before clearing active file (942.67425ms)
✔ abortBatch journals batch.aborted and preserves prior journal tail (1379.550584ms)
✔ abortBatch writes abort signal without killing on graceful abort (1191.685917ms)
✔ hard abort removes lane worktree when cleanup enabled (1069.717541ms)
✔ hard abort keeps worktree when cleanupOnHardAbort is false (947.489ms)
✔ abortBatch fails when no active batch (727.700917ms)
✔ mergeLaneToOrch auto-resolves disjoint adoption doc edits without force-merge (4321.637792ms)
✔ mergeLaneToOrch fails adoption doc merge with recovery commands when hunks overlap (3424.84925ms)
✔ formatAdoptionDocMergeFailure names file and wave recovery (0.208167ms)
✔ agent session abort failure journals lane.worker_abort_failed (1449.228625ms)
✔ formatAttachedMilestoneLine renders land-loop journal types (0.675708ms)
[spine] batch.started
[spine] task.started SP-343
[spine] task.completed SP-343
[spine] batch.merge_started wave=0
[spine] batch.merge_completed wave=0
[spine] gate.opened
[spine] gate.evidence_collecting
[spine] gate.evidence_completed
[spine] batch.completed
[spine] batch.land_loop_finalized

Batch started

Batch 20260707T000547 completed: SP-343 succeeded; merged to orch/spine-20260707T000547.
  → spine gate status
  → spine gate approve
  → spine integrate
  → spine batch complete

Batch 20260707T000547 ready to integrate orch branch to main

  → spine integrate

  Alternatives:
    • /spine-integrate
    • /spine-gate
    • spine status --diagnose

  Batch: 20260707T000547
  Task: SP-343
✔ runSpineBatch attached start returns integrate handoff without process.exit in tests (19175.797292ms)
✔ attached batch CLI subprocess exits after completed with stdout milestones (14454.303458ms)
✔ formatAttachedBatchCliResult includes diagnosis suggested command (0.373667ms)
✔ enforceAttachedEngineSingleOwner fails fast when engine PID is alive (1031.4925ms)
✔ enforceAttachedEngineSingleOwner orphans prior engine with --force (1272.249708ms)
✔ resumeBatch rejects second attached resume when engine PID is alive (1159.48475ms)
✔ resumeBatchDetached rejects spawn when attached engine PID is alive (713.010292ms)
✔ runAttachedBatchEngine blocks attached start when engine PID is alive (610.538917ms)
✔ isLastWaveIndex matches batch 20260618T000943 wave plan (3.214375ms)
✔ maybeFinalizeAfterWaveMerge opens gate for last-wave post-merge limbo (4663.331833ms)
✔ resumeMultiTaskBatch finalizes post-merge limbo even with stale engine pid (3455.378042ms)
✔ terminateStaleDetachedEngine still clears stale engine during post-merge limbo resume handoff (1435.535916ms)
✔ startBatch multi-wave attached path opens gate after wave 1 without resume (22967.771083ms)
✔ attached milestone types include batch.merge_blocked (0.652417ms)
✔ formatAttachedBatchCliResult prints merge failure headline and exits non-zero for merge_blocked (3642.319083ms)
✔ runAttachedBatchEngine streams merge_blocked milestone before merge failure CLI output (4649.443541ms)
✔ mergeEngineStateWithDiskPause adopts operator pause from disk (1488.29875ms)
✔ saveEngineBatchState does not clobber phase paused during heartbeat-style saves (1126.73275ms)
✔ enforceOperatorPauseOnDisk re-asserts paused after engine overwrite (3156.403292ms)
✔ pauseBatch confirms when attached engine heartbeat saves honor pause (2879.779917ms)
✔ batch 20260620T194352 fixture is post-merge limbo without gate (1244.273958ms)
✔ attemptPostMergeLandLoopHandoff finalizes in-process after SIGTERM-shaped limbo (3820.694833ms)
✔ finalizeAttachedPostMergeLimbo is idempotent when gate already open (3502.400042ms)
✔ resume after orphan_terminated journal opens gate for batch 20260620T194352 pattern (5137.509291ms)
✔ installAttachedEngineShutdownHandlers finalizes on SIGTERM without manual resume (4045.61ms)
✔ terminateStaleDetachedEngine during post-merge limbo still allows resume finalize (5399.8855ms)
✔ shouldAutoIntegrateAfterWave is false by default (0.589875ms)
✔ shouldAutoIntegrateAfterWave is true when configured and not last wave (0.079708ms)
✔ shouldAutoIntegrateAfterWave is false on last wave (0.050042ms)
✔ issue #25: retry unblocks failed phase when only pending tasks remain (7952.274875ms)
✔ issue #25: failed phase with pending-only limbo resumes without --force (4652.510916ms)
✔ retry keeps failed phase when other failed tasks remain (2328.836458ms)
✔ diagnosis suggests resume --force for failed-phase pending-only limbo (0.192083ms)
✔ parseSupersededReplacementIds extracts child task IDs (2.141583ms)
✔ assertBatchStartTasksNotSuperseded rejects superseded IDs (1814.451083ms)
✔ assertBatchStartTasksNotSuperseded allows pending IDs (1476.555708ms)
✔ assertBatchStartTasksNotSuperseded honors --force-superseded (1123.0615ms)
✔ resolveBatchStartScope rejects explicit superseded task IDs (798.647458ms)
✔ resolveBatchStartScope allows superseded IDs with forceSuperseded (899.835417ms)
✔ startBatch dry-run rejects superseded explicit scope (1050.741541ms)
✔ startBatch dry-run allows superseded scope with forceSuperseded (685.920167ms)
✔ parseBatchArgs maps --wave on start to waveFilter (0.819916ms)
✔ parseBatchArgs strips --wave value from scope for wave 0 (0.086ms)
✔ buildAttachedBatchStartArgv forwards waveFilter to detached engine (0.638916ms)
✔ startBatch dry-run with pending scope and --wave 0 selects planner wave 0 (1969.139542ms)
✔ startBatch dry-run with --wave selects planner wave task IDs (1621.875792ms)
✔ wave-filtered dry-run matches explicit wave task scope dry-run (1056.466959ms)
✔ complete handoff preserves newer active batch (073511 vs 073937 race) (12.152208ms)
✔ clearStaleTerminalBatchStateForStart removes completed batch-state pointer (4.600209ms)
✔ assertNoActiveBatch clears stale completed pointer before start handoff (6.085792ms)
✔ runBatchComplete clears active batch-state when no newer batch took over (4087.167792ms)
✔ new batch save replaces terminal completed cache with different batchId (20.3465ms)
✔ evaluateBatchStateWriteGuard rejects writes from non-owner live engine (15.11925ms)
✔ saveSpineBatchState rejects resurrecting archived batch cache (16.190166ms)
✔ resolveStallConfig defaults checkpoint warning and no file-scope grace extension (0.647833ms)
✔ file-scope mtime is activity only — does not extend stall deadline by default (0.204625ms)
✔ checkpoint signals extend grace; STATUS update moves deadline (0.068834ms)
✔ shouldEmitCheckpointWarning after activity without checkpoint threshold (0.109292ms)
✔ resolveScopedDirtyPaths limits porcelain to file scope and task folder (651.54625ms)
✔ lane.checkpoint_warning journal event and diagnose hints (35.189666ms)
✔ extractJournalDiagnosisHints omits stale checkpoint_warning older than 30 minutes (1.360125ms)
✔ collectProgressSignals includes dirtyPaths for scoped changes (899.14525ms)
✔ verifyContract uses base-satisfied when scope predates task PROMPT on base (3097.910875ms)
✔ verifyContract passes when scope is on base and lane has zero implementation diff (1729.545667ms)
✔ verifyContract fails base-satisfied scope when testCommand fails (6976.628542ms)
✔ verifyStubFileScopeMustChange passes when base already satisfies scope (3131.733ms)
✔ isBaseScopeSatisfied is false when base lacks scope changes (1740.318541ms)
✔ runFinalReviewPhase fails fast with contract_failed and does not consume finalAttempts (7820.70475ms)
✔ reconcileBatch surfaces contract_failed headline for failed task (3689.944833ms)
✔ verifyContract satisfies pre-landed fileScopeMustChange when testCommand and artifacts pass (2883.490584ms)
✔ verifyContract still fails pre-landed scope when testCommand fails (7122.439666ms)
✔ verifyStubFileScopeMustChange passes delivery-only STATUS when source scope pre-landed (2135.094208ms)
✔ verifyContract passes delivery-only STATUS.md fileScopeMustChange contract (2970.391ms)
✔ resolvePromptRelPath derives task PROMPT from spine-tasks delivery changes (944.669292ms)
✔ isFileScopePatternPrelanded detects scope changed on main after task intro (1827.884584ms)
✔ resolveTaskStartCommit ignores resumed task.started after same-task lane.committed (0.756875ms)
✔ verifyContract passes fileScopeMustChange after pause/retry/resume when lane commit exists (2220.030583ms)
✔ testCommand fails once then succeeds on retry — contract passes (159.759583ms)
✔ testCommand fails all retries — contract_failed as before (157.128541ms)
✔ retry count configurable via spine-config contract.testRetries (315.829708ms)
✔ failed output captured to .reviews/ directory (123.764167ms)
✔ no retry when testCommand succeeds first time (no performance cost) (94.28575ms)
✔ writeContractFailureLog creates log file with header (45.962375ms)
✔ writeContractFailureLog returns null when taskFolder is undefined (0.363292ms)
✔ CONTRACT_TEST_DEFAULT_RETRIES is 1 (0.099375ms)
✔ CONTRACT_TEST_RETRY_DELAY_MS is 5000 (0.119834ms)
✔ multiple failure logs captured across retry attempts (122.461ms)
✔ parseContract extracts stallTimeoutMinutes and extendGraceOnFileScope (1.293333ms)
✔ resolveTaskStallMinutes uses max of global, size floor, and contract override (0.117542ms)
✔ resolveStallConfigForTask applies contract stallTimeoutMinutes to stallTimeoutMs (0.12175ms)
✔ resolveStallConfigForTask honors contract extendGraceOnFileScope (0.0595ms)
✔ resolveWorkerPiTimeoutMs aligns with contract stall budget (0.097959ms)
✔ runWorker with contract stall override survives beyond global stall budget (scaled) (5287.634292ms)
✔ runWorker without contract override stalls at scaled global budget (5256.020334ms)
✔ isDeliveryArtifactPath accepts STATUS.md-only patterns (0.869833ms)
✔ isDeliveryArtifactPath accepts .DONE-only patterns (0.181875ms)
✔ isDeliveryArtifactPath accepts task-folder delivery globs (0.108125ms)
✔ isDeliveryArtifactPath rejects implementation and tasks-root paths (0.081875ms)
✔ isImplementationScopePattern detects source and tooling roots (0.05925ms)
✔ isStubDeliveryOnlyScope is true for delivery-only pattern sets (0.105834ms)
✔ isStubDeliveryOnlyScope rejects mixed implementation and delivery patterns (0.080917ms)
✔ isStubDeliveryOnlyScope rejects empty pattern lists (0.05625ms)
✔ isDeliveryArtifactPath honors custom tasksRoot (0.156667ms)
✔ resolveTaskStartCommit returns distinct start commits for serialized lane tasks (0.790667ms)
✔ resolveTaskStartCommit prefers task.started payload commit over prior lane.committed (0.100834ms)
✔ resolveTaskStartCommit returns null when task.started is missing (main...HEAD fallback) (0.067708ms)
✔ resolveTaskStartCommit resolves git HEAD at task.started timestamp when journal lacks commit (975.46675ms)
✔ CONTRACT_TEST_COMMAND_MAX_BUFFER exceeds legacy 256KB limit (0.567833ms)
✔ runContractTestCommand captures large stdout without killing child (100.947708ms)
✔ runContractTestCommand surfaces ENOBUFS with scoped testCommand guidance (61.855458ms)
✔ verifyContract reports buffer overflow with scoped testCommand guidance (5401.372875ms)
✔ buildContractTestEnv moves SPINE_BATCH_ID to SPINE_PARENT_BATCH_ID (0.583833ms)
✔ detectNestedWorkerContext blocks parent batch in lane worktree (0.23925ms)
✔ startBatch blocks nested spawn when SPINE_PARENT_BATCH_ID set in lane worktree (34.540959ms)
✔ buildContractTestEnv allows isolated fixture batch start without parent batch id (4.254167ms)
✔ listChangedFiles with sinceCommit scopes diff to commits after anchor (1681.139125ms)
✔ listChangedFiles without sinceCommit preserves baseBranch...HEAD (929.817709ms)
✔ verifyContract with sinceCommit ignores prior same-lane task fileScopeMustNotChange violations (1790.858042ms)
✔ verifyContract without sinceCommit preserves cumulative lane branch behavior (778.022167ms)
✔ buildContractTestEnv removes worker-only keys (0.631417ms)
✔ runContractTestCommand subprocess does not inherit SPINE_IS_WORKER (119.345666ms)
✔ verifyContract testCommand passes under worker env when subprocess is sanitized (126.46975ms)
✔ verifyContract passes when testCommand exits 0 (48.795042ms)
✔ verifyContract fails when testCommand exits non-zero (64.966834ms)
✔ verifyContract checks artifactsMustExist paths in worktree (96.757667ms)
✔ verifyContract expands glob patterns in artifactsMustExist (111.619833ms)
✔ verifyContract returns ok with empty checks when contract has no verify fields (91.9595ms)
✔ verifyContract enforces fileScopeMustChange and fileScopeMustNotChange (1396.9195ms)
✔ verifyContract checks minLineCoverage from command output (86.205041ms)
✔ shouldRunContractVerify skips legacy TP-* tasks and absent contract sections (0.261291ms)
✔ matchesContractPattern supports glob paths (0.194333ms)
✔ parseAggregateLineCoverage parses coverage table rows (0.115333ms)
✔ SP-193-shaped placeholder contract fails validateContract in required mode (1.480458ms)
✔ verifyContract passes SP-193-shaped contract when scoped files changed (2271.83275ms)
✔ fileScopeMustChange trailing-slash pattern matches files under directory prefix (1750.451292ms)
✔ fileScopeMustChange trailing-slash pattern fails when no files under prefix changed (2435.596333ms)
✔ fileScopeMustChange exact-path and glob behavior preserved alongside trailing-slash (1848.432458ms)
✔ waitForDetachedBatchResume waits for integrate gate after batch completes (1084.623417ms)
✔ waitForDetachedBatchResume completes without gate when integrate gate not required (662.752084ms)
✔ prepareDetachedResumeEngineHandoff terminates stale engine before resume spawn (89.42425ms)
✔ resolveDefaultResumeWaitTerminal returns true for engine_orphaned without flags (0.656666ms)
✔ resolveDefaultResumeWaitTerminal respects explicit flags (0.083875ms)
✔ detectPostMergeLimboForResume matches journal-only limbo for batch 20260629T210738 (3357.690125ms)
✔ postMergeLimbo diagnosis suggests spine batch resume --force (0.304875ms)
✔ resumeBatchDetached --force finalizes journal-only limbo without spawning engine (7179.450791ms)
✔ detached batch start opens integrate gate after stub engine completes (13835.856959ms)
✔ timeout_waiting_for_batch with dead enginePid reconciles as engine_orphaned not running (3758.217542ms)
✔ startBatchDetached persists spawn enginePid before wait on timeout failure path (32522.660875ms)
✔ parseBatchArgs defaults to detached start (attached flag off) (0.885667ms)
✔ parseBatchArgs --attached opts into foreground engine (0.079792ms)
✔ buildAttachedBatchStartArgv forwards scope and skip-preflight (0.673417ms)
✔ formatDetachedBatchStartOutput includes monitor hints (0.284334ms)
✔ batch start returns quickly and runs engine in background (16530.690292ms)
✔ parseBatchArgs resume defaults to detached (attached flag off) (0.150417ms)
✔ buildAttachedBatchResumeArgv forwards force (0.077042ms)
✔ formatDetachedEngineOutput includes resume wording (0.090583ms)
✔ waitForDetachedBatchResume returns engine_started by default (878.576209ms)
✔ waitForDetachedBatchResume with waitTerminal returns resume_completed (1587.279916ms)
✔ collectDetachedFailureDiagnostics includes task.failed summary and log tails (555.870625ms)
✔ parseBatchArgs accepts --wait-terminal (0.165083ms)
✔ batch resume returns quickly and runs engine in background (10741.710666ms)
✔ inferLaunchFailureKind ignores DirtyWorktree exitReason (0.687166ms)
✔ buildHeadline prefers DirtyWorktree over worker launch (0.3535ms)
✔ buildSuggestedCommand for DirtyWorktree suggests coverage cleanup and retry (0.171917ms)
✔ buildHeadline surfaces review_exhausted primary failure (0.115125ms)
✔ buildSuggestedCommand for review_exhausted suggests batch retry (0.047084ms)
✔ buildHeadline surfaces contract_failed primary failure (0.0645ms)
✔ buildSuggestedCommand for contract_failed suggests PROMPT edit and retry (0.058875ms)
✔ buildDiagnosisOutput bundles primary failure class without launch headline (0.139625ms)
✔ reconcileBatch aligns hasFailedTasks with segment drift and DirtyWorktree headline (3814.842458ms)
✔ reconcileBatch diagnoses review_exhausted from failed task exitReason (3936.881209ms)
✔ buildHeadline surfaces PI_SPINE_ROOT launch failure (0.87375ms)
✔ buildHeadline surfaces lane commit failures after worker completion (0.102416ms)
✔ buildSuggestedCommand prefers spine doctor for launch failures (0.220167ms)
✔ inferLaunchFailureKind reads worker output hints from journal (0.18525ms)
✔ extractJournalDiagnosisHints prioritizes setup hook and merge blocked events (1.241042ms)
✔ formatMixedOutcomeMessage lists succeeded tasks and spine batch retry guidance (0.172792ms)
✔ reconcileBatch diagnoses launch failure wave from fixture (3908.77325ms)
✔ buildDiagnosisOutput bundles launch failure headline and command (0.193792ms)
✔ DIAGNOSIS_TAXONOMY includes worker_orphaned distinct from needs_retry (0.632083ms)
✔ inferLaunchFailureFromWorkerOutputTail reads PI_SPINE_ROOT hints from log tail (0.1215ms)
✔ buildSuggestedCommand prefers abort for ghost running cluster (0.1575ms)
✔ buildHeadline surfaces worker_orphaned launch failure from worker output context (0.253ms)
✔ worker_orphaned after plan review nested_spawn_blocked suggests batch retry (0.098375ms)
✔ dead lane workerPid diagnoses worker_orphaned not needs_retry (3866.305833ms)
✔ dead workerPid after lane.completed does not diagnose worker_orphaned (3869.609542ms)
✔ worker_orphaned enriches launch headline from worker output log without task.failed (3136.291416ms)
✔ multiple ghost running tasks on one lane prefer spine batch abort (3830.84325ms)
✔ segment drift still diagnoses needs_retry (1606.34525ms)
✔ buildDiagnosisOutput bundles worker_orphaned headline and command (0.200125ms)
✔ isRunningWithoutActiveWorkers is false when workers are active (0.644958ms)
✔ isRunningWithoutActiveWorkers detects all-terminal tail state (0.07075ms)
✔ buildRunningTailHeadline maps macroPhase merging to operator text (0.2ms)
✔ buildRunningTailHeadline maps gating / post-merge limbo (0.111ms)
✔ buildHeadline preserves generic running when workers are active (0.206083ms)
✔ deriveMacroPhase uses journal merge tail when diagnosis is running without workers (0.263667ms)
✔ deriveMacroPhase stays executing when workers are active (0.07325ms)
✔ tail-state fixture reconciles without bare is running headline (3639.235833ms)
✔ tail-state headline matches batch 20260701T031142 shape via buildHeadline (0.200167ms)
✔ isCoverageArtifactPath matches extension/coverage and root coverage dirs (0.644167ms)
✔ isPathInFileScope matches exact paths and directory prefixes (0.119625ms)
✔ filterOutOfScopeCoveragePorcelain drops modified coverage outside file scope (0.152458ms)
✔ filterOutOfScopeCoveragePorcelain keeps in-scope coverage modifications (0.063209ms)
✔ restoreOutOfScopeCoverageArtifacts resets tracked coverage files (1587.254041ms)
✔ resolvePostLaneCommitPorcelain restores and filters out-of-scope coverage (1877.092667ms)
✔ commitLaneAndValidateWorktree succeeds when only out-of-scope coverage is dirty (2988.757167ms)
✔ commitLaneAndValidateWorktree fails when dirty without .DONE (1940.209834ms)
✔ isWorktreeDeletionPorcelainLine matches unstaged deletions (0.644208ms)
✔ isSymlinkOnlyDriftPorcelain is true only for deletion-only porcelain (0.105833ms)
✔ filterSetupHookSymlinkDriftPorcelain clears deletion-only drift (0.068916ms)
✔ parseLaneWorktreeIdentity extracts batch and lane from worktree path (0.611291ms)
✔ resolvePostLaneCommitPorcelain repairs hook symlink drift (3700.888666ms)
✔ commitLaneAndValidateWorktree succeeds when hook symlink drifts after PASS (3139.54375ms)
✔ dismissBatch kills live stub worker PID and journals lane.worker_terminated (3997.225583ms)
✔ shouldRunCodeReview requires review level 2 or higher (0.60275ms)
✔ findCodeReviewStepNumber prefers step with code review checkpoint (18.881958ms)
✔ findCompletedCodeReview honors journal review.completed code APPROVE (13.189542ms)
✔ findCompletedCodeReview honors step artifact APPROVE for code review step (29.213208ms)
✔ runTaskOnLane runs engine code review for RL2 without worker nested spawn (9285.649667ms)
✔ runTaskOnLane skips engine code review when review level is 0 (7327.309708ms)
✔ runTaskOnLane skips engine code review when review level is 1 (6423.319166ms)
✔ runTaskOnLane honors journal review.completed code APPROVE without duplicate spawn (6137.559416ms)
✔ runTaskOnLane re-invokes worker after code REVISE and succeeds on APPROVE (11271.710584ms)
✔ resolveReviewSpawnTimeoutMs aligns with stall budget for M tasks (0.6735ms)
✔ runStepReview journals review.failed with review_timeout on hung spawn (324.055625ms)
✔ async reviewer spawn does not block the event loop while waiting for timeout (329.741834ms)
✔ startBatch opens integrate gate before batch.completed journal event (12682.226625ms)
✔ startBatch serializes multiple tasks on one physical lane (18168.733542ms)
✔ startBatch runs disjoint-scope tasks on separate lanes in parallel (9940.502291ms)
✔ startBatch records lane commit before task.completed (13097.500584ms)
✔ runTaskOnLane emits task.failed not task.completed when lane commit fails (6372.355958ms)
✔ validateSpineConfig accepts worktreeSetupIgnorePaths (0.271291ms)
✔ engine_orphaned diagnosis suggests retry when task id known, attached resume otherwise (0.668875ms)
✔ dead engine with phase running passes validateMultiTaskResume without pause (2224.774291ms)
✔ running phase with live engine pid rejects resume without force (2551.732917ms)
✔ reconcile engine_orphaned recommends attached resume for batch 20260618T191236 pattern (2768.909584ms)
✔ engine_orphaned with failedTaskId suggests retry (SP-315) (0.663375ms)
✔ reconcileOrphanRunningState transitions running task to failed with journal events (2001.478125ms)
✔ retryTask succeeds on orphan without manual pause (issue #20 trap) (2530.428791ms)
✔ diagnose then retry: suggestedCommand matches working recovery path (3149.240042ms)
✔ resume --force allowed after orphan reconcile when phase was running (1618.9ms)
✔ terminateStaleDetachedEngine SIGTERM stale pid on failed resume (97.478917ms)
✔ runStepReview honors existing final PASS without re-spawn (101.312041ms)
✔ runStepReview skips review.failed journal when batch already completed (105.301084ms)
✔ startBatch lane branch has commit before merge when stub touches files (13224.937542ms)
✔ startBatch completes single task with stub worker (9074.998833ms)
✔ isExplicitBatchScope treats pending as explicit (0.185375ms)
✔ startBatch all dry-run allows multi-wave pending backlog (387.546375ms)
✔ startBatch pending dry-run excludes done tasks (391.340875ms)
✔ startBatch all fails when every task has .DONE (360.029375ms)
✔ startBatch skips worker when .DONE exists on disk (3030.880833ms)
✔ resolveBatchStartScope normalizes all to pending IDs (264.905041ms)
✔ startBatch explicit IDs still allow multi-wave when scope is not bare all (440.418791ms)
✔ startBatch completes two-lane wave with stub workers (9217.008ms)
✔ startBatch blocks merge on mixed outcomes (6000.466625ms)
✔ assessWaveMergeEligibility blocks failed and pending tasks (0.364375ms)
✔ collectCoreEvidenceBundle writes summary without complete marker (4071.142292ms)
✔ openIntegrateGate persists gate before extended evidence and journals milestones (2319.57ms)
✔ openIntegrateGate keeps gate when extended evidence command fails (2677.771375ms)
✔ collectExtendedEvidenceBundle appends to existing refs (2282.46025ms)
✔ parseEvidenceCommandArgv accepts npm run test (1.27075ms)
✔ parseEvidenceCommandArgv preserves quoted arguments (0.118667ms)
✔ parseEvidenceCommandArgv rejects shell command chaining (0.273125ms)
✔ parseEvidenceCommandArgv rejects unknown binary (0.07575ms)
✔ runEvidenceCommand executes allowlisted argv without shell (136.016042ms)
✔ runEvidenceCommand rejects malicious config strings (0.626875ms)
✔ runEvidenceCommand skips empty command (0.2955ms)
✔ runEvidenceCommand rejects disallowed build binary (0.2805ms)
✔ parseEvidenceCommandArgv rejects subshell injection (0.208417ms)
✔ collectEvidenceBundle writes summary and .complete marker atomically (4272.408291ms)
✔ collectEvidenceBundle writes rejected output for unsafe testing.test (1660.767666ms)
✔ findCompletedFinalReview honors journal review.completed final PASS (12.177083ms)
✔ findCompletedFinalReview honors latest final artifact PASS (8.129417ms)
✔ runTaskOnLane honors pre-existing worker final review without spawn failure (8426.154958ms)
✔ runTaskOnLane honors journal review.completed final PASS without duplicate spawn (6709.656042ms)
✔ parseFinalReviewVerdict accepts PASS, REVISE, and REPLAN (0.954583ms)
✔ shouldRunFinalReview skips when review level is 0 (0.089625ms)
✔ runTaskOnLane skips final review when review level is 0 (8563.117542ms)
✔ runTaskOnLane journals task.verdict_recorded on PASS final review (6651.674584ms)
✔ runTaskOnLane re-invokes worker after REVISE and succeeds on PASS (11261.530583ms)
✔ runTaskOnLane caps REVISE at maxFinalAttempts with review_exhausted (15673.901917ms)
✔ runTaskOnLane fails with needs_replan and does not keep .DONE (5369.9725ms)
✔ mergeWaveLanesToOrch blocks when a wave task has exitReason needs_replan (154.968458ms)
✔ runEngineFinalReview stub writes final artifact path (1.254959ms)
✔ isUnscopedFlutterAnalyzeSegment detects bare and compound analyze commands (0.795791ms)
✔ isUnscopedFlutterAnalyzeCommand handles compound shell commands (0.134542ms)
✔ isFlutterAnalyzeTestCompoundCommand matches analyze plus test (0.105208ms)
✔ shouldCleanFlutterBuildBeforeAnalyze respects config opt-out (0.072125ms)
✔ sanitizeFlutterBuildBeforeAnalyze removes polluted build directory (406.329333ms)
✔ sanitizeFlutterBuildBeforeAnalyze is no-op when build is absent (221.758208ms)
✔ prepareContractVerifyEnvironment removes polluted build for compound analyze command (255.436875ms)
✔ polluted build does not fail verify after hygiene (533.519542ms)
✔ verifyContract cleans polluted build before unscoped flutter analyze testCommand (869.72375ms)
✔ buildTaskScorecard lists task rows (0.732292ms)
✔ openIntegrateGate persists pending gate and journals gate.opened (2259.418ms)
✔ collectEvidenceBundle writes summary and diff-stat (2967.858709ms)
✔ approve and reject enforce gate FSM (2179.073667ms)
✔ rejectIntegrateGate journals gate.rejected (1341.391583ms)
✔ checkIntegrateGate blocks until approved (exit 2) (1520.227416ms)
✔ integrateOrchToBase fails with exit 2 when gate pending (1492.796125ms)
✔ integrateOrchToBase succeeds after gate approval (2331.784917ms)
✔ force integrate requires SPINE_ALLOW_FORCE=1 (309.478167ms)
✔ openIntegrateGateAfterBatchComplete skips non-completed batches (257.422708ms)
✔ runSpineGate CLI approve updates gate record (1333.62825ms)
✔ isGitignoredArtifactPath matches extension/coverage and node_modules (0.677166ms)
✔ listGitignoredArtifactRoots deduplicates nested artifact dirs (0.653583ms)
✔ sanitizeGitignoredArtifactsBeforeLaneCommit removes worktree-only coverage (1191.408958ms)
✔ sanitizeGitignoredArtifactsBeforeLaneCommit skips when disabled (862.583125ms)
✔ commitLaneAndValidateWorktree succeeds when only extension/coverage is gitignored dirty (1340.534291ms)
✔ commitLaneAndValidateWorktree succeeds when only node_modules is gitignored dirty (1922.737583ms)
✔ sanitizeGitignoredArtifactsBeforeLaneCommit does not clean index-tracked gitignored paths (688.560667ms)
✔ commitLaneWorktree still fails for index-tracked gitignored coverage (694.149709ms)
✔ classifyGitignoredPaths returns empty arrays for empty input (630.931917ms)
✔ classifyGitignoredPaths detects index-tracked gitignored paths (1216.112167ms)
✔ classifyGitignoredPaths detects worktree-only gitignored paths (531.12375ms)
✔ classifyGitignoredPaths handles mixed index-tracked and worktree-only (921.851417ms)
✔ formatGitignoredRemediationMessage: worktree-only does not suggest git rm --cached (0.335167ms)
✔ formatGitignoredRemediationMessage: index-tracked suggests git rm --cached (0.057375ms)
✔ formatGitignoredRemediationMessage: mixed suggests both remediation paths (0.052625ms)
✔ commitLaneWorktree: worktree-only gitignored does not suggest git rm --cached (1595.853583ms)
✔ commitLaneWorktree: index-tracked gitignored still suggests git rm --cached (1021.048583ms)
✔ regression: SP-011 worktree-only coverage after npm test does not suggest git rm --cached (531.108666ms)
✔ isGitignoredArtifactPath matches graphify-out hook output (0.615791ms)
✔ listGitignoredArtifactRoots deduplicates nested graphify-out paths (0.7805ms)
✔ sanitizeGitignoredArtifactsBeforeLaneCommit removes worktree-only graphify-out (1392.592666ms)
✔ commitLaneAndValidateWorktree succeeds when only graphify-out is gitignored dirty (1181.4245ms)
✔ resolveHeartbeatKind marks launching as worker_alive only (0.855083ms)
✔ shouldEmitCheckpointWarning skips launching phase (0.172416ms)
✔ buildHeartbeatPayloadFields omits stale checkpoint signals during launching (0.08725ms)
✔ recordLaneHeartbeat journals kind and phase (440.02275ms)
✔ runWorker launching heartbeat does not journal stale STATUS mtime on fast-fail retry (5308.492541ms)
✔ resolveStallConfig applies lane overrides (0.175375ms)
✔ progressSignalsChanged detects STATUS mtime updates (196.597167ms)
✔ computeStallDeadline extends past hard timeout after progress (0.115125ms)
✔ stall false positive avoided when STATUS updates extend deadline (I-01) (0.121167ms)
✔ findLatestStepCompletedMs returns newest matching task.step_completed (0.093666ms)
✔ progressSignalsChanged detects journal task.step_completed (silent tools) (174.629542ms)
✔ activitySignalsChanged detects file-scope mtime updates (FR-WORK-10 / FR-STALL-02) (220.352042ms)
✔ startBatch records lane.heartbeat during stub worker delay (9098.564875ms)
✔ startBatch persists baseBranchHeadAtStart and journals batch.base_snapshot (9060.515666ms)
✔ isFastForwardCapableIntegrate detects orch ahead of main (#93) (1793.205542ms)
✔ integrateOrchToBase fast-forwards when orch is strictly ahead (#93 batch 20260702T071449) (4039.254166ms)
✔ integrateOrchToBase fast-forwards with generatedAt-only rules-manifest drift on main (#93) (3023.608042ms)
✔ recordBatchBaseSnapshot stores head sha and journals batch.base_snapshot (381.8855ms)
✔ integrateOrchToBase succeeds with uncommitted edits on main (2960.238333ms)
✔ integrateOrchToBase conflict path leaves human checkout and files unchanged (2679.187542ms)
✔ integrateOrchToBase succeeds with uncommitted edits on feature branch (non-base) (2594.228458ms)
✔ integrateOrchToBase dry-run advertises isolated merge plan (756.652292ms)
✔ resolveRulesManifestIntegrateDrift restores main when worker manifest matches orch (#22) (1083.641209ms)
✔ integrateOrchToBase succeeds with worker manifest drift on main matching orch (#22) (3157.697792ms)
✔ resolveRulesManifestIntegrateDrift blocks unrelated dirty files on main (596.088958ms)
✔ resolveRulesManifestIntegrateDrift blocks substantive manifest drift not matching orch (556.088209ms)
✔ resolveRulesManifestIntegrateDrift still clears generatedAt-only drift on main (594.570958ms)
✔ resolveRulesManifestIntegrateDrift clears generatedAt-only dirty manifest on main (1110.614083ms)
✔ integrateOrchToBase succeeds with dirty generatedAt-only rules-manifest on main (3112.915625ms)
✔ inspectHumanBaseSync reports integrate_isolated_ok after plumbing integrate leaves HEAD behind (4660.854584ms)
✔ inspectHumanBaseSync reports human_base_diverged when human commits overlap orch paths (1849.639ms)
✔ spine sync-base CLI merges landed main into feature branch (3757.094625ms)
✔ DEFAULT_SYNC_TIMEOUT_MS is 60 seconds (0.592334ms)
✔ syncPlumbingMergePathsToWorktree returns ok: true on successful sync (614.944958ms)
✔ syncPlumbingMergePathsToWorktree returns ok: false with timedOut on timeout (355.754459ms)
✔ integrateOrchToBase emits integrate.failed with IntegrateTimeout on sync timeout (2304.583791ms)
✔ successful integrate still emits integrate.completed (regression) (2439.754083ms)
✔ partial sync failure returns ok: false with correct failureClass from integrateOrchToBase (2578.580959ms)
✔ syncPlumbingMergePathsToWorktree succeeds when worktree has paths not in HEAD (728.078792ms)
✔ syncPlumbingMergePathsToWorktree restores paths that exist in merge commit (650.914834ms)
✔ syncPlumbingMergePathsToWorktree skips diff paths absent from merge commit (484.92725ms)
✔ assertOrchIntegratable refuses empty orch when mergeResults claim success (258.982417ms)
✔ assertOrchIntegratable requires integrate when orch is ahead of base (366.137792ms)
✔ reconcileBatch reports needs_integrate when batch completed but orch not on main (1222.065917ms)
✔ completeBatch refuses when orch is ahead but not integrated (1547.889167ms)
✔ integrateOrchToBase merges orch into main and journals events (2761.871375ms)
✔ integrateOrchToBase dry-run does not change main HEAD (646.804833ms)
✔ completeBatch succeeds after integrate lands orch on main (4020.589667ms)
✔ integrateOrchToBase aborts merge on conflict and restores checkout (2411.95975ms)
✔ integrateOrchToBase fails when batch state is missing (0.271958ms)
✔ runSpineIntegrate CLI succeeds when orch tip already matches main (443.197334ms)
✔ PRD §20.2 planner yields wave0 {A,C} and wave1 {B} (323.857292ms)
✔ PRD §20.2 two-lane stub batch completes ABC waves (15802.945042ms)
✔ PRD §20.2 mixed-outcome blocks merge; retry resets wave B for resume (12379.529916ms)
✔ runStepReview with worker attach env does not journal when attach suppressed (8.833375ms)
✔ runSpineReviewStep with worker attach env does not journal when attach suppressed (2.867875ms)
✔ runSpineReportProgress with worker attach env does not journal when attach suppressed (1.021458ms)
✔ readJournalEventsCached returns same events as readJournalEvents (32.155791ms)
✔ readJournalEventsCached returns cached copy on second call without file change (17.086833ms)
✔ readJournalEventsCached invalidates when file mtime changes (14.533708ms)
✔ readJournalEventsCached returns empty array for missing file (1.113083ms)
✔ clearJournalCache forces re-read on next call (8.030792ms)
✔ invalidateJournalCache with matching path clears cache (7.684125ms)
✔ invalidateJournalCache with non-matching path preserves cache (8.57775ms)
✔ readJournalEventsCached handles transition from missing to existing file (11.274ms)
✔ readJournalEventsCached handles switch between different batch IDs (13.545417ms)
✔ runSpineJournal replay exits non-zero when journal missing (2.898125ms)
✔ runSpineJournal replay prints human table (16.358083ms)
✔ runSpineJournal replay --json returns events array (10.209584ms)
✔ exportJournalJsonl returns null when journal missing (2.916084ms)
✔ runSpineJournal export exits non-zero when journal missing (0.979542ms)
✔ runSpineJournal export writes jsonl to stdout (16.012542ms)
✔ runSpineJournal export --output writes file (9.28825ms)
✔ exportJournalMarkdown returns null when journal missing (4.738083ms)
✔ formatJournalMarkdownTimeline produces stable table shape (1.99575ms)
✔ formatJournalMarkdownTimeline escapes pipe characters in summary (0.099333ms)
✔ runSpineJournal export markdown exits non-zero when journal missing (2.025709ms)
✔ runSpineJournal export writes markdown to stdout (48.394375ms)
✔ runSpineJournal export markdown --output writes file (29.780417ms)
✔ detectBatchStateDrift flags running cache when reconcile sees doneInLane without journal terminal (0.885458ms)
✔ deriveStructuralBatchStateFromJournal rebuilds multi-lane skeleton without cache seed (2.83925ms)
✔ resume-parallel-lane-orphan fixture: journal-only rebuild marks resumed tasks running (0.838917ms)
✔ orphan-running-resume fixture: structural + lifecycle rebuild without seed (0.369209ms)
✔ pidless-ghost-running fixture: post-resume task.started wins over historical failure (0.464334ms)
✔ resume-orphan-historical-failure fixture: rebuild ignores pre-resume failure for active task (0.445625ms)
✔ retry-clears-failed-classification fixture: rebuild fixes stale failed cache (0.568208ms)
✔ retry-clears-failed-classification fixture: detectBatchStateDrift flags cache vs journal (0.645708ms)
✔ incident fixtures rebuild from disk matches in-memory journal rebuild (309.672834ms)
✔ readJournalTimeline filters task and batch lifecycle events (0.5945ms)
✔ rebuildBatchStateFromJournal applies task.completed over stale failed cache (0.976209ms)
✔ detectBatchStateDrift flags journal completed vs cache failed (0.280959ms)
✔ detectBatchStateDrift ignores incomplete journal when cache failed (0.096833ms)
✔ incident orphan-running fixture: journal timeline is readable (380.846167ms)
✔ appendJournalEvent writes schema v1 with ISO timestamp and payload (51.380167ms)
✔ readLastTaskFailedEvent returns most recent task.failed (33.370709ms)
✔ redactSecrets masks sensitive keys (0.184875ms)
✔ capPayloadSize truncates oversized payloads (0.134ms)
✔ normalizeJournalEvent upgrades legacy lines (0.085458ms)
✔ readJournalEvents reads mixed legacy and v1 lines (12.124458ms)
✔ extractJournalDiagnosisHints surfaces failure events from tail (0.479792ms)
✔ commitLaneWorktree commits dirty worktree when .DONE exists (844.398083ms)
✔ commitLaneWorktree fails loud when dirty without .DONE (330.787208ms)
✔ filterPorcelain drops lines matching ignore patterns by full path (0.272667ms)
✔ filterPorcelain drops lines matching ignore patterns by basename (0.067708ms)
✔ filterPorcelain keeps rename targets when only source matches ignore (0.058791ms)
✔ filterPorcelain returns empty for empty input (0.04525ms)
✔ mergeLaneToOrch rejects empty merge when lane commits were required (563.378583ms)
✔ mergeLaneToOrch prefers orch for conflicts outside lane file scope (1411.548667ms)
✔ mergeLaneToOrch does not auto-resolve in-scope lane conflicts (1264.516167ms)
✔ dismiss archives batch-state before clearing active file (1284.210583ms)
✔ complete with --detect-manual-merge succeeds when orch merged to main (1414.785333ms)
✔ complete refused when mergeResults succeeded but orch not on main (4796.326542ms)
✔ dismiss refused when diagnosis is running without --force (1244.501583ms)
✔ isPostMergeLimbo is true when tasks and merges succeeded with open orch branch (0.69775ms)
✔ isPostMergeLimbo rejects non-running or ended batches (0.094625ms)
✔ isPostMergeLimbo rejects empty or partial task/merge state (0.0715ms)
✔ isPostMergeLimbo respects git orch branch signals (0.064375ms)
✔ isPostMergeLimbo rejects null or non-object state (0.057333ms)
✔ resolveWorkerOutputConfig defaults live log streaming off (0.661667ms)
✔ workerLiveLogPath matches runtime layout (0.082291ms)
✔ truncateLiveLogBytes applies truncation marker when over cap (0.163ms)
✔ appendWorkerLiveLogChunk redacts secrets and enforces byte cap (10.014041ms)
✔ createWorkerLiveLogWriter returns null when streaming disabled (0.197792ms)
✔ runWorker streams subprocess stub output to live log when enabled (5051.909208ms)
✔ runWorker skips live log when streamWorkerOutputLive is false (5071.985667ms)
✔ runWorker still writes terminal failure log when live streaming enabled (5091.709334ms)
✔ startAgentSessionWorker flushes transcript chunks to live log (12.188667ms)
✔ appendWorkerLiveLogChunk rolls file with truncation marker when over max bytes (2.275375ms)
✔ MACRO_PHASES exports all eleven lifecycle values (1.289083ms)
✔ deriveMacroPhase: idle when no batch signals (0.126708ms)
✔ deriveMacroPhase: planning from batch phase (0.139875ms)
✔ deriveMacroPhase: executing for active running batch (0.103833ms)
✔ deriveMacroPhase: merging phase and needs_merge diagnosis (0.071709ms)
✔ deriveMacroPhase: reviewing when review.started is open (0.150208ms)
✔ deriveMacroPhase: gating for pending gate or post-merge limbo (0.09375ms)
✔ deriveMacroPhase: integrating for needs_integrate and open integrate.started (0.075584ms)
✔ deriveMacroPhase: completed, failed, aborted, paused terminal phases (0.073292ms)
✔ fixture running-batch.json reconciles to executing macro-phase (1247.339958ms)
✔ fixture taskplane-executing.json maps to executing (0.330292ms)
✔ fixture needs-retry-batch.json maps to failed macro-phase (1330.559625ms)
✔ fixture limbo-stale maps to completed macro-phase (1307.895333ms)
✔ all macro-phase enum values are reachable via deriveMacroPhase (0.240709ms)
✔ recordMergeBlocked sets terminal merge_blocked phase and clears enginePid (293.628708ms)
✔ reconcileBatch diagnoses merge_blocked as failed merge, not needs_merge (1363.894959ms)
✔ legacy merging phase with endedAt and failed mergeResults reconciles as failed (1353.297333ms)
✔ findResumableWave skips succeeded merged waves when later wave has pending tasks (0.764125ms)
✔ validateMultiTaskResume allows force resume from merge_blocked (925.834ms)
✔ buildSuggestedCommand recommends resume --force for merge_blocked phase (0.2935ms)
✔ summarizeMergeFailures extracts failed wave and lane from mergeResults (0.706458ms)
✔ buildMergeFailureHeadline uses 1-based wave number and lane label (0.159625ms)
✔ buildHeadline for failed diagnosis surfaces merge conflict instead of zero failed tasks (0.228084ms)
✔ buildSuggestedCommand for merge failure suggests resume --force (0.140042ms)
✔ buildDiagnosisOutput bundles merge failure headline and command (0.16425ms)
✔ reconcileBatch surfaces merge failure fields distinct from failedTasks (1338.586041ms)
✔ spine status --json includes merge failure fields for monitors (1398.437208ms)
✔ spine status --diagnose prints merge failure details in text output (1292.969917ms)
✔ filterGitignoredPaths separates ignored and stageable paths (259.873625ms)
✔ gitAddFilteredPaths skips gitignored paths without failing (384.746583ms)
✔ mergeLaneToOrch succeeds when task branch committed gitignored coverage (1997.822917ms)
✔ commitLaneWorktree refuses gitignored-only dirty paths (698.934959ms)
✔ commitLaneWorktree commits tracked files while skipping gitignored dirty paths (988.119583ms)
✔ inferMergeGitignoredFailure detects gitignored merge and lane commit failures (0.276708ms)
✔ buildSuggestedCommand returns git rm --cached repair for gitignored merge failures (0.20325ms)
✔ reconcileBatch surfaces gitignored merge repair command from journal (1177.422333ms)
✔ filterPorcelain remains unchanged for SP-104 ignore patterns (0.312375ms)
✔ mergeLaneToOrch auto-resolves additive docs/PRD.md after origin/main merge task (1718.830917ms)
✔ mergeLaneToOrch fails PRD merge with recovery commands when hunks overlap (1531.965292ms)
✔ formatPrdDocMergeFailure names file and wave recovery (0.223125ms)
✔ isActiveWorkerSession true when SPINE_WORKER_RUNNER is set (0.602875ms)
✔ isActiveWorkerSession false outside worker context (0.073458ms)
✔ runStepReview skips nested reviewer spawn when worker env is set (70.052833ms)
✔ runStepReview skips nested plan review spawn when worker env is set (31.119708ms)
✔ runStepReview stub path still works inside worker session (10.100125ms)
✔ runStepReview reaches pi availability check when worker env absent (6.439791ms)
✔ engine parent with leaked worker runner reaches reviewer spawn (6.664041ms)
✔ batch 20260619T020951 SP-306 plan step 0 journals review.skipped not review.failed (25.062958ms)
✔ detectNestedWorkerContext returns reason when SPINE_IS_WORKER=1 (0.710709ms)
✔ detectNestedWorkerContext returns reason when projectRoot is inside .worktrees/spine-* (0.123333ms)
✔ detectNestedWorkerContext returns null for normal projectRoot without worker env (0.524334ms)
✔ startBatch returns error when SPINE_IS_WORKER=1 (7.534333ms)
✔ startBatch returns error when projectRoot is inside .worktrees/spine-* (12.958ms)
✔ startBatch succeeds normally (no env, normal CWD) — regression (8753.33825ms)
✔ buildWorkerChildEnv includes SPINE_IS_WORKER=1 (0.837458ms)
✔ journalEventsSinceResume excludes pre-resume terminal events (1.31ms)
✔ detectOrphanRunning: historical task.failed + post-resume silence + dead engine (0.555042ms)
✔ resume orphan with historical failure fixture is not diagnosed as running (1499.181792ms)
✔ terminal event within scoped window still suppresses engine orphan (1.284542ms)
✔ journalIndicatesStalledSession: post-resume start without terminal (1.015917ms)
✔ detectOrphanRunning: PID-less ghost running with post-resume journal stall (0.412209ms)
✔ pidless ghost fixture reconcile is engine_orphaned, not running (1323.033666ms)
✔ terminal event within scoped window suppresses PID-less ghost signal (0.458333ms)
✔ isProcessAlive returns false for absent pid (0.766166ms)
✔ resume parallel lane orphan fixture: multiple running on lane 1 (1.152209ms)
✔ resume parallel lane orphan fixture: reconcile is actionable after scoped orphan detect (1275.469417ms)
✔ searchATon orphan incident fixture: dead workerPid is not diagnosed as running (1250.694292ms)
✔ dead workerPid with running task is not diagnosed as running (1327.285875ms)
✔ dead enginePid mid-resume without terminal journal is engine_orphaned (1110.680708ms)
✔ running batch without recorded pids still reports running (1156.010083ms)
✔ detectOrphanRunning ignores dead engine when terminal journal exists (0.240209ms)
✔ recordBatchEnginePid persists under resilience and clears on terminal save (203.523208ms)
✔ confirmed pause records batch.paused only after engine persists phase (352.6925ms)
✔ unconfirmed pause does not leave orphan batch.paused journal entry (493.781875ms)
✔ pauseBatch succeeds immediately when no attached engine is alive (409.26425ms)
✔ pauseBatch fails loud when attached engine keeps phase running (540.389541ms)
✔ waitForPauseConfirmation returns true when phase stays paused (329.352625ms)
✔ retryTask succeeds when batch phase is paused (246.440125ms)
✔ retryTask rejects when batch phase is running (389.21275ms)
✔ resolveAttachedMilestonePollMs defaults to 2000ms when config omitted (0.622708ms)
✔ resolveSequencePollMs defaults to 5000ms when config omitted (0.086834ms)
✔ resolveDashboardPollMs defaults to 2000ms when config omitted (0.067083ms)
✔ resolveAttachedMilestonePollMs honors orchestrator.attachedMilestonePollMs override (0.056417ms)
✔ resolveSequencePollMs honors orchestrator.sequencePollMs override (0.053292ms)
✔ resolveDashboardPollMs honors orchestrator.dashboardPollMs override (0.043875ms)
✔ validateOrchestratorConfig rejects invalid poll values (0.169625ms)
✔ validateSpineConfig accepts orchestrator poll overrides (0.294209ms)
✔ waitForSequenceBatchTerminal uses 5000ms default poll interval (0.066208ms)
✔ batch 20260630T212050 orphan-after-merge fixture describes GitHub #59 incident (1.019125ms)
✔ batch 20260630T212050 journal fixture is limbo via resume detect but not bare state (624.264834ms)
✔ hydrateMergeResultsFromJournal enables state limbo detection for batch 20260630T212050 (463.782208ms)
✔ finalizeAttachedLandLoopBeforeExit opens gate for batch 20260630T212050 journal limbo (2089.640875ms)
✔ installAttachedExitFinalizeHandlers finalizes journal limbo on SIGTERM without manual resume (2198.667625ms)
✔ batch 20260629T021550 fixture is post-merge limbo without gate (302.385333ms)
✔ attemptPostMergeLandLoopHandoff finalizes batch 20260629T021550 limbo after SIGTERM (1638.856875ms)
✔ resumeBatchDetached --force finalizes post-merge limbo without spawning engine (1764.885333ms)
✔ resumeBatch attached path finalizes batch 20260629T021550 limbo immediately (1565.467042ms)
✔ resumeMultiTaskBatch still finalizes batch 20260629T021550 after orphan_terminated (1442.198125ms)
✔ finalizeResumePostMergeLimbo clears stale engine pid during post-merge limbo (1577.573333ms)
✔ isPostMergeLimbo detects running phase with successful merges (0.629625ms)
✔ deriveDiagnosis returns needs_integrate for post-merge limbo (0.50875ms)
✔ finalizeBatchForIntegrate opens gate from post-merge limbo without resume (1451.646542ms)
✔ resumeMultiTaskBatch opens gate from post-merge limbo without re-running tasks (1471.464834ms)
✔ mixed-outcome post-mortem lists failed IDs and retry hint, not smooth success (1056.421167ms)
✔ false-success reconciliation headline is overridden when failures exist (0.35725ms)
✔ listFailedTaskIds prefers classified terminal-failure tasks (0.662417ms)
✔ collectEvidenceBundle summary.md is honest post-mortem markdown (1102.793ms)
✔ dismissBatch writes post-mortem path into batch history (1351.166708ms)
✔ writeBatchPostMortem persists markdown under runtime batch dir (1169.49075ms)
✔ spine status --verbose includes post-mortem section for active batch (1151.728084ms)
✔ resolveStallConfig defaults progressSnapshotIntervalMinutes to 2 (0.640541ms)
✔ resolveStallConfig applies progressSnapshotIntervalMinutes override (0.077625ms)
✔ buildProgressSnapshotPayload is bounded and omits dirty path lists (0.643083ms)
✔ progressSnapshotPayloadChanged detects field deltas (0.090083ms)
✔ shouldEmitProgressSnapshot respects interval (0.062416ms)
✔ recordLaneProgressSnapshot journals bounded payload (93.447625ms)
✔ runWorker emits lane.progress_snapshot on interval and dedupes unchanged signals (10088.177708ms)
✔ startBatch fails closed on invalid PROMPT before batch starts (268.27025ms)
fatal: malformed object name missing-base-branch
✔ inspectGitState records gitInspectionError when merged-branch scan fails (308.673917ms)
✔ deriveDiagnosis returns git_unavailable when git inspection failed (0.542209ms)
✔ reconcileBatch surfaces git_unavailable instead of limbo_stale on git failure (1015.726541ms)
fatal: malformed object name missing-base-branch
✔ reconcileBatch records count_commits_ahead git errors from real git refs (1417.442333ms)
✔ idle-no-batch returns healthy idle state (239.705791ms)
✔ limbo_stale detected from incident fixture (1162.059209ms)
✔ completed_manual when orch branch merged to main (1387.763667ms)
✔ needs_retry when a task failed (1162.345916ms)
✔ running diagnosis for active batch (1058.367625ms)
✔ runReconciliationCheck matches reconcileBatch output shape (1193.41325ms)
✔ reconcileBatch includes journal hints when journal exists (994.363458ms)
✔ reconcileBatch exposes macroPhase for running batch (942.437625ms)
✔ reconcileBatch exposes macroPhase for limbo_stale (935.205625ms)
✔ failBatchFromEngineError writes batch.failed and clears enginePid (238.866875ms)
✔ reconcileGhostRunningTasks marks running tasks failed without worker (0.210667ms)
✔ resumeMultiTaskBatch fail-closed when post-commit gitPorcelain throws (6337.643958ms)
✔ resumeBatch opens integrate gate before batch.completed journal event (7450.195291ms)
✔ refreshLaneHeartbeatsOnResume aligns lane heartbeats to engineStartedAt (0.717291ms)
✔ taskAlreadyComplete returns false for failed task with stale .DONE on disk (0.611042ms)
✔ resumeBatch after failed retry runs contract verification before succeed (2727.859584ms)
✔ resumeBatch continues paused 2-task 2-lane batch with stub workers (8536.211209ms)
✔ resumeBatch multi path requires existing lane worktrees (248.31475ms)
✔ multi-task batch start → pause → resume completes both tasks (9127.058875ms)
✔ paused multi-task batch diagnose suggests multi-task resume (1098.573125ms)
✔ multi-task startBatch completes two-lane stub batch (start path) (8041.078375ms)
✔ resumeBatch serializes four tasks on one lane (23859.494292ms)
✔ resumeBatch runs two lanes with two tasks each in parallel (14290.565167ms)
✔ validateMultiTaskResume accepts paused 2-task 2-lane batch (521.966ms)
✔ validateMultiTaskResume rejects batch with zero tasks (335.505291ms)
✔ validateMultiTaskResume rejects missing worktree per lane (379.880166ms)
✔ validateMultiTaskResume allows force resume when wave merge is pending (815.829334ms)
✔ validateResumeBatch delegates to multi validator for single-task batch (461.083ms)
✔ resolveDetachedWaitTimeoutMs uses long default for wait-terminal orphan resume (0.619708ms)
✔ prepareOrphanResumeHandoff clears stale workerPid before orphan resume (289.262417ms)
✔ clearStaleLaneWorkerPids preserves live worker pid (326.804916ms)
✔ dual-dead lane+engine orphan reconciles as engine_orphaned with attached resume (1155.365709ms)
✔ attached resume --force completes stuck task after plan review orphan stall (7983.482417ms)
✔ detached resume with wait-terminal uses extended timeout constant (0.151167ms)
✔ taskTerminalSuccessInBatch requires succeeded status and journal task.completed (0.724209ms)
✔ resume --force after partial retry does not review.start succeeded task IDs (9069.227833ms)
✔ resume-validation leaf does not import reconcile.mjs (1.299916ms)
✔ isTaskResumable accepts pending, running, and resumable segments (0.143208ms)
✔ computePendingTasks filters to resumable tasks only (0.078917ms)
✔ findResumableWave skips succeeded merged waves when later wave has pending tasks (0.21525ms)
✔ detectPostMergeLimboFromResumeSignals uses state mergeResults without journal (0.18ms)
✔ detectPostMergeLimboFromResumeSignals detects journal-only limbo when mergeResults empty (0.083375ms)
✔ detectPostMergeLimboFromResumeSignals rejects when gate already exists (0.083209ms)
✔ classifyTasksForOrphanDetect maps running status to running classification (0.619375ms)
✔ pauseBatch sets phase paused and journals batch.paused (321.30175ms)
✔ resumeBatch continues paused single-lane batch (7408.3385ms)
✔ paused spine batch reconciliation suggests spine batch resume (905.959041ms)
✔ validateBatchState requires segments aligned with tasks (0.26575ms)
✔ retryTask clears stale failure metadata before re-run (199.832708ms)
✔ retry then task.completed updates counters and reconcile diagnosis (1000.087917ms)
✔ retry-clears-failed-classification fixture reconciles after success state (985.540583ms)
✔ retryTask atomically resets task and segment records (192.550125ms)
✔ retryTask fixes segment drift (GAP-RETRY-01) (197.702292ms)
✔ resumeBatch refuses segment drift without retry (275.261166ms)
✔ skipTask marks task skipped and updates counters (168.3085ms)
✔ retryTask rejects when batch is running (198.348875ms)
✔ defaultSegmentId used in segment records (0.16275ms)
✔ detectOrphanedReviewStarted finds orphaned review.started with no matching review.completed (0.709583ms)
✔ detectOrphanedReviewStarted returns empty when review.completed exists (0.0885ms)
✔ detectOrphanedReviewStarted distinguishes code and final review types (0.065208ms)
✔ reconcileOrphanedReviewEvents synthesizes completion when APPROVE artifact on disk (27.806167ms)
✔ reconcileOrphanedReviewEvents does NOT synthesize when no artifact on disk (20.692333ms)
✔ reconcileOrphanedReviewEvents does NOT synthesize for REVISE verdict (3.249458ms)
✔ findCompletedCodeReview honors artifact at attempt > 0 (2.324458ms)
✔ normal review flow (no crash) still works correctly (0.152959ms)
✔ reconcileOrphanedReviewEvents handles final review with PASS verdict (15.03225ms)
✔ buildReviewerSystemPrompt includes project standards when rules manifest exists (19.840458ms)
✔ buildReviewerSystemPrompt emits reviewer.rules_selected journal event (15.356958ms)
✔ buildReviewRequest user prompt does not include injected standards block (0.330084ms)
✔ runStepReview stub path does not emit reviewer.rules_selected (17.492417ms)
✔ isNoiseReviewScopePath matches runtime artifact paths (0.70525ms)
✔ filterReviewScopeNoise dedupes and drops noise (0.578417ms)
✔ resolvePlanReviewScopePaths returns PROMPT File Scope minus noise (11.112084ms)
✔ resolveReviewScopePaths plan uses task PROMPT file scope (6.6035ms)
✔ resolveReviewScopePaths final returns empty scope (0.131417ms)
✔ resolveCodeReviewScopePaths uses baseline..HEAD when baseline provided (255.606ms)
✔ resolveCodeReviewScopePaths falls back to git diff --name-only without baseline (206.545125ms)
✔ resolveReviewScopePaths code honors injectable git runner (0.234084ms)
✔ resolveCodeReviewScopePaths returns empty array when git fails (0.08075ms)
✔ parseReviewLevel reads PROMPT heading (0.687125ms)
✔ isReviewTypeRequired follows Taskplane rubric (0.080166ms)
✔ formatReviewTimestamp strips separators from ISO time (0.993334ms)
✔ buildReviewArtifactPath uses step-timestamp pattern (0.200458ms)
✔ buildFinalReviewArtifactPath uses final-timestamp pattern (0.115708ms)
✔ normalizeVerdict maps enums by review type (0.082375ms)
✔ normalizeFinalVerdict and normalizeCodeVerdict are type-specific aliases (0.063958ms)
✔ parseReviewVerdict reads JSON and markdown verdicts (0.482125ms)
✔ parseReviewVerdict accepts PASS REVISE REPLAN when reviewType is final (0.084584ms)
✔ parseReviewVerdict step mode rejects final-only verdict enums (0.125458ms)
✔ parseFinalReviewVerdict accepts PASS, REVISE, and REPLAN (0.123ms)
✔ parseFinalReviewVerdict omits heading summary unlike parseReviewVerdict (0.090625ms)
✔ shouldRunCodeReview requires review level 2 or higher (0.06375ms)
✔ shouldRunFinalReview skips when review level is 0 (0.636958ms)
✔ DEFAULT_REVIEW_SPAWN_TIMEOUT_MS is 90 minutes (0.571834ms)
✔ honorReviewSpawnFailureWhenEligible honors final review when contract passed (8.556041ms)
✔ honorReviewSpawnFailureWhenEligible skips when contract failed (0.445292ms)
✔ honorReviewSpawnFailureWhenEligible honors code review with .DONE (1.547084ms)
✔ buildReviewerPiArgs includes --model when config pins reviewer (3.804ms)
✔ buildReviewerPiArgs omits --model when reviewer model is inherit (1.275458ms)
✔ buildReviewerPiArgs uses per-type model override for matching reviewType (1.275458ms)
✔ buildReviewerPiArgs falls back to top-level reviewer pin when per-type block missing (1.272083ms)
✔ buildReviewerPiArgs cascades per-type inherit to top-level reviewer pin (1.317125ms)
✔ spawnReviewerPi fails closed when pi unavailable via SPINE_REVIEW_TEST_NO_PI (1.332458ms)
✔ buildReviewerChildEnv strips SPINE_WORKER_RUNNER from reviewer child env (0.32575ms)
✔ shouldBlockNestedReviewerSpawn false when only worker runner leaked on engine (0.094834ms)
✔ spawnReviewerPi allows engine spawn when worker runner leaked without journal attach (1.310292ms)
✔ shouldBlockNestedReviewerSpawn true inside live worker child session (0.133167ms)
✔ parseReviewLevel reads PROMPT heading (0.7565ms)
✔ isReviewTypeRequired follows Taskplane rubric (0.101542ms)
✔ buildReviewArtifactPath uses step-timestamp pattern (1.24675ms)
✔ buildFinalReviewArtifactPath uses final-timestamp pattern (0.120209ms)
✔ parseReviewVerdict reads JSON and markdown verdicts (0.524083ms)
✔ parseReviewVerdict accepts PASS REVISE REPLAN when reviewType is final (0.122333ms)
✔ parseReviewVerdict step mode rejects final-only verdict enums (0.0945ms)
✔ parseReviewVerdict accepts PASS REVISE REPLAN for final review type (0.096542ms)
✔ resolveBatchJournalContext ignores SPINE_BATCH_ID without SPINE_JOURNAL_ATTACH (0.186791ms)
✔ isJournalAttachBlocked honors SPINE_SUPPRESS_JOURNAL_ATTACH (0.059583ms)
✔ resolveBatchJournalContext blocked when attach suppressed (0.098416ms)
✔ runStepReview ignores SPINE_REVIEW_STUB_FAIL without stub mode (7.511708ms)
✔ runStepReview stub APPROVE writes artifact and journal events (19.524084ms)
✔ runStepReview stub REVISE returns exitCode 2 (2.419292ms)
✔ runStepReview fail-closed on stub spawn failure (13.539583ms)
✔ runStepReview skips when review level does not require type (2.051667ms)
✔ runStepReview final stub PASS writes final artifact path (2.732708ms)
✔ runStepReview final spawn failure exits non-zero at review level >= 1 (5.54ms)
✔ runSpineReviewStep CLI --type final emits JSON verdict (2.387042ms)
✔ runSpineReviewStep CLI emits JSON verdict (18.425166ms)
✔ assertReviewToolAvailable fails closed without pi at review level > 0 (1.962542ms)
✔ runWorker fails closed when review tool unavailable at level > 0 (7.91925ms)
✔ stub worker stops when enforced review spawn fails (72.640708ms)
✔ DEFAULT_REVIEW_SPAWN_TIMEOUT_MS remains 90 minutes (backstop unchanged) (0.499583ms)
✔ runStepReview honors on-disk APPROVE while pi hangs — seconds not stall timeout (250.763958ms)
✔ resolveReviewerModelPin returns per-type override when set (0.633375ms)
✔ resolveReviewerModelPin falls back to top-level when per-type block missing (0.083667ms)
✔ resolveReviewerModelPin cascades per-type inherit to top-level pin (0.059416ms)
✔ resolveReviewerModelPin returns null for top-level inherit (0.053ms)
✔ resolveReviewerModelPin returns null when reviewer block absent (0.055959ms)
✔ resolveReviewerThinkingPin returns per-type override when set (0.072083ms)
✔ resolveReviewerThinkingPin falls back to top-level when per-type block missing (0.079292ms)
✔ resolveReviewerThinkingPin cascades per-type inherit to top-level pin (0.040541ms)
✔ resolveReviewerThinkingPin returns null for off at any level (0.066166ms)
✔ resolveReviewerThinkingPin returns null when reviewer block absent (0.044583ms)
✔ resolveRulesManifestGeneratedAtMerge keeps newest generatedAt (0.738625ms)
✔ resolveRulesManifestGeneratedAtMerge fails when rules differ (0.084958ms)
✔ fingerprintRulesManifest ignores generatedAt (0.059459ms)
✔ mergeLaneToOrch clears generatedAt-only dirty rules-manifest before merge (1261.943416ms)
✔ mergeLaneToOrch auto-resolves generatedAt-only rules-manifest conflict (1080.604333ms)
✔ mergeLaneToOrch fails loud when rules[] differ (944.608875ms)
✔ mergeLaneToOrch does not auto-resolve when other paths conflict (1096.6475ms)
✔ tryAutoResolveRulesManifestMergeConflict resolves in-progress merge (726.962875ms)
✔ appendTaskMetric writes TaskMetricRecord JSONL line (6.377917ms)
✔ buildTaskMetricRecord includes laneNumber and durationMs when available (0.190208ms)
✔ buildTaskMetricRecord omits laneNumber when not a positive lane (0.110625ms)
✔ metrics.enabled false skips append without error (0.853625ms)
✔ resolveTaskMetricOutcome maps skipped_done_on_disk to skipped (0.140709ms)
✔ appendTaskMetric redacts secret-like fields and omits prompt text (3.014ms)
✔ skipTaskDoneOnDisk records skipped task metric (27.704958ms)
✔ appendBatchMetric writes BatchMetricRecord JSONL line (6.26725ms)
✔ recordBatchTerminalMetric skips when metrics disabled (3.75225ms)
✔ dismissBatch appends batch metric line (744.229458ms)
✔ spine metrics show filters by batch and formats table output (1.776459ms)
✔ spine metrics show CLI filters by batch id (101.85925ms)
✔ resolveSalvageConfig defaults autoCommitOnStall to false (0.609292ms)
✔ validateSpineConfig rejects non-boolean autoCommitOnStall (0.570333ms)
✔ recordTaskFailureSalvage with autoCommitOnStall commits scoped paths on lane branch (638.672709ms)
✔ recordTaskFailureSalvage without autoCommitOnStall does not commit (321.325958ms)
✔ salvage commit refuses merge_in_progress and index_conflicts (544.223ms)
✔ salvage commit refuses pre-commit hook failure (484.268542ms)
✔ atomic retry retains salvage WIP commit on lane branch (551.99075ms)
✔ inspectLaneSalvage scopes porcelain to file scope and task folder (215.040042ms)
✔ recordTaskFailureSalvage journals inspection and writes evidence without committing (418.392834ms)
✔ writeSalvageEvidence writes pretty JSON atomically without temp files (141.207208ms)
✔ startBatch worker failure with dirty scoped file emits salvage and diagnose hint (7361.589875ms)
✔ parseSequenceArgs honors --auto-approve-gate and --force (0.616166ms)
✔ spine run sequence --auto-approve-gate dry-run succeeds under stub (390.739167ms)
✔ spine run sequence --auto-approve-gate refused for real pi without --force (376.400834ms)
✔ spine run sequence --auto-ap
Coverage run aborted: 1 test failure(s).
