Contract testCommand failure log
Command: node --test tests/dashboard/snapshot.test.mjs && npm run coverage:check
Exit code: 1
Attempt: 1 of 2
Timestamp: 2026-07-07T00:05:38.275Z
Buffer overflow: no
---
✔ resolveLaneHeartbeatMeta reads latest lane heartbeat kind and phase (0.969791ms)
✔ formatLaneHeartbeatDisplay shows launching instead of age (0.106209ms)
✔ dashboard snapshot exposes launching heartbeat display from journal (826.974666ms)
✔ buildDefaultViewStatus exposes gate missing affordance for needs_integrate (0.203209ms)
✔ idle snapshot diagnosis null matches reconcile (114.935ms)
✔ running batch fixture has lanes and waves (823.20875ms)
✔ truncateWorktreePath keeps trailing segments (0.196583ms)
✔ classifyLaneStatus stale when heartbeat old (0.107083ms)
✔ classifyLaneStatus does not mark lane completed when doneInLane but cache pending under engine_orphaned (0.133709ms)
✔ buildWaveProgress marks prior waves completed (0.113625ms)
✔ buildWaveProgress marks last wave completed when all tasks terminal-success (0.071875ms)
✔ buildWaveProgress keeps in-flight current wave active (0.057042ms)
✔ resolveTailActivityFromJournal reads latest matching journal event (0.05375ms)
ℹ tests 13
ℹ suites 0
ℹ pass 13
ℹ fail 0
ℹ cancelled 0
ℹ skipped 0
ℹ todo 0
ℹ duration_ms 1869.222792

> pi-spine@1.7.0 coverage:check
> node scripts/run-coverage.mjs

✔ adoption fixture: init, plan, stub batch AD-001 creates .DONE (14903.517792ms)
✔ adoption integration: REPLAN final verdict surfaces needs_replan diagnosis (14541.687292ms)
✔ worker.md documents spine tools, stall checkpoint, and coverage policy (0.825125ms)
✔ worker.md documents engine-owned code and final review after .DONE (0.480458ms)
✔ reviewer.md documents final PASS REVISE REPLAN verdicts (0.237792ms)
✔ worker-prompt tail aligns with worker.md commit and review conventions (0.142375ms)
✔ buildWorkerTailPrompt does not contradict worker.md on commit format (11.306083ms)
✔ buildAgentSessionWorkerPrompt includes review hint when level > 0 (2.061459ms)
✔ buildWorkerPiArgs omits -ne when no pi-web-access conflict (16.990042ms)
✔ buildWorkerPiArgs includes -ne before -p when extension conflict detected (10.730333ms)
✔ formatPiExtensionConflictHint surfaces pi-web-access remediation (0.366542ms)
✔ abortBatch archives batch-state before clearing active file (1451.308708ms)
✔ abortBatch journals batch.aborted and preserves prior journal tail (1194.802084ms)
✔ abortBatch writes abort signal without killing on graceful abort (1136.6965ms)
✔ hard abort removes lane worktree when cleanup enabled (948.48425ms)
✔ hard abort keeps worktree when cleanupOnHardAbort is false (641.358584ms)
✔ abortBatch fails when no active batch (533.40325ms)
✔ mergeLaneToOrch auto-resolves disjoint adoption doc edits without force-merge (3934.272458ms)
✔ mergeLaneToOrch fails adoption doc merge with recovery commands when hunks overlap (2506.889042ms)
✔ formatAdoptionDocMergeFailure names file and wave recovery (0.1875ms)
✔ agent session abort failure journals lane.worker_abort_failed (1463.579709ms)
✔ formatAttachedMilestoneLine renders land-loop journal types (0.65725ms)
[spine] batch.started
[spine] task.started SP-343
[spine] task.completed SP-343
[spine] batch.merge_started wave=0
[spine] batch.merge_completed wave=0
[spine] gate.opened
[spine] gate.evidence_collecting
[spine] gate.evidence_completed
[spine] batch.completed
[spine] batch.land_loop_finalized

Batch started

Batch 20260707T000310 completed: SP-343 succeeded; merged to orch/spine-20260707T000310.
  → spine gate status
  → spine gate approve
  → spine integrate
  → spine batch complete

Batch 20260707T000310 ready to integrate orch branch to main

  → spine integrate

  Alternatives:
    • /spine-integrate
    • /spine-gate
    • spine status --diagnose

  Batch: 20260707T000310
  Task: SP-343
✔ runSpineBatch attached start returns integrate handoff without process.exit in tests (13674.284792ms)
✔ attached batch CLI subprocess exits after completed with stdout milestones (11856.809125ms)
✔ formatAttachedBatchCliResult includes diagnosis suggested command (0.365875ms)
✔ enforceAttachedEngineSingleOwner fails fast when engine PID is alive (1386.086875ms)
✔ enforceAttachedEngineSingleOwner orphans prior engine with --force (1030.938875ms)
✔ resumeBatch rejects second attached resume when engine PID is alive (1098.096667ms)
✔ resumeBatchDetached rejects spawn when attached engine PID is alive (810.305333ms)
✔ runAttachedBatchEngine blocks attached start when engine PID is alive (608.594083ms)
✔ isLastWaveIndex matches batch 20260618T000943 wave plan (1.48925ms)
✔ maybeFinalizeAfterWaveMerge opens gate for last-wave post-merge limbo (4432.5305ms)
✔ resumeMultiTaskBatch finalizes post-merge limbo even with stale engine pid (2382.310916ms)
✔ terminateStaleDetachedEngine still clears stale engine during post-merge limbo resume handoff (577.735125ms)
✔ startBatch multi-wave attached path opens gate after wave 1 without resume (17989.388125ms)
✔ attached milestone types include batch.merge_blocked (0.630209ms)
✔ formatAttachedBatchCliResult prints merge failure headline and exits non-zero for merge_blocked (3321.188875ms)
✔ runAttachedBatchEngine streams merge_blocked milestone before merge failure CLI output (3902.95975ms)
✔ mergeEngineStateWithDiskPause adopts operator pause from disk (1050.551417ms)
✔ saveEngineBatchState does not clobber phase paused during heartbeat-style saves (1243.734083ms)
✔ enforceOperatorPauseOnDisk re-asserts paused after engine overwrite (3189.101542ms)
✔ pauseBatch confirms when attached engine heartbeat saves honor pause (2526.044208ms)
✔ batch 20260620T194352 fixture is post-merge limbo without gate (1240.690958ms)
✔ attemptPostMergeLandLoopHandoff finalizes in-process after SIGTERM-shaped limbo (3709.117875ms)
✔ finalizeAttachedPostMergeLimbo is idempotent when gate already open (1980.243583ms)
✔ resume after orphan_terminated journal opens gate for batch 20260620T194352 pattern (2377.113ms)
✔ installAttachedEngineShutdownHandlers finalizes on SIGTERM without manual resume (2369.276458ms)
✔ terminateStaleDetachedEngine during post-merge limbo still allows resume finalize (2326.741958ms)
✔ shouldAutoIntegrateAfterWave is false by default (0.581125ms)
✔ shouldAutoIntegrateAfterWave is true when configured and not last wave (0.07625ms)
✔ shouldAutoIntegrateAfterWave is false on last wave (0.054042ms)
✔ issue #25: retry unblocks failed phase when only pending tasks remain (6659.743542ms)
✔ issue #25: failed phase with pending-only limbo resumes without --force (2177.801833ms)
✔ retry keeps failed phase when other failed tasks remain (672.105291ms)
✔ diagnosis suggests resume --force for failed-phase pending-only limbo (0.194917ms)
✔ parseSupersededReplacementIds extracts child task IDs (1.371208ms)
✔ assertBatchStartTasksNotSuperseded rejects superseded IDs (1811.567042ms)
✔ assertBatchStartTasksNotSuperseded allows pending IDs (1358.532ms)
✔ assertBatchStartTasksNotSuperseded honors --force-superseded (1074.4895ms)
✔ resolveBatchStartScope rejects explicit superseded task IDs (821.655334ms)
✔ resolveBatchStartScope allows superseded IDs with forceSuperseded (572.787334ms)
✔ startBatch dry-run rejects superseded explicit scope (509.462042ms)
✔ startBatch dry-run allows superseded scope with forceSuperseded (349.365667ms)
✔ parseBatchArgs maps --wave on start to waveFilter (1.084583ms)
✔ parseBatchArgs strips --wave value from scope for wave 0 (0.141ms)
✔ buildAttachedBatchStartArgv forwards waveFilter to detached engine (0.669792ms)
✔ startBatch dry-run with pending scope and --wave 0 selects planner wave 0 (1822.628917ms)
✔ startBatch dry-run with --wave selects planner wave task IDs (1517.684916ms)
✔ wave-filtered dry-run matches explicit wave task scope dry-run (1169.268375ms)
✔ complete handoff preserves newer active batch (073511 vs 073937 race) (10.157375ms)
✔ clearStaleTerminalBatchStateForStart removes completed batch-state pointer (7.763583ms)
✔ assertNoActiveBatch clears stale completed pointer before start handoff (12.55275ms)
✔ runBatchComplete clears active batch-state when no newer batch took over (3998.537542ms)
✔ new batch save replaces terminal completed cache with different batchId (22.03975ms)
✔ evaluateBatchStateWriteGuard rejects writes from non-owner live engine (14.501542ms)
✔ saveSpineBatchState rejects resurrecting archived batch cache (13.259709ms)
✔ resolveStallConfig defaults checkpoint warning and no file-scope grace extension (0.665584ms)
✔ file-scope mtime is activity only — does not extend stall deadline by default (0.269584ms)
✔ checkpoint signals extend grace; STATUS update moves deadline (0.071291ms)
✔ shouldEmitCheckpointWarning after activity without checkpoint threshold (0.109584ms)
✔ resolveScopedDirtyPaths limits porcelain to file scope and task folder (577.634041ms)
✔ lane.checkpoint_warning journal event and diagnose hints (37.107625ms)
✔ extractJournalDiagnosisHints omits stale checkpoint_warning older than 30 minutes (0.15675ms)
✔ collectProgressSignals includes dirtyPaths for scoped changes (661.7435ms)
✔ verifyContract uses base-satisfied when scope predates task PROMPT on base (2912.874208ms)
✔ verifyContract passes when scope is on base and lane has zero implementation diff (1807.255708ms)
✔ verifyContract fails base-satisfied scope when testCommand fails (6194.361875ms)
✔ verifyStubFileScopeMustChange passes when base already satisfies scope (1313.602334ms)
✔ isBaseScopeSatisfied is false when base lacks scope changes (806.610334ms)
✔ runFinalReviewPhase fails fast with contract_failed and does not consume finalAttempts (7777.786417ms)
✔ reconcileBatch surfaces contract_failed headline for failed task (1636.050333ms)
✔ verifyContract satisfies pre-landed fileScopeMustChange when testCommand and artifacts pass (2673.211666ms)
✔ verifyContract still fails pre-landed scope when testCommand fails (7067.909459ms)
✔ verifyStubFileScopeMustChange passes delivery-only STATUS when source scope pre-landed (812.441958ms)
✔ verifyContract passes delivery-only STATUS.md fileScopeMustChange contract (1316.875834ms)
✔ resolvePromptRelPath derives task PROMPT from spine-tasks delivery changes (563.772583ms)
✔ isFileScopePatternPrelanded detects scope changed on main after task intro (687.03375ms)
✔ resolveTaskStartCommit ignores resumed task.started after same-task lane.committed (0.72225ms)
✔ verifyContract passes fileScopeMustChange after pause/retry/resume when lane commit exists (2195.831417ms)
✔ testCommand fails once then succeeds on retry — contract passes (127.803042ms)
✔ testCommand fails all retries — contract_failed as before (215.070375ms)
✔ retry count configurable via spine-config contract.testRetries (225.092375ms)
✔ failed output captured to .reviews/ directory (173.330875ms)
✔ no retry when testCommand succeeds first time (no performance cost) (147.51625ms)
✔ writeContractFailureLog creates log file with header (32.512791ms)
✔ writeContractFailureLog returns null when taskFolder is undefined (0.384791ms)
✔ CONTRACT_TEST_DEFAULT_RETRIES is 1 (0.102542ms)
✔ CONTRACT_TEST_RETRY_DELAY_MS is 5000 (0.171959ms)
✔ multiple failure logs captured across retry attempts (251.908291ms)
✔ parseContract extracts stallTimeoutMinutes and extendGraceOnFileScope (1.29275ms)
✔ resolveTaskStallMinutes uses max of global, size floor, and contract override (0.129083ms)
✔ resolveStallConfigForTask applies contract stallTimeoutMinutes to stallTimeoutMs (0.129167ms)
✔ resolveStallConfigForTask honors contract extendGraceOnFileScope (0.060459ms)
✔ resolveWorkerPiTimeoutMs aligns with contract stall budget (0.092042ms)
✔ runWorker with contract stall override survives beyond global stall budget (scaled) (5094.700917ms)
✔ runWorker without contract override stalls at scaled global budget (5101.700542ms)
✔ isDeliveryArtifactPath accepts STATUS.md-only patterns (0.833417ms)
✔ isDeliveryArtifactPath accepts .DONE-only patterns (0.204583ms)
✔ isDeliveryArtifactPath accepts task-folder delivery globs (0.14125ms)
✔ isDeliveryArtifactPath rejects implementation and tasks-root paths (0.097792ms)
✔ isImplementationScopePattern detects source and tooling roots (0.373584ms)
✔ isStubDeliveryOnlyScope is true for delivery-only pattern sets (0.227208ms)
✔ isStubDeliveryOnlyScope rejects mixed implementation and delivery patterns (0.094959ms)
✔ isStubDeliveryOnlyScope rejects empty pattern lists (0.084083ms)
✔ isDeliveryArtifactPath honors custom tasksRoot (2.466709ms)
✔ resolveTaskStartCommit returns distinct start commits for serialized lane tasks (0.811709ms)
✔ resolveTaskStartCommit prefers task.started payload commit over prior lane.committed (0.098625ms)
✔ resolveTaskStartCommit returns null when task.started is missing (main...HEAD fallback) (0.068875ms)
✔ resolveTaskStartCommit resolves git HEAD at task.started timestamp when journal lacks commit (843.196167ms)
✔ CONTRACT_TEST_COMMAND_MAX_BUFFER exceeds legacy 256KB limit (0.596583ms)
✔ runContractTestCommand captures large stdout without killing child (90.333666ms)
✔ runContractTestCommand surfaces ENOBUFS with scoped testCommand guidance (97.228333ms)
✔ verifyContract reports buffer overflow with scoped testCommand guidance (5301.946792ms)
✔ buildContractTestEnv moves SPINE_BATCH_ID to SPINE_PARENT_BATCH_ID (0.618ms)
✔ detectNestedWorkerContext blocks parent batch in lane worktree (0.239708ms)
✔ startBatch blocks nested spawn when SPINE_PARENT_BATCH_ID set in lane worktree (57.177792ms)
✔ buildContractTestEnv allows isolated fixture batch start without parent batch id (3.943708ms)
✔ listChangedFiles with sinceCommit scopes diff to commits after anchor (1059.68125ms)
✔ listChangedFiles without sinceCommit preserves baseBranch...HEAD (501.988167ms)
✔ verifyContract with sinceCommit ignores prior same-lane task fileScopeMustNotChange violations (1018.505375ms)
✔ verifyContract without sinceCommit preserves cumulative lane branch behavior (429.412417ms)
✔ buildContractTestEnv removes worker-only keys (0.615333ms)
✔ runContractTestCommand subprocess does not inherit SPINE_IS_WORKER (66.95825ms)
✔ verifyContract testCommand passes under worker env when subprocess is sanitized (99.214583ms)
✔ verifyContract passes when testCommand exits 0 (73.39375ms)
✔ verifyContract fails when testCommand exits non-zero (75.044792ms)
✔ verifyContract checks artifactsMustExist paths in worktree (74.212334ms)
✔ verifyContract expands glob patterns in artifactsMustExist (50.582959ms)
✔ verifyContract returns ok with empty checks when contract has no verify fields (87.591625ms)
✔ verifyContract enforces fileScopeMustChange and fileScopeMustNotChange (711.996917ms)
✔ verifyContract checks minLineCoverage from command output (60.534417ms)
✔ shouldRunContractVerify skips legacy TP-* tasks and absent contract sections (0.239042ms)
✔ matchesContractPattern supports glob paths (0.189375ms)
✔ parseAggregateLineCoverage parses coverage table rows (0.135542ms)
✔ SP-193-shaped placeholder contract fails validateContract in required mode (1.750792ms)
✔ verifyContract passes SP-193-shaped contract when scoped files changed (658.492458ms)
✔ fileScopeMustChange trailing-slash pattern matches files under directory prefix (835.409833ms)
✔ fileScopeMustChange trailing-slash pattern fails when no files under prefix changed (713.617833ms)
✔ fileScopeMustChange exact-path and glob behavior preserved alongside trailing-slash (556.260375ms)
✔ waitForDetachedBatchResume waits for integrate gate after batch completes (650.737125ms)
✔ waitForDetachedBatchResume completes without gate when integrate gate not required (584.480583ms)
✔ prepareDetachedResumeEngineHandoff terminates stale engine before resume spawn (22.795833ms)
✔ resolveDefaultResumeWaitTerminal returns true for engine_orphaned without flags (0.57875ms)
✔ resolveDefaultResumeWaitTerminal respects explicit flags (0.089167ms)
✔ detectPostMergeLimboForResume matches journal-only limbo for batch 20260629T210738 (1282.860958ms)
✔ postMergeLimbo diagnosis suggests spine batch resume --force (0.958875ms)
✔ resumeBatchDetached --force finalizes journal-only limbo without spawning engine (3354.727375ms)
✔ detached batch start opens integrate gate after stub engine completes (9965.117125ms)
✔ timeout_waiting_for_batch with dead enginePid reconciles as engine_orphaned not running (1844.939042ms)
✔ startBatchDetached persists spawn enginePid before wait on timeout failure path (31543.06925ms)
✔ parseBatchArgs defaults to detached start (attached flag off) (0.836625ms)
✔ parseBatchArgs --attached opts into foreground engine (0.080375ms)
✔ buildAttachedBatchStartArgv forwards scope and skip-preflight (0.649875ms)
✔ formatDetachedBatchStartOutput includes monitor hints (0.230292ms)
✔ batch start returns quickly and runs engine in background (10240.617959ms)
✔ parseBatchArgs resume defaults to detached (attached flag off) (0.152583ms)
✔ buildAttachedBatchResumeArgv forwards force (0.083459ms)
✔ formatDetachedEngineOutput includes resume wording (0.101ms)
✔ waitForDetachedBatchResume returns engine_started by default (766.214042ms)
✔ waitForDetachedBatchResume with waitTerminal returns resume_completed (867.709166ms)
✔ collectDetachedFailureDiagnostics includes task.failed summary and log tails (339.716166ms)
✔ parseBatchArgs accepts --wait-terminal (0.188834ms)
✔ batch resume returns quickly and runs engine in background (10228.052667ms)
✔ inferLaunchFailureKind ignores DirtyWorktree exitReason (0.710458ms)
✔ buildHeadline prefers DirtyWorktree over worker launch (0.334167ms)
✔ buildSuggestedCommand for DirtyWorktree suggests coverage cleanup and retry (0.17325ms)
✔ buildHeadline surfaces review_exhausted primary failure (0.11325ms)
✔ buildSuggestedCommand for review_exhausted suggests batch retry (0.05ms)
✔ buildHeadline surfaces contract_failed primary failure (0.067667ms)
✔ buildSuggestedCommand for contract_failed suggests PROMPT edit and retry (0.06175ms)
✔ buildDiagnosisOutput bundles primary failure class without launch headline (0.16075ms)
✔ reconcileBatch aligns hasFailedTasks with segment drift and DirtyWorktree headline (1961.424083ms)
✔ reconcileBatch diagnoses review_exhausted from failed task exitReason (1571.85575ms)
✔ buildHeadline surfaces PI_SPINE_ROOT launch failure (0.896625ms)
✔ buildHeadline surfaces lane commit failures after worker completion (0.145375ms)
✔ buildSuggestedCommand prefers spine doctor for launch failures (0.241334ms)
✔ inferLaunchFailureKind reads worker output hints from journal (0.2125ms)
✔ extractJournalDiagnosisHints prioritizes setup hook and merge blocked events (1.404584ms)
✔ formatMixedOutcomeMessage lists succeeded tasks and spine batch retry guidance (0.186667ms)
✔ reconcileBatch diagnoses launch failure wave from fixture (1643.593334ms)
✔ buildDiagnosisOutput bundles launch failure headline and command (0.190333ms)
✔ DIAGNOSIS_TAXONOMY includes worker_orphaned distinct from needs_retry (0.663542ms)
✔ inferLaunchFailureFromWorkerOutputTail reads PI_SPINE_ROOT hints from log tail (0.118541ms)
✔ buildSuggestedCommand prefers abort for ghost running cluster (0.161833ms)
✔ buildHeadline surfaces worker_orphaned launch failure from worker output context (0.28975ms)
✔ worker_orphaned after plan review nested_spawn_blocked suggests batch retry (0.089917ms)
✔ dead lane workerPid diagnoses worker_orphaned not needs_retry (1561.95325ms)
✔ dead workerPid after lane.completed does not diagnose worker_orphaned (1794.567292ms)
✔ worker_orphaned enriches launch headline from worker output log without task.failed (1955.124708ms)
✔ multiple ghost running tasks on one lane prefer spine batch abort (1727.253125ms)
✔ segment drift still diagnoses needs_retry (1518.865042ms)
✔ buildDiagnosisOutput bundles worker_orphaned headline and command (0.197917ms)
✔ isRunningWithoutActiveWorkers is false when workers are active (0.658875ms)
✔ isRunningWithoutActiveWorkers detects all-terminal tail state (0.07425ms)
✔ buildRunningTailHeadline maps macroPhase merging to operator text (0.198875ms)
✔ buildRunningTailHeadline maps gating / post-merge limbo (0.116791ms)
✔ buildHeadline preserves generic running when workers are active (0.219083ms)
✔ deriveMacroPhase uses journal merge tail when diagnosis is running without workers (0.281ms)
✔ deriveMacroPhase stays executing when workers are active (0.0735ms)
✔ tail-state fixture reconciles without bare is running headline (1664.271833ms)
✔ tail-state headline matches batch 20260701T031142 shape via buildHeadline (0.218333ms)
✔ isCoverageArtifactPath matches extension/coverage and root coverage dirs (0.668208ms)
✔ isPathInFileScope matches exact paths and directory prefixes (0.124708ms)
✔ filterOutOfScopeCoveragePorcelain drops modified coverage outside file scope (0.1495ms)
✔ filterOutOfScopeCoveragePorcelain keeps in-scope coverage modifications (0.064459ms)
✔ restoreOutOfScopeCoverageArtifacts resets tracked coverage files (802.707917ms)
✔ resolvePostLaneCommitPorcelain restores and filters out-of-scope coverage (535.894292ms)
✔ commitLaneAndValidateWorktree succeeds when only out-of-scope coverage is dirty (1679.596167ms)
✔ commitLaneAndValidateWorktree fails when dirty without .DONE (698.42075ms)
✔ isWorktreeDeletionPorcelainLine matches unstaged deletions (0.595917ms)
✔ isSymlinkOnlyDriftPorcelain is true only for deletion-only porcelain (0.102958ms)
✔ filterSetupHookSymlinkDriftPorcelain clears deletion-only drift (0.064958ms)
✔ parseLaneWorktreeIdentity extracts batch and lane from worktree path (0.61875ms)
✔ resolvePostLaneCommitPorcelain repairs hook symlink drift (1382.513375ms)
✔ commitLaneAndValidateWorktree succeeds when hook symlink drifts after PASS (1953.791041ms)
✔ dismissBatch kills live stub worker PID and journals lane.worker_terminated (1947.064708ms)
✔ shouldRunCodeReview requires review level 2 or higher (0.736916ms)
✔ findCodeReviewStepNumber prefers step with code review checkpoint (8.89725ms)
✔ findCompletedCodeReview honors journal review.completed code APPROVE (5.290625ms)
✔ findCompletedCodeReview honors step artifact APPROVE for code review step (17.80925ms)
✔ runTaskOnLane runs engine code review for RL2 without worker nested spawn (6256.156625ms)
✔ runTaskOnLane skips engine code review when review level is 0 (6038.357875ms)
✔ runTaskOnLane skips engine code review when review level is 1 (6308.576ms)
✔ runTaskOnLane honors journal review.completed code APPROVE without duplicate spawn (6036.955333ms)
✔ runTaskOnLane re-invokes worker after code REVISE and succeeds on APPROVE (11440.991708ms)
✔ resolveReviewSpawnTimeoutMs aligns with stall budget for M tasks (0.684ms)
✔ runStepReview journals review.failed with review_timeout on hung spawn (286.37325ms)
✔ async reviewer spawn does not block the event loop while waiting for timeout (324.447ms)
✔ startBatch opens integrate gate before batch.completed journal event (9172.13ms)
✔ startBatch serializes multiple tasks on one physical lane (16488.606167ms)
✔ startBatch runs disjoint-scope tasks on separate lanes in parallel (10480.626334ms)
✔ startBatch records lane commit before task.completed (9595.385708ms)
✔ runTaskOnLane emits task.failed not task.completed when lane commit fails (5873.889041ms)
✔ validateSpineConfig accepts worktreeSetupIgnorePaths (0.23925ms)
✔ engine_orphaned diagnosis suggests retry when task id known, attached resume otherwise (0.727708ms)
✔ dead engine with phase running passes validateMultiTaskResume without pause (909.522584ms)
✔ running phase with live engine pid rejects resume without force (750.327166ms)
✔ reconcile engine_orphaned recommends attached resume for batch 20260618T191236 pattern (1848.630292ms)
✔ engine_orphaned with failedTaskId suggests retry (SP-315) (0.6585ms)
✔ reconcileOrphanRunningState transitions running task to failed with journal events (605.394167ms)
✔ retryTask succeeds on orphan without manual pause (issue #20 trap) (800.008416ms)
✔ diagnose then retry: suggestedCommand matches working recovery path (1801.541333ms)
✔ resume --force allowed after orphan reconcile when phase was running (566.2465ms)
✔ terminateStaleDetachedEngine SIGTERM stale pid on failed resume (66.705917ms)
✔ runStepReview honors existing final PASS without re-spawn (7.35025ms)
✔ runStepReview skips review.failed journal when batch already completed (21.953417ms)
✔ startBatch lane branch has commit before merge when stub touches files (9509.184958ms)
✔ startBatch completes single task with stub worker (9791.653584ms)
✔ isExplicitBatchScope treats pending as explicit (0.215333ms)
✔ startBatch all dry-run allows multi-wave pending backlog (464.741333ms)
✔ startBatch pending dry-run excludes done tasks (248.690208ms)
✔ startBatch all fails when every task has .DONE (279.837875ms)
✔ startBatch skips worker when .DONE exists on disk (2829.287541ms)
✔ resolveBatchStartScope normalizes all to pending IDs (327.815041ms)
✔ startBatch explicit IDs still allow multi-wave when scope is not bare all (311.347541ms)
✔ startBatch completes two-lane wave with stub workers (9860.602125ms)
✔ startBatch blocks merge on mixed outcomes (6386.412167ms)
✔ assessWaveMergeEligibility blocks failed and pending tasks (0.253792ms)
✔ collectCoreEvidenceBundle writes summary without complete marker (1725.726167ms)
✔ openIntegrateGate persists gate before extended evidence and journals milestones (1597.049125ms)
✔ openIntegrateGate keeps gate when extended evidence command fails (1625.391417ms)
✔ collectExtendedEvidenceBundle appends to existing refs (1193.842375ms)
✔ parseEvidenceCommandArgv accepts npm run test (1.234166ms)
✔ parseEvidenceCommandArgv preserves quoted arguments (0.115584ms)
✔ parseEvidenceCommandArgv rejects shell command chaining (0.273834ms)
✔ parseEvidenceCommandArgv rejects unknown binary (0.094042ms)
✔ runEvidenceCommand executes allowlisted argv without shell (55.029292ms)
✔ runEvidenceCommand rejects malicious config strings (0.159875ms)
✔ runEvidenceCommand skips empty command (0.079ms)
✔ runEvidenceCommand rejects disallowed build binary (0.109959ms)
✔ parseEvidenceCommandArgv rejects subshell injection (0.111042ms)
✔ collectEvidenceBundle writes summary and .complete marker atomically (1803.552833ms)
✔ collectEvidenceBundle writes rejected output for unsafe testing.test (1316.29025ms)
✔ findCompletedFinalReview honors journal review.completed final PASS (5.457959ms)
✔ findCompletedFinalReview honors latest final artifact PASS (7.517667ms)
✔ runTaskOnLane honors pre-existing worker final review without spawn failure (6555.245167ms)
✔ runTaskOnLane honors journal review.completed final PASS without duplicate spawn (6614.621083ms)
✔ parseFinalReviewVerdict accepts PASS, REVISE, and REPLAN (0.944583ms)
✔ shouldRunFinalReview skips when review level is 0 (0.088333ms)
✔ runTaskOnLane skips final review when review level is 0 (6397.922ms)
✔ runTaskOnLane journals task.verdict_recorded on PASS final review (6596.794875ms)
✔ runTaskOnLane re-invokes worker after REVISE and succeeds on PASS (11417.807875ms)
✔ runTaskOnLane caps REVISE at maxFinalAttempts with review_exhausted (15941.90275ms)
✔ runTaskOnLane fails with needs_replan and does not keep .DONE (5588.434125ms)
✔ mergeWaveLanesToOrch blocks when a wave task has exitReason needs_replan (160.675083ms)
✔ runEngineFinalReview stub writes final artifact path (1.394542ms)
✔ isUnscopedFlutterAnalyzeSegment detects bare and compound analyze commands (0.844833ms)
✔ isUnscopedFlutterAnalyzeCommand handles compound shell commands (0.147625ms)
✔ isFlutterAnalyzeTestCompoundCommand matches analyze plus test (0.110583ms)
✔ shouldCleanFlutterBuildBeforeAnalyze respects config opt-out (0.080667ms)
✔ sanitizeFlutterBuildBeforeAnalyze removes polluted build directory (282.800416ms)
✔ sanitizeFlutterBuildBeforeAnalyze is no-op when build is absent (322.706125ms)
✔ prepareContractVerifyEnvironment removes polluted build for compound analyze command (217.983166ms)
✔ polluted build does not fail verify after hygiene (237.972417ms)
✔ verifyContract cleans polluted build before unscoped flutter analyze testCommand (461.84025ms)
✔ buildTaskScorecard lists task rows (0.76875ms)
✔ openIntegrateGate persists pending gate and journals gate.opened (1699.680542ms)
✔ collectEvidenceBundle writes summary and diff-stat (1578.975792ms)
✔ approve and reject enforce gate FSM (1444.576709ms)
✔ rejectIntegrateGate journals gate.rejected (1589.936542ms)
✔ checkIntegrateGate blocks until approved (exit 2) (1476.668667ms)
✔ integrateOrchToBase fails with exit 2 when gate pending (2633.395958ms)
✔ integrateOrchToBase succeeds after gate approval (2873.912417ms)
✔ force integrate requires SPINE_ALLOW_FORCE=1 (434.369792ms)
✔ openIntegrateGateAfterBatchComplete skips non-completed batches (347.085ms)
✔ runSpineGate CLI approve updates gate record (1333.836583ms)
✔ isGitignoredArtifactPath matches extension/coverage and node_modules (0.644834ms)
✔ listGitignoredArtifactRoots deduplicates nested artifact dirs (1.003417ms)
✔ sanitizeGitignoredArtifactsBeforeLaneCommit removes worktree-only coverage (390.585792ms)
✔ sanitizeGitignoredArtifactsBeforeLaneCommit skips when disabled (516.958291ms)
✔ commitLaneAndValidateWorktree succeeds when only extension/coverage is gitignored dirty (840.531209ms)
✔ commitLaneAndValidateWorktree succeeds when only node_modules is gitignored dirty (676.566875ms)
✔ sanitizeGitignoredArtifactsBeforeLaneCommit does not clean index-tracked gitignored paths (655.224291ms)
✔ commitLaneWorktree still fails for index-tracked gitignored coverage (520.976375ms)
✔ classifyGitignoredPaths returns empty arrays for empty input (315.779625ms)
✔ classifyGitignoredPaths detects index-tracked gitignored paths (672.296958ms)
✔ classifyGitignoredPaths detects worktree-only gitignored paths (345.690708ms)
✔ classifyGitignoredPaths handles mixed index-tracked and worktree-only (432.479417ms)
✔ formatGitignoredRemediationMessage: worktree-only does not suggest git rm --cached (0.316458ms)
✔ formatGitignoredRemediationMessage: index-tracked suggests git rm --cached (0.055666ms)
✔ formatGitignoredRemediationMessage: mixed suggests both remediation paths (0.053375ms)
✔ commitLaneWorktree: worktree-only gitignored does not suggest git rm --cached (575.779458ms)
✔ commitLaneWorktree: index-tracked gitignored still suggests git rm --cached (634.249541ms)
✔ regression: SP-011 worktree-only coverage after npm test does not suggest git rm --cached (621.025458ms)
✔ isGitignoredArtifactPath matches graphify-out hook output (0.765041ms)
✔ listGitignoredArtifactRoots deduplicates nested graphify-out paths (0.639666ms)
✔ sanitizeGitignoredArtifactsBeforeLaneCommit removes worktree-only graphify-out (710.490292ms)
✔ commitLaneAndValidateWorktree succeeds when only graphify-out is gitignored dirty (766.923875ms)
✔ resolveHeartbeatKind marks launching as worker_alive only (0.650208ms)
✔ shouldEmitCheckpointWarning skips launching phase (0.148833ms)
✔ buildHeartbeatPayloadFields omits stale checkpoint signals during launching (0.082167ms)
✔ recordLaneHeartbeat journals kind and phase (194.43675ms)
✔ runWorker launching heartbeat does not journal stale STATUS mtime on fast-fail retry (5305.588083ms)
✔ resolveStallConfig applies lane overrides (0.181541ms)
✔ progressSignalsChanged detects STATUS mtime updates (188.686958ms)
✔ computeStallDeadline extends past hard timeout after progress (0.113542ms)
✔ stall false positive avoided when STATUS updates extend deadline (I-01) (0.133417ms)
✔ findLatestStepCompletedMs returns newest matching task.step_completed (0.089958ms)
✔ progressSignalsChanged detects journal task.step_completed (silent tools) (164.802333ms)
✔ activitySignalsChanged detects file-scope mtime updates (FR-WORK-10 / FR-STALL-02) (242.873291ms)
✔ startBatch records lane.heartbeat during stub worker delay (9902.378042ms)
✔ startBatch persists baseBranchHeadAtStart and journals batch.base_snapshot (9573.242167ms)
✔ isFastForwardCapableIntegrate detects orch ahead of main (#93) (867.571291ms)
✔ integrateOrchToBase fast-forwards when orch is strictly ahead (#93 batch 20260702T071449) (4672.3635ms)
✔ integrateOrchToBase fast-forwards with generatedAt-only rules-manifest drift on main (#93) (3612.685791ms)
✔ recordBatchBaseSnapshot stores head sha and journals batch.base_snapshot (528.609209ms)
✔ integrateOrchToBase succeeds with uncommitted edits on main (4106.874792ms)
✔ integrateOrchToBase conflict path leaves human checkout and files unchanged (3317.978792ms)
✔ integrateOrchToBase succeeds with uncommitted edits on feature branch (non-base) (2861.434208ms)
✔ integrateOrchToBase dry-run advertises isolated merge plan (668.311209ms)
✔ resolveRulesManifestIntegrateDrift restores main when worker manifest matches orch (#22) (1089.539542ms)
✔ integrateOrchToBase succeeds with worker manifest drift on main matching orch (#22) (4082.713292ms)
✔ resolveRulesManifestIntegrateDrift blocks unrelated dirty files on main (670.569167ms)
✔ resolveRulesManifestIntegrateDrift blocks substantive manifest drift not matching orch (663.176166ms)
✔ resolveRulesManifestIntegrateDrift still clears generatedAt-only drift on main (1238.115041ms)
✔ resolveRulesManifestIntegrateDrift clears generatedAt-only dirty manifest on main (839.496875ms)
✔ integrateOrchToBase succeeds with dirty generatedAt-only rules-manifest on main (4629.424833ms)
✔ inspectHumanBaseSync reports integrate_isolated_ok after plumbing integrate leaves HEAD behind (6079.981416ms)
✔ inspectHumanBaseSync reports human_base_diverged when human commits overlap orch paths (2100.52725ms)
✔ spine sync-base CLI merges landed main into feature branch (3504.967208ms)
✔ DEFAULT_SYNC_TIMEOUT_MS is 60 seconds (0.605791ms)
✔ syncPlumbingMergePathsToWorktree returns ok: true on successful sync (656.693458ms)
✔ syncPlumbingMergePathsToWorktree returns ok: false with timedOut on timeout (672.601375ms)
✔ integrateOrchToBase emits integrate.failed with IntegrateTimeout on sync timeout (3140.507208ms)
✔ successful integrate still emits integrate.completed (regression) (2543.23875ms)
✔ partial sync failure returns ok: false with correct failureClass from integrateOrchToBase (2315.091875ms)
✔ syncPlumbingMergePathsToWorktree succeeds when worktree has paths not in HEAD (1122.858459ms)
✔ syncPlumbingMergePathsToWorktree restores paths that exist in merge commit (781.523333ms)
✔ syncPlumbingMergePathsToWorktree skips diff paths absent from merge commit (744.038334ms)
✔ assertOrchIntegratable refuses empty orch when mergeResults claim success (399.759ms)
✔ assertOrchIntegratable requires integrate when orch is ahead of base (470.955083ms)
✔ reconcileBatch reports needs_integrate when batch completed but orch not on main (1550.513417ms)
✔ completeBatch refuses when orch is ahead but not integrated (1476.339ms)
✔ integrateOrchToBase merges orch into main and journals events (2706.581542ms)
✔ integrateOrchToBase dry-run does not change main HEAD (872.122083ms)
✔ completeBatch succeeds after integrate lands orch on main (3473.9205ms)
✔ integrateOrchToBase aborts merge on conflict and restores checkout (2900.155458ms)
✔ integrateOrchToBase fails when batch state is missing (0.300417ms)
✔ runSpineIntegrate CLI succeeds when orch tip already matches main (455.565417ms)
✔ PRD §20.2 planner yields wave0 {A,C} and wave1 {B} (444.994917ms)
✔ PRD §20.2 two-lane stub batch completes ABC waves (16316.723042ms)
✔ PRD §20.2 mixed-outcome blocks merge; retry resets wave B for resume (12870.858375ms)
✔ runStepReview with worker attach env does not journal when attach suppressed (13.614958ms)
✔ runSpineReviewStep with worker attach env does not journal when attach suppressed (22.059875ms)
✔ runSpineReportProgress with worker attach env does not journal when attach suppressed (2.846375ms)
✔ readJournalEventsCached returns same events as readJournalEvents (32.768375ms)
✔ readJournalEventsCached returns cached copy on second call without file change (10.674708ms)
✔ readJournalEventsCached invalidates when file mtime changes (14.505584ms)
✔ readJournalEventsCached returns empty array for missing file (1.059375ms)
✔ clearJournalCache forces re-read on next call (8.990292ms)
✔ invalidateJournalCache with matching path clears cache (9.306042ms)
✔ invalidateJournalCache with non-matching path preserves cache (8.998209ms)
✔ readJournalEventsCached handles transition from missing to existing file (9.661042ms)
✔ readJournalEventsCached handles switch between different batch IDs (13.881959ms)
✔ runSpineJournal replay exits non-zero when journal missing (3.102333ms)
✔ runSpineJournal replay prints human table (26.889334ms)
✔ runSpineJournal replay --json returns events array (24.226041ms)
✔ exportJournalJsonl returns null when journal missing (3.055458ms)
✔ runSpineJournal export exits non-zero when journal missing (0.974542ms)
✔ runSpineJournal export writes jsonl to stdout (20.984125ms)
✔ runSpineJournal export --output writes file (10.86375ms)
✔ exportJournalMarkdown returns null when journal missing (3.299041ms)
✔ formatJournalMarkdownTimeline produces stable table shape (1.5205ms)
✔ formatJournalMarkdownTimeline escapes pipe characters in summary (0.118125ms)
✔ runSpineJournal export markdown exits non-zero when journal missing (1.232375ms)
✔ runSpineJournal export writes markdown to stdout (19.697958ms)
✔ runSpineJournal export markdown --output writes file (17.499416ms)
✔ detectBatchStateDrift flags running cache when reconcile sees doneInLane without journal terminal (0.893208ms)
✔ deriveStructuralBatchStateFromJournal rebuilds multi-lane skeleton without cache seed (3.089583ms)
✔ resume-parallel-lane-orphan fixture: journal-only rebuild marks resumed tasks running (0.85625ms)
✔ orphan-running-resume fixture: structural + lifecycle rebuild without seed (0.407625ms)
✔ pidless-ghost-running fixture: post-resume task.started wins over historical failure (0.341416ms)
✔ resume-orphan-historical-failure fixture: rebuild ignores pre-resume failure for active task (0.259625ms)
✔ retry-clears-failed-classification fixture: rebuild fixes stale failed cache (0.491584ms)
✔ retry-clears-failed-classification fixture: detectBatchStateDrift flags cache vs journal (0.666791ms)
✔ incident fixtures rebuild from disk matches in-memory journal rebuild (325.5685ms)
✔ readJournalTimeline filters task and batch lifecycle events (0.627958ms)
✔ rebuildBatchStateFromJournal applies task.completed over stale failed cache (1.014709ms)
✔ detectBatchStateDrift flags journal completed vs cache failed (0.294834ms)
✔ detectBatchStateDrift ignores incomplete journal when cache failed (0.091958ms)
✔ incident orphan-running fixture: journal timeline is readable (358.734208ms)
✔ appendJournalEvent writes schema v1 with ISO timestamp and payload (15.605291ms)
✔ readLastTaskFailedEvent returns most recent task.failed (18.089959ms)
✔ redactSecrets masks sensitive keys (0.20075ms)
✔ capPayloadSize truncates oversized payloads (0.139625ms)
✔ normalizeJournalEvent upgrades legacy lines (0.081708ms)
✔ readJournalEvents reads mixed legacy and v1 lines (9.30525ms)
✔ extractJournalDiagnosisHints surfaces failure events from tail (0.422917ms)
✔ commitLaneWorktree commits dirty worktree when .DONE exists (728.366625ms)
✔ commitLaneWorktree fails loud when dirty without .DONE (359.275792ms)
✔ filterPorcelain drops lines matching ignore patterns by full path (0.291209ms)
✔ filterPorcelain drops lines matching ignore patterns by basename (0.071416ms)
✔ filterPorcelain keeps rename targets when only source matches ignore (0.065ms)
✔ filterPorcelain returns empty for empty input (0.045667ms)
✔ mergeLaneToOrch rejects empty merge when lane commits were required (514.62075ms)
✔ mergeLaneToOrch prefers orch for conflicts outside lane file scope (1221.675917ms)
✔ mergeLaneToOrch does not auto-resolve in-scope lane conflicts (1263.701083ms)
✔ dismiss archives batch-state before clearing active file (1282.339ms)
✔ complete with --detect-manual-merge succeeds when orch merged to main (1606.173666ms)
✔ complete refused when mergeResults succeeded but orch not on main (4648.660125ms)
✔ dismiss refused when diagnosis is running without --force (1350.813167ms)
✔ isPostMergeLimbo is true when tasks and merges succeeded with open orch branch (0.6755ms)
✔ isPostMergeLimbo rejects non-running or ended batches (0.089292ms)
✔ isPostMergeLimbo rejects empty or partial task/merge state (0.068875ms)
✔ isPostMergeLimbo respects git orch branch signals (0.063042ms)
✔ isPostMergeLimbo rejects null or non-object state (0.060416ms)
✔ resolveWorkerOutputConfig defaults live log streaming off (0.692708ms)
✔ workerLiveLogPath matches runtime layout (0.096541ms)
✔ truncateLiveLogBytes applies truncation marker when over cap (0.186ms)
✔ appendWorkerLiveLogChunk redacts secrets and enforces byte cap (6.326292ms)
✔ createWorkerLiveLogWriter returns null when streaming disabled (0.2105ms)
✔ runWorker streams subprocess stub output to live log when enabled (5044.747917ms)
✔ runWorker skips live log when streamWorkerOutputLive is false (5037.962ms)
✔ runWorker still writes terminal failure log when live streaming enabled (5083.950458ms)
✔ startAgentSessionWorker flushes transcript chunks to live log (24.385042ms)
✔ appendWorkerLiveLogChunk rolls file with truncation marker when over max bytes (12.597292ms)
✔ MACRO_PHASES exports all eleven lifecycle values (1.240167ms)
✔ deriveMacroPhase: idle when no batch signals (0.128ms)
✔ deriveMacroPhase: planning from batch phase (0.138166ms)
✔ deriveMacroPhase: executing for active running batch (0.100708ms)
✔ deriveMacroPhase: merging phase and needs_merge diagnosis (0.067209ms)
✔ deriveMacroPhase: reviewing when review.started is open (0.140833ms)
✔ deriveMacroPhase: gating for pending gate or post-merge limbo (0.091792ms)
✔ deriveMacroPhase: integrating for needs_integrate and open integrate.started (0.067625ms)
✔ deriveMacroPhase: completed, failed, aborted, paused terminal phases (0.069916ms)
✔ fixture running-batch.json reconciles to executing macro-phase (1234.526792ms)
✔ fixture taskplane-executing.json maps to executing (0.776625ms)
✔ fixture needs-retry-batch.json maps to failed macro-phase (1195.21525ms)
✔ fixture limbo-stale maps to completed macro-phase (1302.398792ms)
✔ all macro-phase enum values are reachable via deriveMacroPhase (0.537084ms)
✔ recordMergeBlocked sets terminal merge_blocked phase and clears enginePid (267.064084ms)
✔ reconcileBatch diagnoses merge_blocked as failed merge, not needs_merge (1416.971291ms)
✔ legacy merging phase with endedAt and failed mergeResults reconciles as failed (1383.387625ms)
✔ findResumableWave skips succeeded merged waves when later wave has pending tasks (0.718708ms)
✔ validateMultiTaskResume allows force resume from merge_blocked (639.46875ms)
✔ buildSuggestedCommand recommends resume --force for merge_blocked phase (0.274292ms)
✔ summarizeMergeFailures extracts failed wave and lane from mergeResults (0.801041ms)
✔ buildMergeFailureHeadline uses 1-based wave number and lane label (0.222667ms)
✔ buildHeadline for failed diagnosis surfaces merge conflict instead of zero failed tasks (0.241291ms)
✔ buildSuggestedCommand for merge failure suggests resume --force (0.148375ms)
✔ buildDiagnosisOutput bundles merge failure headline and command (0.190416ms)
✔ reconcileBatch surfaces merge failure fields distinct from failedTasks (1330.111875ms)
✔ spine status --json includes merge failure fields for monitors (1395.201ms)
✔ spine status --diagnose prints merge failure details in text output (1354.903625ms)
✔ filterGitignoredPaths separates ignored and stageable paths (528.773ms)
✔ gitAddFilteredPaths skips gitignored paths without failing (422.183375ms)
✔ mergeLaneToOrch succeeds when task branch committed gitignored coverage (1891.114917ms)
✔ commitLaneWorktree refuses gitignored-only dirty paths (459.370333ms)
✔ commitLaneWorktree commits tracked files while skipping gitignored dirty paths (964.018417ms)
✔ inferMergeGitignoredFailure detects gitignored merge and lane commit failures (0.268625ms)
✔ buildSuggestedCommand returns git rm --cached repair for gitignored merge failures (0.22075ms)
✔ reconcileBatch surfaces gitignored merge repair command from journal (1375.034083ms)
✔ filterPorcelain remains unchanged for SP-104 ignore patterns (0.304542ms)
✔ mergeLaneToOrch auto-resolves additive docs/PRD.md after origin/main merge task (1765.516459ms)
✔ mergeLaneToOrch fails PRD merge with recovery commands when hunks overlap (1366.189042ms)
✔ formatPrdDocMergeFailure names file and wave recovery (0.215166ms)
✔ isActiveWorkerSession true when SPINE_WORKER_RUNNER is set (0.672209ms)
✔ isActiveWorkerSession false outside worker context (0.078458ms)
✔ runStepReview skips nested reviewer spawn when worker env is set (55.7515ms)
✔ runStepReview skips nested plan review spawn when worker env is set (37.803ms)
✔ runStepReview stub path still works inside worker session (7.564833ms)
✔ runStepReview reaches pi availability check when worker env absent (5.586375ms)
✔ engine parent with leaked worker runner reaches reviewer spawn (5.427791ms)
✔ batch 20260619T020951 SP-306 plan step 0 journals review.skipped not review.failed (24.815625ms)
✔ detectNestedWorkerContext returns reason when SPINE_IS_WORKER=1 (0.736208ms)
✔ detectNestedWorkerContext returns reason when projectRoot is inside .worktrees/spine-* (0.523667ms)
✔ detectNestedWorkerContext returns null for normal projectRoot without worker env (0.125333ms)
✔ startBatch returns error when SPINE_IS_WORKER=1 (14.9875ms)
✔ startBatch returns error when projectRoot is inside .worktrees/spine-* (20.515083ms)
✔ startBatch succeeds normally (no env, normal CWD) — regression (8832.705125ms)
✔ buildWorkerChildEnv includes SPINE_IS_WORKER=1 (11.231959ms)
✔ journalEventsSinceResume excludes pre-resume terminal events (1.795125ms)
✔ detectOrphanRunning: historical task.failed + post-resume silence + dead engine (0.657084ms)
✔ resume orphan with historical failure fixture is not diagnosed as running (1266.895709ms)
✔ terminal event within scoped window still suppresses engine orphan (0.618583ms)
✔ journalIndicatesStalledSession: post-resume start without terminal (1.150083ms)
✔ detectOrphanRunning: PID-less ghost running with post-resume journal stall (0.494542ms)
✔ pidless ghost fixture reconcile is engine_orphaned, not running (1409.688ms)
✔ terminal event within scoped window suppresses PID-less ghost signal (0.321792ms)
✔ isProcessAlive returns false for absent pid (0.686958ms)
✔ resume parallel lane orphan fixture: multiple running on lane 1 (1.092458ms)
✔ resume parallel lane orphan fixture: reconcile is actionable after scoped orphan detect (1314.259708ms)
✔ searchATon orphan incident fixture: dead workerPid is not diagnosed as running (1421.889666ms)
✔ dead workerPid with running task is not diagnosed as running (1174.331708ms)
✔ dead enginePid mid-resume without terminal journal is engine_orphaned (1452.829ms)
✔ running batch without recorded pids still reports running (1379.756875ms)
✔ detectOrphanRunning ignores dead engine when terminal journal exists (0.235833ms)
✔ recordBatchEnginePid persists under resilience and clears on terminal save (323.779833ms)
✔ confirmed pause records batch.paused only after engine persists phase (265.85025ms)
✔ unconfirmed pause does not leave orphan batch.paused journal entry (427.526834ms)
✔ pauseBatch succeeds immediately when no attached engine is alive (175.8565ms)
✔ pauseBatch fails loud when attached engine keeps phase running (423.733875ms)
✔ waitForPauseConfirmation returns true when phase stays paused (304.752791ms)
✔ retryTask succeeds when batch phase is paused (530.496125ms)
✔ retryTask rejects when batch phase is running (285.415458ms)
✔ resolveAttachedMilestonePollMs defaults to 2000ms when config omitted (0.673667ms)
✔ resolveSequencePollMs defaults to 5000ms when config omitted (0.085792ms)
✔ resolveDashboardPollMs defaults to 2000ms when config omitted (0.067333ms)
✔ resolveAttachedMilestonePollMs honors orchestrator.attachedMilestonePollMs override (0.057167ms)
✔ resolveSequencePollMs honors orchestrator.sequencePollMs override (0.055292ms)
✔ resolveDashboardPollMs honors orchestrator.dashboardPollMs override (0.046709ms)
✔ validateOrchestratorConfig rejects invalid poll values (0.155292ms)
✔ validateSpineConfig accepts orchestrator poll overrides (0.296625ms)
✔ waitForSequenceBatchTerminal uses 5000ms default poll interval (0.06275ms)
✔ batch 20260630T212050 orphan-after-merge fixture describes GitHub #59 incident (0.808833ms)
✔ batch 20260630T212050 journal fixture is limbo via resume detect but not bare state (628.898667ms)
✔ hydrateMergeResultsFromJournal enables state limbo detection for batch 20260630T212050 (530.146333ms)
✔ finalizeAttachedLandLoopBeforeExit opens gate for batch 20260630T212050 journal limbo (2304.662833ms)
✔ installAttachedExitFinalizeHandlers finalizes journal limbo on SIGTERM without manual resume (2400.529541ms)
✔ batch 20260629T021550 fixture is post-merge limbo without gate (206.323375ms)
✔ attemptPostMergeLandLoopHandoff finalizes batch 20260629T021550 limbo after SIGTERM (1878.712ms)
✔ resumeBatchDetached --force finalizes post-merge limbo without spawning engine (2021.808958ms)
✔ resumeBatch attached path finalizes batch 20260629T021550 limbo immediately (1789.358833ms)
✔ resumeMultiTaskBatch still finalizes batch 20260629T021550 after orphan_terminated (1873.400417ms)
✔ finalizeResumePostMergeLimbo clears stale engine pid during post-merge limbo (1438.347792ms)
✔ isPostMergeLimbo detects running phase with successful merges (0.640542ms)
✔ deriveDiagnosis returns needs_integrate for post-merge limbo (0.534625ms)
✔ finalizeBatchForIntegrate opens gate from post-merge limbo without resume (1695.862583ms)
✔ resumeMultiTaskBatch opens gate from post-merge limbo without re-running tasks (1945.45175ms)
✔ mixed-outcome post-mortem lists failed IDs and retry hint, not smooth success (1148.341334ms)
✔ false-success reconciliation headline is overridden when failures exist (0.345375ms)
✔ listFailedTaskIds prefers classified terminal-failure tasks (0.661875ms)
✔ collectEvidenceBundle summary.md is honest post-mortem markdown (1364.765ms)
✔ dismissBatch writes post-mortem path into batch history (1455.677833ms)
✔ writeBatchPostMortem persists markdown under runtime batch dir (1345.036417ms)
✔ spine status --verbose includes post-mortem section for active batch (1452.105083ms)
✔ resolveStallConfig defaults progressSnapshotIntervalMinutes to 2 (0.624416ms)
✔ resolveStallConfig applies progressSnapshotIntervalMinutes override (0.078584ms)
✔ buildProgressSnapshotPayload is bounded and omits dirty path lists (0.645708ms)
✔ progressSnapshotPayloadChanged detects field deltas (0.112333ms)
✔ shouldEmitProgressSnapshot respects interval (0.070083ms)
✔ recordLaneProgressSnapshot journals bounded payload (89.9275ms)
✔ runWorker emits lane.progress_snapshot on interval and dedupes unchanged signals (10145.489959ms)
✔ startBatch fails closed on invalid PROMPT before batch starts (250.629875ms)
fatal: malformed object name missing-base-branch
✔ inspectGitState records gitInspectionError when merged-branch scan fails (313.568167ms)
✔ deriveDiagnosis returns git_unavailable when git inspection failed (0.586833ms)
✔ reconcileBatch surfaces git_unavailable instead of limbo_stale on git failure (1241.132583ms)
fatal: malformed object name missing-base-branch
✔ reconcileBatch records count_commits_ahead git errors from real git refs (1459.804042ms)
✔ idle-no-batch returns healthy idle state (371.31925ms)
✔ limbo_stale detected from incident fixture (1291.354459ms)
✔ completed_manual when orch branch merged to main (1577.08225ms)
✔ needs_retry when a task failed (1414.103542ms)
✔ running diagnosis for active batch (1317.974083ms)
✔ runReconciliationCheck matches reconcileBatch output shape (1118.359875ms)
✔ reconcileBatch includes journal hints when journal exists (959.369333ms)
✔ reconcileBatch exposes macroPhase for running batch (1091.413208ms)
✔ reconcileBatch exposes macroPhase for limbo_stale (994.047ms)
✔ failBatchFromEngineError writes batch.failed and clears enginePid (393.675167ms)
✔ reconcileGhostRunningTasks marks running tasks failed without worker (0.219208ms)
✔ resumeMultiTaskBatch fail-closed when post-commit gitPorcelain throws (6619.658417ms)
✔ resumeBatch opens integrate gate before batch.completed journal event (7489.059125ms)
✔ refreshLaneHeartbeatsOnResume aligns lane heartbeats to engineStartedAt (0.7295ms)
✔ taskAlreadyComplete returns false for failed task with stale .DONE on disk (0.542333ms)
✔ resumeBatch after failed retry runs contract verification before succeed (3299.494333ms)
✔ resumeBatch continues paused 2-task 2-lane batch with stub workers (8679.750166ms)
✔ resumeBatch multi path requires existing lane worktrees (367.375458ms)
✔ multi-task batch start → pause → resume completes both tasks (9647.264458ms)
✔ paused multi-task batch diagnose suggests multi-task resume (1129.6965ms)
✔ multi-task startBatch completes two-lane stub batch (start path) (8327.711459ms)
✔ resumeBatch serializes four tasks on one lane (23897.279125ms)
✔ resumeBatch runs two lanes with two tasks each in parallel (14476.407667ms)
✔ validateMultiTaskResume accepts paused 2-task 2-lane batch (649.671416ms)
✔ validateMultiTaskResume rejects batch with zero tasks (622.761959ms)
✔ validateMultiTaskResume rejects missing worktree per lane (467.463416ms)
✔ validateMultiTaskResume allows force resume when wave merge is pending (784.990875ms)
✔ validateResumeBatch delegates to multi validator for single-task batch (462.32525ms)
✔ resolveDetachedWaitTimeoutMs uses long default for wait-terminal orphan resume (0.657042ms)
✔ prepareOrphanResumeHandoff clears stale workerPid before orphan resume (224.308333ms)
✔ clearStaleLaneWorkerPids preserves live worker pid (433.522166ms)
✔ dual-dead lane+engine orphan reconciles as engine_orphaned with attached resume (1415.565834ms)
✔ attached resume --force completes stuck task after plan review orphan stall (8586.084833ms)
✔ detached resume with wait-terminal uses extended timeout constant (0.174167ms)
✔ taskTerminalSuccessInBatch requires succeeded status and journal task.completed (0.664083ms)
✔ resume --force after partial retry does not review.start succeeded task IDs (9410.774667ms)
✔ resume-validation leaf does not import reconcile.mjs (0.897208ms)
✔ isTaskResumable accepts pending, running, and resumable segments (0.142083ms)
✔ computePendingTasks filters to resumable tasks only (0.084875ms)
✔ findResumableWave skips succeeded merged waves when later wave has pending tasks (0.199084ms)
✔ detectPostMergeLimboFromResumeSignals uses state mergeResults without journal (0.186958ms)
✔ detectPostMergeLimboFromResumeSignals detects journal-only limbo when mergeResults empty (0.092625ms)
✔ detectPostMergeLimboFromResumeSignals rejects when gate already exists (0.079709ms)
✔ classifyTasksForOrphanDetect maps running status to running classification (0.63125ms)
✔ pauseBatch sets phase paused and journals batch.paused (337.790959ms)
✔ resumeBatch continues paused single-lane batch (7611.293917ms)
✔ paused spine batch reconciliation suggests spine batch resume (1165.111833ms)
✔ validateBatchState requires segments aligned with tasks (0.360459ms)
✔ retryTask clears stale failure metadata before re-run (225.145625ms)
✔ retry then task.completed updates counters and reconcile diagnosis (986.322333ms)
✔ retry-clears-failed-classification fixture reconciles after success state (1091.639084ms)
✔ retryTask atomically resets task and segment records (182.235792ms)
✔ retryTask fixes segment drift (GAP-RETRY-01) (153.281333ms)
✔ resumeBatch refuses segment drift without retry (247.65425ms)
✔ skipTask marks task skipped and updates counters (157.373875ms)
✔ retryTask rejects when batch is running (166.517875ms)
✔ defaultSegmentId used in segment records (0.17325ms)
✔ detectOrphanedReviewStarted finds orphaned review.started with no matching review.completed (0.669875ms)
✔ detectOrphanedReviewStarted returns empty when review.completed exists (0.08275ms)
✔ detectOrphanedReviewStarted distinguishes code and final review types (0.061833ms)
✔ reconcileOrphanedReviewEvents synthesizes completion when APPROVE artifact on disk (20.220792ms)
✔ reconcileOrphanedReviewEvents does NOT synthesize when no artifact on disk (2.907083ms)
✔ reconcileOrphanedReviewEvents does NOT synthesize for REVISE verdict (4.495291ms)
✔ findCompletedCodeReview honors artifact at attempt > 0 (3.015417ms)
✔ normal review flow (no crash) still works correctly (0.157416ms)
✔ reconcileOrphanedReviewEvents handles final review with PASS verdict (13.5925ms)
✔ buildReviewerSystemPrompt includes project standards when rules manifest exists (19.975208ms)
✔ buildReviewerSystemPrompt emits reviewer.rules_selected journal event (20.621333ms)
✔ buildReviewRequest user prompt does not include injected standards block (0.314959ms)
✔ runStepReview stub path does not emit reviewer.rules_selected (32.836167ms)
✔ isNoiseReviewScopePath matches runtime artifact paths (0.862167ms)
✔ filterReviewScopeNoise dedupes and drops noise (0.657292ms)
✔ resolvePlanReviewScopePaths returns PROMPT File Scope minus noise (1.622167ms)
✔ resolveReviewScopePaths plan uses task PROMPT file scope (1.434833ms)
✔ resolveReviewScopePaths final returns empty scope (0.071833ms)
✔ resolveCodeReviewScopePaths uses baseline..HEAD when baseline provided (297.067625ms)
✔ resolveCodeReviewScopePaths falls back to git diff --name-only without baseline (255.422875ms)
✔ resolveReviewScopePaths code honors injectable git runner (0.278625ms)
✔ resolveCodeReviewScopePaths returns empty array when git fails (0.094625ms)
✔ parseReviewLevel reads PROMPT heading (0.710416ms)
✔ isReviewTypeRequired follows Taskplane rubric (0.087542ms)
✔ formatReviewTimestamp strips separators from ISO time (1.063834ms)
✔ buildReviewArtifactPath uses step-timestamp pattern (0.216916ms)
✔ buildFinalReviewArtifactPath uses final-timestamp pattern (0.124709ms)
✔ normalizeVerdict maps enums by review type (0.106959ms)
✔ normalizeFinalVerdict and normalizeCodeVerdict are type-specific aliases (0.07775ms)
✔ parseReviewVerdict reads JSON and markdown verdicts (0.598666ms)
✔ parseReviewVerdict accepts PASS REVISE REPLAN when reviewType is final (0.192792ms)
✔ parseReviewVerdict step mode rejects final-only verdict enums (0.21ms)
✔ parseFinalReviewVerdict accepts PASS, REVISE, and REPLAN (0.24225ms)
✔ parseFinalReviewVerdict omits heading summary unlike parseReviewVerdict (0.13075ms)
✔ shouldRunCodeReview requires review level 2 or higher (0.081ms)
✔ shouldRunFinalReview skips when review level is 0 (0.0745ms)
✔ DEFAULT_REVIEW_SPAWN_TIMEOUT_MS is 90 minutes (0.525791ms)
✔ honorReviewSpawnFailureWhenEligible honors final review when contract passed (10.286083ms)
✔ honorReviewSpawnFailureWhenEligible skips when contract failed (3.039ms)
✔ honorReviewSpawnFailureWhenEligible honors code review with .DONE (2.028083ms)
✔ buildReviewerPiArgs includes --model when config pins reviewer (4.454458ms)
✔ buildReviewerPiArgs omits --model when reviewer model is inherit (1.279458ms)
✔ buildReviewerPiArgs uses per-type model override for matching reviewType (1.166667ms)
✔ buildReviewerPiArgs falls back to top-level reviewer pin when per-type block missing (1.313292ms)
✔ buildReviewerPiArgs cascades per-type inherit to top-level reviewer pin (1.549791ms)
✔ spawnReviewerPi fails closed when pi unavailable via SPINE_REVIEW_TEST_NO_PI (1.71425ms)
✔ buildReviewerChildEnv strips SPINE_WORKER_RUNNER from reviewer child env (0.39825ms)
✔ shouldBlockNestedReviewerSpawn false when only worker runner leaked on engine (0.108208ms)
✔ spawnReviewerPi allows engine spawn when worker runner leaked without journal attach (1.554458ms)
✔ shouldBlockNestedReviewerSpawn true inside live worker child session (0.1555ms)
✔ parseReviewLevel reads PROMPT heading (0.751042ms)
✔ isReviewTypeRequired follows Taskplane rubric (0.105542ms)
✔ buildReviewArtifactPath uses step-timestamp pattern (1.153166ms)
✔ buildFinalReviewArtifactPath uses final-timestamp pattern (0.097625ms)
✔ parseReviewVerdict reads JSON and markdown verdicts (0.5055ms)
✔ parseReviewVerdict accepts PASS REVISE REPLAN when reviewType is final (0.116875ms)
✔ parseReviewVerdict step mode rejects final-only verdict enums (0.099958ms)
✔ parseReviewVerdict accepts PASS REVISE REPLAN for final review type (0.062792ms)
✔ resolveBatchJournalContext ignores SPINE_BATCH_ID without SPINE_JOURNAL_ATTACH (0.176917ms)
✔ isJournalAttachBlocked honors SPINE_SUPPRESS_JOURNAL_ATTACH (0.059834ms)
✔ resolveBatchJournalContext blocked when attach suppressed (0.09775ms)
✔ runStepReview ignores SPINE_REVIEW_STUB_FAIL without stub mode (7.783459ms)
✔ runStepReview stub APPROVE writes artifact and journal events (21.091709ms)
✔ runStepReview stub REVISE returns exitCode 2 (2.227917ms)
✔ runStepReview fail-closed on stub spawn failure (22.29575ms)
✔ runStepReview skips when review level does not require type (1.942834ms)
✔ runStepReview final stub PASS writes final artifact path (2.402625ms)
✔ runStepReview final spawn failure exits non-zero at review level >= 1 (1.7375ms)
✔ runSpineReviewStep CLI --type final emits JSON verdict (2.537375ms)
✔ runSpineReviewStep CLI emits JSON verdict (15.012833ms)
✔ assertReviewToolAvailable fails closed without pi at review level > 0 (13.926ms)
✔ runWorker fails closed when review tool unavailable at level > 0 (8.277375ms)
✔ stub worker stops when enforced review spawn fails (80.897041ms)
✔ DEFAULT_REVIEW_SPAWN_TIMEOUT_MS remains 90 minutes (backstop unchanged) (0.603834ms)
✔ runStepReview honors on-disk APPROVE while pi hangs — seconds not stall timeout (258.241208ms)
✔ resolveReviewerModelPin returns per-type override when set (0.673542ms)
✔ resolveReviewerModelPin falls back to top-level when per-type block missing (0.09225ms)
✔ resolveReviewerModelPin cascades per-type inherit to top-level pin (0.071334ms)
✔ resolveReviewerModelPin returns null for top-level inherit (0.055708ms)
✔ resolveReviewerModelPin returns null when reviewer block absent (0.232166ms)
✔ resolveReviewerThinkingPin returns per-type override when set (0.171875ms)
✔ resolveReviewerThinkingPin falls back to top-level when per-type block missing (0.098875ms)
✔ resolveReviewerThinkingPin cascades per-type inherit to top-level pin (0.062375ms)
✔ resolveReviewerThinkingPin returns null for off at any level (0.086208ms)
✔ resolveReviewerThinkingPin returns null when reviewer block absent (0.055958ms)
✔ resolveRulesManifestGeneratedAtMerge keeps newest generatedAt (0.670375ms)
✔ resolveRulesManifestGeneratedAtMerge fails when rules differ (0.073167ms)
✔ fingerprintRulesManifest ignores generatedAt (0.054334ms)
✔ mergeLaneToOrch clears generatedAt-only dirty rules-manifest before merge (1286.026833ms)
✔ mergeLaneToOrch auto-resolves generatedAt-only rules-manifest conflict (1298.55225ms)
✔ mergeLaneToOrch fails loud when rules[] differ (1305.590334ms)
✔ mergeLaneToOrch does not auto-resolve when other paths conflict (957.723375ms)
✔ tryAutoResolveRulesManifestMergeConflict resolves in-progress merge (989.944125ms)
✔ appendTaskMetric writes TaskMetricRecord JSONL line (6.199875ms)
✔ buildTaskMetricRecord includes laneNumber and durationMs when available (0.313083ms)
✔ buildTaskMetricRecord omits laneNumber when not a positive lane (0.13475ms)
✔ metrics.enabled false skips append without error (0.962667ms)
✔ resolveTaskMetricOutcome maps skipped_done_on_disk to skipped (0.180208ms)
✔ appendTaskMetric redacts secret-like fields and omits prompt text (1.903666ms)
✔ skipTaskDoneOnDisk records skipped task metric (10.495209ms)
✔ appendBatchMetric writes BatchMetricRecord JSONL line (1.686917ms)
✔ recordBatchTerminalMetric skips when metrics disabled (0.63125ms)
✔ dismissBatch appends batch metric line (768.198584ms)
✔ spine metrics show filters by batch and formats table output (2.021167ms)
✔ spine metrics show CLI filters by batch id (112.030459ms)
✔ resolveSalvageConfig defaults autoCommitOnStall to false (0.613ms)
✔ validateSpineConfig rejects non-boolean autoCommitOnStall (0.543708ms)
✔ recordTaskFailureSalvage with autoCommitOnStall commits scoped paths on lane branch (563.057625ms)
✔ recordTaskFailureSalvage without autoCommitOnStall does not commit (381.760416ms)
✔ salvage commit refuses merge_in_progress and index_conflicts (596.957541ms)
✔ salvage commit refuses pre-commit hook failure (572.73475ms)
✔ atomic retry retains salvage WIP commit on lane branch (659.988417ms)
✔ inspectLaneSalvage scopes porcelain to file scope and task folder (268.513958ms)
✔ recordTaskFailureSalvage journals inspection and writes evidence without committing (529.813333ms)
✔ writeSalvageEvidence writes pretty JSON atomically without temp files (171.623667ms)
✔ startBatch worker failure with dirty scoped file emits salvage and diagnose hint (7612.67325ms)
✔ parseSequenceArgs honors --auto-approve-gate and --force (0.655125ms)
✔ spine run sequence --auto-approve-gate dry-run succeeds under stub (441.907833ms)
✔ spine run sequence --auto-approve-gate refused for real pi without --force (465.696958ms)
✔ spine run sequence --auto-approve-gate --force dry-run s
Coverage run aborted: 1 test failure(s).
