Contract testCommand failure log
Command: npm run typecheck && SPINE_WORKER_STUB=1 node --experimental-strip-types --test tests/batch/status-classification-align.test.mjs && npm run coverage:check
Exit code: 1
Attempt: 1 of 2
Timestamp: 2026-07-07T17:14:43.125Z
Buffer overflow: no
---

> pi-spine@1.8.0 typecheck
> tsc --project tsconfig.json --noEmit && tsc --project tsconfig.batch.json --noEmit

✔ alignTaskClassificationWithStatus keeps failed + stale lane .DONE as terminal-failure (0.610625ms)
✔ alignTaskClassificationWithStatus keeps pending after retry despite stale lane .DONE (0.087959ms)
✔ alignTaskClassificationWithStatus preserves running + lane .DONE for drift reconcile (0.063417ms)
✔ classifyTasks agrees status and classification for failed task with lane .DONE (160.332459ms)
✔ post-retry reconcile diagnose agrees status and classification (821.119583ms)
✔ syncPersistedClassifications clears stale failure classification after retry (168.364208ms)
ℹ tests 6
ℹ suites 0
ℹ pass 6
ℹ fail 0
ℹ cancelled 0
ℹ skipped 0
ℹ todo 0
ℹ duration_ms 1237.822334

> pi-spine@1.8.0 coverage:check
> node scripts/run-coverage.mjs

✔ adoption fixture: init, plan, stub batch AD-001 creates .DONE (16115.045292ms)
✔ adoption integration: REPLAN final verdict surfaces needs_replan diagnosis (15491.895417ms)
✔ worker.md documents spine tools, stall checkpoint, and coverage policy (0.849541ms)
✔ worker.md documents engine-owned code and final review after .DONE (0.307583ms)
✔ reviewer.md documents final PASS REVISE REPLAN verdicts (0.238625ms)
✔ worker-prompt tail aligns with worker.md commit and review conventions (0.4635ms)
✔ buildWorkerTailPrompt does not contradict worker.md on commit format (12.708459ms)
✔ buildAgentSessionWorkerPrompt includes review hint when level > 0 (2.540042ms)
✔ buildWorkerPiArgs omits -ne when no pi-web-access conflict (15.629541ms)
✔ buildWorkerPiArgs includes -ne before -p when extension conflict detected (17.052292ms)
✔ formatPiExtensionConflictHint surfaces pi-web-access remediation (0.345083ms)
✔ abortBatch archives batch-state before clearing active file (952.873875ms)
✔ abortBatch journals batch.aborted and preserves prior journal tail (1450.667291ms)
✔ abortBatch writes abort signal without killing on graceful abort (1194.468958ms)
✔ hard abort removes lane worktree when cleanup enabled (1477.21025ms)
✔ hard abort keeps worktree when cleanupOnHardAbort is false (1019.733625ms)
✔ abortBatch fails when no active batch (344.148041ms)
✔ mergeLaneToOrch auto-resolves disjoint adoption doc edits without force-merge (4744.353584ms)
✔ mergeLaneToOrch fails adoption doc merge with recovery commands when hunks overlap (2631.088875ms)
✔ formatAdoptionDocMergeFailure names file and wave recovery (0.194375ms)
✔ agent session abort failure journals lane.worker_abort_failed (1427.846959ms)
✔ formatAttachedMilestoneLine renders land-loop journal types (0.64075ms)
[spine] batch.started
[spine] task.started SP-343
[spine] task.completed SP-343
[spine] batch.merge_started wave=0
[spine] batch.merge_completed wave=0
[spine] gate.opened
[spine] gate.evidence_collecting
[spine] gate.evidence_completed
[spine] batch.completed
[spine] batch.land_loop_finalized

Batch started

Batch 20260707T171214 completed: SP-343 succeeded; merged to orch/spine-20260707T171214.
  → spine gate status
  → spine gate approve
  → spine integrate
  → spine batch complete

Batch 20260707T171214 ready to integrate orch branch to main

  → spine integrate

  Alternatives:
    • /spine-integrate
    • /spine-gate
    • spine status --diagnose

  Batch: 20260707T171214
  Task: SP-343
✔ runSpineBatch attached start returns integrate handoff without process.exit in tests (15011.596083ms)
✔ attached batch CLI subprocess exits after completed with stdout milestones (11163.612333ms)
✔ formatAttachedBatchCliResult includes diagnosis suggested command (0.31575ms)
✔ enforceAttachedEngineSingleOwner fails fast when engine PID is alive (1103.170875ms)
✔ enforceAttachedEngineSingleOwner orphans prior engine with --force (1481.666167ms)
✔ resumeBatch rejects second attached resume when engine PID is alive (1303.241542ms)
✔ resumeBatchDetached rejects spawn when attached engine PID is alive (1018.471125ms)
✔ runAttachedBatchEngine blocks attached start when engine PID is alive (879.62575ms)
✔ isLastWaveIndex matches batch 20260618T000943 wave plan (0.61475ms)
✔ maybeFinalizeAfterWaveMerge opens gate for last-wave post-merge limbo (5288.299583ms)
✔ resumeMultiTaskBatch finalizes post-merge limbo even with stale engine pid (2556.419041ms)
✔ terminateStaleDetachedEngine still clears stale engine during post-merge limbo resume handoff (607.546333ms)
✔ startBatch multi-wave attached path opens gate after wave 1 without resume (17220.262208ms)
✔ attached milestone types include batch.merge_blocked (0.644041ms)
✔ formatAttachedBatchCliResult prints merge failure headline and exits non-zero for merge_blocked (3998.324833ms)
✔ runAttachedBatchEngine streams merge_blocked milestone before merge failure CLI output (4192.52725ms)
✔ mergeEngineStateWithDiskPause adopts operator pause from disk (1316.381417ms)
✔ saveEngineBatchState does not clobber phase paused during heartbeat-style saves (1354.738041ms)
✔ enforceOperatorPauseOnDisk re-asserts paused after engine overwrite (3262.788292ms)
✔ pauseBatch confirms when attached engine heartbeat saves honor pause (2529.634625ms)
✔ journalIndicatesPausedForceResume matches paused force resume journal (0.87175ms)
✔ detectOrphanRunning suppresses engine_orphaned after paused force resume with doneInLane + contract (2106.222125ms)
✔ reconcilePausedResumeDoneInLane promotes running cache task with lane .DONE (1779.395541ms)
✔ pause → SIGTERM → resume cycle does not produce engine_orphaned in reconcile (2814.869875ms)
✔ enforceAttachedEngineSingleOwner force handoff from paused records orphan without engine_orphaned drift (1882.339292ms)
✔ batch 20260620T194352 fixture is post-merge limbo without gate (1442.948917ms)
✔ attemptPostMergeLandLoopHandoff finalizes in-process after SIGTERM-shaped limbo (4172.929875ms)
✔ finalizeAttachedPostMergeLimbo is idempotent when gate already open (2301.3105ms)
✔ resume after orphan_terminated journal opens gate for batch 20260620T194352 pattern (2861.821833ms)
✔ installAttachedEngineShutdownHandlers finalizes on SIGTERM without manual resume (2864.777625ms)
✔ terminateStaleDetachedEngine during post-merge limbo still allows resume finalize (2869.66425ms)
✔ shouldAutoIntegrateAfterWave is false by default (0.592167ms)
✔ shouldAutoIntegrateAfterWave is true when configured and not last wave (0.082834ms)
✔ shouldAutoIntegrateAfterWave is false on last wave (0.050875ms)
✔ issue #25: retry unblocks failed phase when only pending tasks remain (7475.123084ms)
✔ issue #25: failed phase with pending-only limbo resumes without --force (2356.100917ms)
✔ retry keeps failed phase when other failed tasks remain (532.821917ms)
✔ diagnosis suggests resume --force for failed-phase pending-only limbo (0.1935ms)
✔ parseSupersededReplacementIds extracts child task IDs (2.543291ms)
✔ assertBatchStartTasksNotSuperseded rejects superseded IDs (1834.8115ms)
✔ assertBatchStartTasksNotSuperseded allows pending IDs (1565.716542ms)
✔ assertBatchStartTasksNotSuperseded honors --force-superseded (1483.355917ms)
✔ resolveBatchStartScope rejects explicit superseded task IDs (1028.840666ms)
✔ resolveBatchStartScope allows superseded IDs with forceSuperseded (587.61775ms)
✔ startBatch dry-run rejects superseded explicit scope (342.249333ms)
✔ startBatch dry-run allows superseded scope with forceSuperseded (391.388041ms)
✔ parseBatchArgs maps --wave on start to waveFilter (0.828334ms)
✔ parseBatchArgs strips --wave value from scope for wave 0 (0.093625ms)
✔ buildAttachedBatchStartArgv forwards waveFilter to detached engine (0.632416ms)
✔ startBatch dry-run with pending scope and --wave 0 selects planner wave 0 (2025.472541ms)
✔ startBatch dry-run with --wave selects planner wave task IDs (1737.545208ms)
✔ wave-filtered dry-run matches explicit wave task scope dry-run (1327.177292ms)
✔ complete handoff preserves newer active batch (073511 vs 073937 race) (9.212625ms)
✔ clearStaleTerminalBatchStateForStart removes completed batch-state pointer (4.139459ms)
✔ assertNoActiveBatch clears stale completed pointer before start handoff (6.384917ms)
✔ runBatchComplete clears active batch-state when no newer batch took over (4581.616333ms)
✔ new batch save replaces terminal completed cache with different batchId (20.072709ms)
✔ evaluateBatchStateWriteGuard rejects writes from non-owner live engine (9.695458ms)
✔ saveSpineBatchState rejects resurrecting archived batch cache (7.785667ms)
✔ resolveStallConfig defaults checkpoint warning and no file-scope grace extension (0.655458ms)
✔ file-scope mtime is activity only — does not extend stall deadline by default (0.214458ms)
✔ checkpoint signals extend grace; STATUS update moves deadline (0.069333ms)
✔ shouldEmitCheckpointWarning after activity without checkpoint threshold (0.108042ms)
✔ resolveScopedDirtyPaths limits porcelain to file scope and task folder (573.419583ms)
✔ lane.checkpoint_warning journal event and diagnose hints (22.446167ms)
✔ extractJournalDiagnosisHints omits stale checkpoint_warning older than 30 minutes (0.61475ms)
✔ collectProgressSignals includes dirtyPaths for scoped changes (885.14125ms)
✔ verifyContract uses base-satisfied when scope predates task PROMPT on base (2928.460459ms)
✔ verifyContract passes when scope is on base and lane has zero implementation diff (2318.594042ms)
✔ verifyContract fails base-satisfied scope when testCommand fails (6420.564834ms)
✔ verifyStubFileScopeMustChange passes when base already satisfies scope (1035.905834ms)
✔ isBaseScopeSatisfied is false when base lacks scope changes (1346.216916ms)
✔ runFinalReviewPhase fails fast with contract_failed and does not consume finalAttempts (7690.751334ms)
✔ reconcileBatch surfaces contract_failed headline for failed task (2160.22775ms)
✔ verifyContract satisfies pre-landed fileScopeMustChange when testCommand and artifacts pass (2789.059833ms)
✔ verifyContract still fails pre-landed scope when testCommand fails (6891.781333ms)
✔ verifyStubFileScopeMustChange passes delivery-only STATUS when source scope pre-landed (1160.660875ms)
✔ verifyContract passes delivery-only STATUS.md fileScopeMustChange contract (1337.661792ms)
✔ resolvePromptRelPath derives task PROMPT from spine-tasks delivery changes (575.844625ms)
✔ isFileScopePatternPrelanded detects scope changed on main after task intro (1178.357709ms)
✔ resolveTaskStartCommit ignores resumed task.started after same-task lane.committed (0.742375ms)
✔ verifyContract passes fileScopeMustChange after pause/retry/resume when lane commit exists (2546.482042ms)
✔ testCommand fails once then succeeds on retry — contract passes (132.804333ms)
✔ testCommand fails all retries — contract_failed as before (59.257917ms)
✔ retry count configurable via spine-config contract.testRetries (272.946958ms)
✔ failed output captured to .reviews/ directory (123.821791ms)
✔ no retry when testCommand succeeds first time (no performance cost) (90.335708ms)
✔ writeContractFailureLog creates log file with header (30.435084ms)
✔ writeContractFailureLog returns null when taskFolder is undefined (0.584709ms)
✔ CONTRACT_TEST_DEFAULT_RETRIES is 1 (0.082ms)
✔ CONTRACT_TEST_RETRY_DELAY_MS is 5000 (0.054667ms)
✔ multiple failure logs captured across retry attempts (157.766792ms)
✔ parseContract extracts stallTimeoutMinutes and extendGraceOnFileScope (1.256709ms)
✔ resolveTaskStallMinutes uses max of global, size floor, and contract override (0.114708ms)
✔ resolveStallConfigForTask applies contract stallTimeoutMinutes to stallTimeoutMs (0.143333ms)
✔ resolveStallConfigForTask honors contract extendGraceOnFileScope (0.059459ms)
✔ resolveWorkerPiTimeoutMs aligns with contract stall budget (0.091167ms)
✔ runWorker with contract stall override survives beyond global stall budget (scaled) (5209.488208ms)
✔ runWorker without contract override stalls at scaled global budget (5130.441709ms)
✔ isDeliveryArtifactPath accepts STATUS.md-only patterns (0.813625ms)
✔ isDeliveryArtifactPath accepts .DONE-only patterns (0.336125ms)
✔ isDeliveryArtifactPath accepts task-folder delivery globs (0.12275ms)
✔ isDeliveryArtifactPath rejects implementation and tasks-root paths (0.086042ms)
✔ isImplementationScopePattern detects source and tooling roots (0.057ms)
✔ isStubDeliveryOnlyScope is true for delivery-only pattern sets (0.104458ms)
✔ isStubDeliveryOnlyScope rejects mixed implementation and delivery patterns (0.072709ms)
✔ isStubDeliveryOnlyScope rejects empty pattern lists (0.046ms)
✔ isDeliveryArtifactPath honors custom tasksRoot (0.168167ms)
✔ resolveTaskStartCommit returns distinct start commits for serialized lane tasks (0.793667ms)
✔ resolveTaskStartCommit prefers task.started payload commit over prior lane.committed (0.102ms)
✔ resolveTaskStartCommit returns null when task.started is missing (main...HEAD fallback) (0.072625ms)
✔ resolveTaskStartCommit resolves git HEAD at task.started timestamp when journal lacks commit (863.097292ms)
✔ CONTRACT_TEST_COMMAND_MAX_BUFFER exceeds legacy 256KB limit (0.582833ms)
✔ runContractTestCommand captures large stdout without killing child (65.06825ms)
✔ runContractTestCommand surfaces ENOBUFS with scoped testCommand guidance (64.796917ms)
✔ verifyContract reports buffer overflow with scoped testCommand guidance (5366.001375ms)
✔ buildContractTestEnv moves SPINE_BATCH_ID to SPINE_PARENT_BATCH_ID (0.645541ms)
✔ detectNestedWorkerContext blocks parent batch in lane worktree (0.227208ms)
✔ startBatch blocks nested spawn when SPINE_PARENT_BATCH_ID set in lane worktree (42.535583ms)
✔ buildContractTestEnv allows isolated fixture batch start without parent batch id (4.464792ms)
✔ listChangedFiles with sinceCommit scopes diff to commits after anchor (659.329291ms)
✔ listChangedFiles without sinceCommit preserves baseBranch...HEAD (483.523666ms)
✔ verifyContract with sinceCommit ignores prior same-lane task fileScopeMustNotChange violations (656.879708ms)
✔ verifyContract without sinceCommit preserves cumulative lane branch behavior (588.85625ms)
✔ buildContractTestEnv removes worker-only keys (0.770917ms)
✔ runContractTestCommand subprocess does not inherit SPINE_IS_WORKER (52.410208ms)
✔ verifyContract testCommand passes under worker env when subprocess is sanitized (90.61975ms)
✔ verifyContract passes when testCommand exits 0 (62.602375ms)
✔ verifyContract fails when testCommand exits non-zero (41.492458ms)
✔ verifyContract checks artifactsMustExist paths in worktree (65.433792ms)
✔ verifyContract expands glob patterns in artifactsMustExist (44.080625ms)
✔ verifyContract returns ok with empty checks when contract has no verify fields (38.131833ms)
✔ verifyContract enforces fileScopeMustChange and fileScopeMustNotChange (772.624ms)
✔ verifyContract checks minLineCoverage from command output (115.312166ms)
✔ shouldRunContractVerify skips legacy TP-* tasks and absent contract sections (0.283875ms)
✔ matchesContractPattern supports glob paths (0.193584ms)
✔ parseAggregateLineCoverage parses coverage table rows (0.107125ms)
✔ SP-193-shaped placeholder contract fails validateContract in required mode (1.545084ms)
✔ verifyContract passes SP-193-shaped contract when scoped files changed (1161.566042ms)
✔ fileScopeMustChange trailing-slash pattern matches files under directory prefix (837.054792ms)
✔ fileScopeMustChange trailing-slash pattern fails when no files under prefix changed (603.964542ms)
✔ fileScopeMustChange exact-path and glob behavior preserved alongside trailing-slash (1006.853542ms)
✔ waitForDetachedBatchResume waits for integrate gate after batch completes (576.832209ms)
✔ waitForDetachedBatchResume completes without gate when integrate gate not required (630.017208ms)
✔ prepareDetachedResumeEngineHandoff terminates stale engine before resume spawn (41.352042ms)
✔ resolveDefaultResumeWaitTerminal returns true for engine_orphaned without flags (0.579125ms)
✔ resolveDefaultResumeWaitTerminal respects explicit flags (0.087167ms)
✔ detectPostMergeLimboForResume matches journal-only limbo for batch 20260629T210738 (1644.471208ms)
✔ postMergeLimbo diagnosis suggests spine batch resume --force (0.689083ms)
✔ resumeBatchDetached --force finalizes journal-only limbo without spawning engine (3761.819ms)
✔ detached batch start opens integrate gate after stub engine completes (10211.490625ms)
✔ timeout_waiting_for_batch with dead enginePid reconciles as engine_orphaned not running (2156.487125ms)
✔ startBatchDetached persists spawn enginePid before wait on timeout failure path (31363.851ms)
✔ parseBatchArgs defaults to detached start (attached flag off) (0.881542ms)
✔ parseBatchArgs --attached opts into foreground engine (0.080042ms)
✔ buildAttachedBatchStartArgv forwards scope and skip-preflight (0.63575ms)
✔ formatDetachedBatchStartOutput includes monitor hints (0.221417ms)
✔ batch start returns quickly and runs engine in background (10790.776875ms)
✔ parseBatchArgs resume defaults to detached (attached flag off) (0.144458ms)
✔ buildAttachedBatchResumeArgv forwards force (0.089917ms)
✔ formatDetachedEngineOutput includes resume wording (0.11ms)
✔ waitForDetachedBatchResume returns engine_started by default (699.30275ms)
✔ waitForDetachedBatchResume with waitTerminal returns resume_completed (993.566625ms)
✔ collectDetachedFailureDiagnostics includes task.failed summary and log tails (205.0935ms)
✔ parseBatchArgs accepts --wait-terminal (0.1815ms)
✔ batch resume returns quickly and runs engine in background (9933.530291ms)
✔ inferLaunchFailureKind ignores DirtyWorktree exitReason (0.681208ms)
✔ buildHeadline prefers DirtyWorktree over worker launch (0.349958ms)
✔ buildSuggestedCommand for DirtyWorktree suggests coverage cleanup and retry (0.183583ms)
✔ buildHeadline surfaces review_exhausted primary failure (0.142417ms)
✔ buildSuggestedCommand for review_exhausted suggests batch retry (0.052084ms)
✔ buildHeadline surfaces contract_failed primary failure (0.074708ms)
✔ buildSuggestedCommand for contract_failed suggests PROMPT edit and retry (0.071584ms)
✔ buildDiagnosisOutput bundles primary failure class without launch headline (0.168166ms)
✔ reconcileBatch aligns hasFailedTasks with segment drift and DirtyWorktree headline (2129.233959ms)
✔ reconcileBatch diagnoses review_exhausted from failed task exitReason (2254.95975ms)
✔ buildHeadline surfaces PI_SPINE_ROOT launch failure (0.864ms)
✔ buildHeadline surfaces lane commit failures after worker completion (0.114375ms)
✔ buildSuggestedCommand prefers spine doctor for launch failures (0.228917ms)
✔ inferLaunchFailureKind reads worker output hints from journal (0.203584ms)
✔ extractJournalDiagnosisHints prioritizes setup hook and merge blocked events (1.268209ms)
✔ formatMixedOutcomeMessage lists succeeded tasks and spine batch retry guidance (0.182416ms)
✔ reconcileBatch diagnoses launch failure wave from fixture (1966.305917ms)
✔ buildDiagnosisOutput bundles launch failure headline and command (0.205083ms)
✔ DIAGNOSIS_TAXONOMY includes worker_orphaned distinct from needs_retry (0.707708ms)
✔ inferLaunchFailureFromWorkerOutputTail reads PI_SPINE_ROOT hints from log tail (0.138375ms)
✔ buildSuggestedCommand prefers abort for ghost running cluster (0.195709ms)
✔ buildHeadline surfaces worker_orphaned launch failure from worker output context (0.283958ms)
✔ worker_orphaned after plan review nested_spawn_blocked suggests batch retry (0.091625ms)
✔ dead lane workerPid diagnoses worker_orphaned not needs_retry (1944.028958ms)
✔ dead workerPid after lane.completed does not diagnose worker_orphaned (2338.2815ms)
✔ worker_orphaned enriches launch headline from worker output log without task.failed (2304.86075ms)
✔ multiple ghost running tasks on one lane prefer spine batch abort (1750.808208ms)
✔ segment drift still diagnoses needs_retry (1210.146792ms)
✔ buildDiagnosisOutput bundles worker_orphaned headline and command (0.291083ms)
✔ isRunningWithoutActiveWorkers is false when workers are active (0.630875ms)
✔ isRunningWithoutActiveWorkers detects all-terminal tail state (0.076083ms)
✔ buildRunningTailHeadline maps macroPhase merging to operator text (0.210708ms)
✔ buildRunningTailHeadline maps gating / post-merge limbo (0.12225ms)
✔ buildHeadline preserves generic running when workers are active (0.241292ms)
✔ deriveMacroPhase uses journal merge tail when diagnosis is running without workers (0.282167ms)
✔ deriveMacroPhase stays executing when workers are active (0.0755ms)
✔ tail-state fixture reconciles without bare is running headline (2005.072334ms)
✔ tail-state headline matches batch 20260701T031142 shape via buildHeadline (0.20375ms)
✔ isCoverageArtifactPath matches extension/coverage and root coverage dirs (0.758459ms)
✔ isPathInFileScope matches exact paths and directory prefixes (0.150416ms)
✔ filterOutOfScopeCoveragePorcelain drops modified coverage outside file scope (0.567625ms)
✔ filterOutOfScopeCoveragePorcelain keeps in-scope coverage modifications (0.098625ms)
✔ restoreOutOfScopeCoverageArtifacts resets tracked coverage files (817.591416ms)
✔ resolvePostLaneCommitPorcelain restores and filters out-of-scope coverage (894.361084ms)
✔ commitLaneAndValidateWorktree succeeds when only out-of-scope coverage is dirty (1509.085583ms)
✔ commitLaneAndValidateWorktree fails when dirty without .DONE (1008.951792ms)
✔ isWorktreeDeletionPorcelainLine matches unstaged deletions (0.64875ms)
✔ isSymlinkOnlyDriftPorcelain is true only for deletion-only porcelain (0.554042ms)
✔ filterSetupHookSymlinkDriftPorcelain clears deletion-only drift (0.132083ms)
✔ parseLaneWorktreeIdentity extracts batch and lane from worktree path (0.716125ms)
✔ resolvePostLaneCommitPorcelain repairs hook symlink drift (1691.621083ms)
✔ commitLaneAndValidateWorktree succeeds when hook symlink drifts after PASS (1924.759083ms)
✔ dismissBatch kills live stub worker PID and journals lane.worker_terminated (2331.777833ms)
✔ shouldRunCodeReview requires review level 2 or higher (0.638291ms)
✔ findCodeReviewStepNumber prefers step with code review checkpoint (13.5245ms)
✔ findCompletedCodeReview honors journal review.completed code APPROVE (4.490333ms)
✔ findCompletedCodeReview honors step artifact APPROVE for code review step (10.575ms)
✔ runTaskOnLane runs engine code review for RL2 without worker nested spawn (6615.79325ms)
✔ runTaskOnLane skips engine code review when review level is 0 (5957.473125ms)
✔ runTaskOnLane skips engine code review when review level is 1 (6045.757667ms)
✔ runTaskOnLane honors journal review.completed code APPROVE without duplicate spawn (6127.065709ms)
✔ runTaskOnLane re-invokes worker after code REVISE and succeeds on APPROVE (11103.968958ms)
✔ resolveReviewSpawnTimeoutMs aligns with stall budget for M tasks (0.670791ms)
✔ runStepReview journals review.failed with review_timeout on hung spawn (277.633959ms)
✔ async reviewer spawn does not block the event loop while waiting for timeout (362.397625ms)
✔ startBatch opens integrate gate before batch.completed journal event (9314.576166ms)
✔ startBatch serializes multiple tasks on one physical lane (15567.424458ms)
✔ startBatch runs disjoint-scope tasks on separate lanes in parallel (10271.836292ms)
✔ startBatch records lane commit before task.completed (9830.050459ms)
✔ runTaskOnLane emits task.failed not task.completed when lane commit fails (6087.675917ms)
✔ validateSpineConfig accepts worktreeSetupIgnorePaths (0.23325ms)
✔ engine_orphaned diagnosis suggests retry when task id known, attached resume otherwise (0.660125ms)
✔ dead engine with phase running passes validateMultiTaskResume without pause (1187.891875ms)
✔ running phase with live engine pid rejects resume without force (1244.827417ms)
✔ reconcile engine_orphaned recommends attached resume for batch 20260618T191236 pattern (1693.368042ms)
✔ engine_orphaned with failedTaskId suggests retry (SP-315) (0.666ms)
✔ reconcileOrphanRunningState transitions running task to failed with journal events (928.821791ms)
✔ retryTask succeeds on orphan without manual pause (issue #20 trap) (1120.562208ms)
✔ diagnose then retry: suggestedCommand matches working recovery path (1533.84675ms)
✔ resume --force allowed after orphan reconcile when phase was running (584.14675ms)
✔ terminateStaleDetachedEngine SIGTERM stale pid on failed resume (23.465417ms)
✔ runStepReview honors existing final PASS without re-spawn (45.692375ms)
✔ runStepReview skips review.failed journal when batch already completed (55.72275ms)
✔ startBatch lane branch has commit before merge when stub touches files (9888.486333ms)
✔ startBatch completes single task with stub worker (8486.4225ms)
✔ isExplicitBatchScope treats pending as explicit (0.184333ms)
✔ startBatch all dry-run allows multi-wave pending backlog (248.926792ms)
✔ startBatch pending dry-run excludes done tasks (566.936667ms)
✔ startBatch all fails when every task has .DONE (269.638583ms)
✔ startBatch skips worker when .DONE exists on disk (2962.703916ms)
✔ resolveBatchStartScope normalizes all to pending IDs (446.246042ms)
✔ startBatch explicit IDs still allow multi-wave when scope is not bare all (413.597417ms)
✔ startBatch completes two-lane wave with stub workers (9924.250166ms)
✔ startBatch blocks merge on mixed outcomes (6097.342625ms)
✔ assessWaveMergeEligibility blocks failed and pending tasks (0.286417ms)
✔ collectCoreEvidenceBundle writes summary without complete marker (2027.419ms)
✔ openIntegrateGate persists gate before extended evidence and journals milestones (1493.650334ms)
✔ openIntegrateGate keeps gate when extended evidence command fails (1580.441917ms)
✔ collectExtendedEvidenceBundle appends to existing refs (1181.043834ms)
✔ parseEvidenceCommandArgv accepts npm run test (1.295667ms)
✔ parseEvidenceCommandArgv preserves quoted arguments (0.128708ms)
✔ parseEvidenceCommandArgv rejects shell command chaining (0.278542ms)
✔ parseEvidenceCommandArgv rejects unknown binary (0.095875ms)
✔ runEvidenceCommand executes allowlisted argv without shell (52.252417ms)
✔ runEvidenceCommand rejects malicious config strings (0.27075ms)
✔ runEvidenceCommand skips empty command (0.124333ms)
✔ runEvidenceCommand rejects disallowed build binary (0.133125ms)
✔ parseEvidenceCommandArgv rejects subshell injection (0.10875ms)
✔ collectEvidenceBundle writes summary and .complete marker atomically (1700.462834ms)
✔ collectEvidenceBundle writes rejected output for unsafe testing.test (1163.82375ms)
✔ findCompletedFinalReview honors journal review.completed final PASS (2.123333ms)
✔ findCompletedFinalReview honors latest final artifact PASS (2.97125ms)
✔ runTaskOnLane honors pre-existing worker final review without spawn failure (6560.797375ms)
✔ runTaskOnLane honors journal review.completed final PASS without duplicate spawn (6616.189041ms)
✔ parseFinalReviewVerdict accepts PASS, REVISE, and REPLAN (1.001084ms)
✔ shouldRunFinalReview skips when review level is 0 (0.095666ms)
✔ runTaskOnLane skips final review when review level is 0 (6349.24725ms)
✔ runTaskOnLane journals task.verdict_recorded on PASS final review (6447.8605ms)
✔ runTaskOnLane re-invokes worker after REVISE and succeeds on PASS (11188.255375ms)
✔ runTaskOnLane caps REVISE at maxFinalAttempts with review_exhausted (15629.568292ms)
✔ runTaskOnLane fails with needs_replan and does not keep .DONE (5386.818125ms)
✔ mergeWaveLanesToOrch blocks when a wave task has exitReason needs_replan (165.928041ms)
✔ runEngineFinalReview stub writes final artifact path (1.413ms)
✔ isUnscopedFlutterAnalyzeSegment detects bare and compound analyze commands (0.887917ms)
✔ isUnscopedFlutterAnalyzeCommand handles compound shell commands (0.1415ms)
✔ isFlutterAnalyzeTestCompoundCommand matches analyze plus test (0.104959ms)
✔ shouldCleanFlutterBuildBeforeAnalyze respects config opt-out (0.081042ms)
✔ sanitizeFlutterBuildBeforeAnalyze removes polluted build directory (244.408ms)
✔ sanitizeFlutterBuildBeforeAnalyze is no-op when build is absent (171.326375ms)
✔ prepareContractVerifyEnvironment removes polluted build for compound analyze command (245.470291ms)
✔ polluted build does not fail verify after hygiene (334.810083ms)
✔ verifyContract cleans polluted build before unscoped flutter analyze testCommand (398.665458ms)
✔ buildTaskScorecard lists task rows (0.739ms)
✔ openIntegrateGate persists pending gate and journals gate.opened (1668.362ms)
✔ collectEvidenceBundle writes summary and diff-stat (1656.992625ms)
✔ approve and reject enforce gate FSM (1350.357875ms)
✔ rejectIntegrateGate journals gate.rejected (1754.899875ms)
✔ checkIntegrateGate blocks until approved (exit 2) (1328.298ms)
✔ integrateOrchToBase fails with exit 2 when gate pending (2036.129459ms)
✔ integrateOrchToBase succeeds after gate approval (2703.244458ms)
✔ force integrate requires SPINE_ALLOW_FORCE=1 (366.672583ms)
✔ openIntegrateGateAfterBatchComplete skips non-completed batches (333.637084ms)
✔ runSpineGate CLI approve updates gate record (1298.002ms)
✔ isGitignoredArtifactPath matches extension/coverage and node_modules (0.639166ms)
✔ listGitignoredArtifactRoots deduplicates nested artifact dirs (0.602416ms)
✔ sanitizeGitignoredArtifactsBeforeLaneCommit removes worktree-only coverage (491.162042ms)
✔ sanitizeGitignoredArtifactsBeforeLaneCommit skips when disabled (309.435166ms)
✔ commitLaneAndValidateWorktree succeeds when only extension/coverage is gitignored dirty (887.265458ms)
✔ commitLaneAndValidateWorktree succeeds when only node_modules is gitignored dirty (655.397541ms)
✔ sanitizeGitignoredArtifactsBeforeLaneCommit does not clean index-tracked gitignored paths (489.230083ms)
✔ commitLaneWorktree still fails for index-tracked gitignored coverage (610.955208ms)
✔ classifyGitignoredPaths returns empty arrays for empty input (325.990458ms)
✔ classifyGitignoredPaths detects index-tracked gitignored paths (456.76575ms)
✔ classifyGitignoredPaths detects worktree-only gitignored paths (415.760292ms)
✔ classifyGitignoredPaths handles mixed index-tracked and worktree-only (411.280208ms)
✔ formatGitignoredRemediationMessage: worktree-only does not suggest git rm --cached (0.314167ms)
✔ formatGitignoredRemediationMessage: index-tracked suggests git rm --cached (0.057875ms)
✔ formatGitignoredRemediationMessage: mixed suggests both remediation paths (0.055584ms)
✔ commitLaneWorktree: worktree-only gitignored does not suggest git rm --cached (556.875042ms)
✔ commitLaneWorktree: index-tracked gitignored still suggests git rm --cached (581.267416ms)
✔ regression: SP-011 worktree-only coverage after npm test does not suggest git rm --cached (465.503333ms)
✔ isGitignoredArtifactPath matches graphify-out hook output (0.643167ms)
✔ listGitignoredArtifactRoots deduplicates nested graphify-out paths (0.629125ms)
✔ sanitizeGitignoredArtifactsBeforeLaneCommit removes worktree-only graphify-out (445.99275ms)
✔ commitLaneAndValidateWorktree succeeds when only graphify-out is gitignored dirty (870.720125ms)
✔ collectProgressSignals skips git porcelain when file-scope mtimes are stable (185.667ms)
✔ collectProgressSignals runs git porcelain when a scoped file is touched (200.715708ms)
✔ resolveHeartbeatKind marks launching as worker_alive only (0.660083ms)
✔ shouldEmitCheckpointWarning skips launching phase (0.149417ms)
✔ buildHeartbeatPayloadFields omits stale checkpoint signals during launching (0.079542ms)
✔ recordLaneHeartbeat journals kind and phase (208.186333ms)
✔ runWorker launching heartbeat does not journal stale STATUS mtime on fast-fail retry (5196.031292ms)
✔ resolveStallConfig applies lane overrides (0.179625ms)
✔ progressSignalsChanged detects STATUS mtime updates (90.511709ms)
✔ computeStallDeadline extends past hard timeout after progress (0.126459ms)
✔ stall false positive avoided when STATUS updates extend deadline (I-01) (0.144125ms)
✔ findLatestStepCompletedMs returns newest matching task.step_completed (0.098958ms)
✔ progressSignalsChanged detects journal task.step_completed (silent tools) (100.923791ms)
✔ activitySignalsChanged detects file-scope mtime updates (FR-WORK-10 / FR-STALL-02) (144.991375ms)
✔ startBatch records lane.heartbeat during stub worker delay (8922.742084ms)
✔ startBatch persists baseBranchHeadAtStart and journals batch.base_snapshot (8824.810334ms)
✔ isFastForwardCapableIntegrate detects orch ahead of main (#93) (649.141459ms)
✔ integrateOrchToBase fast-forwards when orch is strictly ahead (#93 batch 20260702T071449) (3604.126541ms)
✔ integrateOrchToBase fast-forwards with generatedAt-only rules-manifest drift on main (#93) (3428.152917ms)
✔ recordBatchBaseSnapshot stores head sha and journals batch.base_snapshot (340.409542ms)
✔ integrateOrchToBase succeeds with uncommitted edits on main (3066.02275ms)
✔ integrateOrchToBase conflict path leaves human checkout and files unchanged (3067.78625ms)
✔ integrateOrchToBase succeeds with uncommitted edits on feature branch (non-base) (3168.064833ms)
✔ integrateOrchToBase dry-run advertises isolated merge plan (615.449167ms)
✔ resolveRulesManifestIntegrateDrift restores main when worker manifest matches orch (#22) (1084.592917ms)
✔ integrateOrchToBase succeeds with worker manifest drift on main matching orch (#22) (3251.480042ms)
✔ resolveRulesManifestIntegrateDrift blocks unrelated dirty files on main (482.225ms)
✔ resolveRulesManifestIntegrateDrift blocks substantive manifest drift not matching orch (503.171542ms)
✔ resolveRulesManifestIntegrateDrift still clears generatedAt-only drift on main (830.972792ms)
✔ resolveRulesManifestIntegrateDrift clears generatedAt-only dirty manifest on main (676.5675ms)
✔ integrateOrchToBase succeeds with dirty generatedAt-only rules-manifest on main (2949.487958ms)
✔ inspectHumanBaseSync reports integrate_isolated_ok after plumbing integrate leaves HEAD behind (5347.512542ms)
✔ inspectHumanBaseSync reports human_base_diverged when human commits overlap orch paths (2072.949583ms)
✔ spine sync-base CLI merges landed main into feature branch (3479.828125ms)
✔ DEFAULT_SYNC_TIMEOUT_MS is 60 seconds (0.603958ms)
✔ syncPlumbingMergePathsToWorktree returns ok: true on successful sync (496.152ms)
✔ syncPlumbingMergePathsToWorktree returns ok: false with timedOut on timeout (397.112833ms)
✔ integrateOrchToBase emits integrate.failed with IntegrateTimeout on sync timeout (2902.344834ms)
✔ successful integrate still emits integrate.completed (regression) (2514.950625ms)
✔ partial sync failure returns ok: false with correct failureClass from integrateOrchToBase (2472.778584ms)
✔ syncPlumbingMergePathsToWorktree succeeds when worktree has paths not in HEAD (819.034ms)
✔ syncPlumbingMergePathsToWorktree restores paths that exist in merge commit (1093.666833ms)
✔ syncPlumbingMergePathsToWorktree skips diff paths absent from merge commit (692.469417ms)
✔ assertOrchIntegratable refuses empty orch when mergeResults claim success (454.332375ms)
✔ assertOrchIntegratable requires integrate when orch is ahead of base (693.956042ms)
✔ reconcileBatch reports needs_integrate when batch completed but orch not on main (1476.759417ms)
✔ completeBatch refuses when orch is ahead but not integrated (1543.089875ms)
✔ integrateOrchToBase merges orch into main and journals events (2488.292167ms)
✔ integrateOrchToBase dry-run does not change main HEAD (826.833333ms)
✔ completeBatch succeeds after integrate lands orch on main (3671.184041ms)
✔ integrateOrchToBase aborts merge on conflict and restores checkout (2556.314083ms)
✔ integrateOrchToBase fails when batch state is missing (0.380208ms)
✔ runSpineIntegrate CLI succeeds when orch tip already matches main (415.965125ms)
✔ PRD §20.2 planner yields wave0 {A,C} and wave1 {B} (491.351708ms)
✔ PRD §20.2 two-lane stub batch completes ABC waves (16359.156875ms)
✔ PRD §20.2 mixed-outcome blocks merge; retry resets wave B for resume (12462.765083ms)
✔ runStepReview with worker attach env does not journal when attach suppressed (6.780417ms)
✔ runSpineReviewStep with worker attach env does not journal when attach suppressed (8.661667ms)
✔ runSpineReportProgress with worker attach env does not journal when attach suppressed (1.1415ms)
✔ readJournalEventsCached returns same events as readJournalEvents (24.25175ms)
✔ readJournalEventsCached returns cached copy on second call without file change (10.68325ms)
✔ readJournalEventsCached invalidates when file mtime changes (26.075917ms)
✔ readJournalEventsCached returns empty array for missing file (4.452666ms)
✔ clearJournalCache forces re-read on next call (24.191208ms)
✔ invalidateJournalCache with matching path clears cache (21.146542ms)
✔ invalidateJournalCache with non-matching path preserves cache (17.238625ms)
✔ readJournalEventsCached handles transition from missing to existing file (12.476875ms)
✔ readJournalEventsCached handles switch between different batch IDs (27.401334ms)
✔ runSpineJournal replay exits non-zero when journal missing (5.209625ms)
✔ runSpineJournal replay prints human table (23.859917ms)
✔ runSpineJournal replay --json returns events array (31.806458ms)
✔ exportJournalJsonl returns null when journal missing (2.81225ms)
✔ runSpineJournal export exits non-zero when journal missing (0.914666ms)
✔ runSpineJournal export writes jsonl to stdout (21.136625ms)
✔ runSpineJournal export --output writes file (10.550584ms)
✔ exportJournalMarkdown returns null when journal missing (3.098583ms)
✔ formatJournalMarkdownTimeline produces stable table shape (1.467ms)
✔ formatJournalMarkdownTimeline escapes pipe characters in summary (0.109542ms)
✔ runSpineJournal export markdown exits non-zero when journal missing (1.189166ms)
✔ runSpineJournal export writes markdown to stdout (15.95875ms)
✔ runSpineJournal export markdown --output writes file (10.817792ms)
✔ detectBatchStateDrift flags running cache when reconcile sees doneInLane without journal terminal (0.874417ms)
✔ deriveStructuralBatchStateFromJournal rebuilds multi-lane skeleton without cache seed (2.595875ms)
✔ resume-parallel-lane-orphan fixture: journal-only rebuild marks resumed tasks running (0.645375ms)
✔ orphan-running-resume fixture: structural + lifecycle rebuild without seed (1.276875ms)
✔ pidless-ghost-running fixture: post-resume task.started wins over historical failure (0.860167ms)
✔ resume-orphan-historical-failure fixture: rebuild ignores pre-resume failure for active task (0.826417ms)
✔ retry-clears-failed-classification fixture: rebuild fixes stale failed cache (0.992792ms)
✔ retry-clears-failed-classification fixture: detectBatchStateDrift flags cache vs journal (1.163875ms)
✔ incident fixtures rebuild from disk matches in-memory journal rebuild (340.018083ms)
✔ readJournalTimeline filters task and batch lifecycle events (0.600583ms)
✔ rebuildBatchStateFromJournal applies task.completed over stale failed cache (1.036875ms)
✔ detectBatchStateDrift flags journal completed vs cache failed (0.299ms)
✔ detectBatchStateDrift ignores incomplete journal when cache failed (0.092875ms)
✔ incident orphan-running fixture: journal timeline is readable (315.937625ms)
✔ appendJournalEvent writes schema v1 with ISO timestamp and payload (19.49275ms)
✔ readLastTaskFailedEvent returns most recent task.failed (26.810584ms)
✔ redactSecrets masks sensitive keys (0.1855ms)
✔ capPayloadSize truncates oversized payloads (0.1315ms)
✔ normalizeJournalEvent upgrades legacy lines (0.089292ms)
✔ readJournalEvents reads mixed legacy and v1 lines (10.471ms)
✔ extractJournalDiagnosisHints surfaces failure events from tail (0.453959ms)
✔ commitLaneWorktree commits dirty worktree when .DONE exists (714.704625ms)
✔ commitLaneWorktree fails loud when dirty without .DONE (355.214792ms)
✔ filterPorcelain drops lines matching ignore patterns by full path (0.300917ms)
✔ filterPorcelain drops lines matching ignore patterns by basename (0.065167ms)
✔ filterPorcelain keeps rename targets when only source matches ignore (0.063458ms)
✔ filterPorcelain returns empty for empty input (0.045042ms)
✔ mergeLaneToOrch rejects empty merge when lane commits were required (490.253542ms)
✔ mergeLaneToOrch prefers orch for conflicts outside lane file scope (1205.867958ms)
✔ mergeLaneToOrch does not auto-resolve in-scope lane conflicts (1101.065417ms)
✔ dismiss archives batch-state before clearing active file (1298.075042ms)
✔ complete with --detect-manual-merge succeeds when orch merged to main (1550.204375ms)
✔ complete refused when mergeResults succeeded but orch not on main (4733.367ms)
✔ dismiss refused when diagnosis is running without --force (1215.521708ms)
✔ isPostMergeLimbo is true when tasks and merges succeeded with open orch branch (0.690291ms)
✔ isPostMergeLimbo rejects non-running or ended batches (0.087916ms)
✔ isPostMergeLimbo rejects empty or partial task/merge state (0.074291ms)
✔ isPostMergeLimbo respects git orch branch signals (0.064083ms)
✔ isPostMergeLimbo rejects null or non-object state (0.053791ms)
✔ resolveWorkerOutputConfig defaults live log streaming off (0.678ms)
✔ workerLiveLogPath matches runtime layout (0.081333ms)
✔ truncateLiveLogBytes applies truncation marker when over cap (0.159208ms)
✔ appendWorkerLiveLogChunk redacts secrets and enforces byte cap (4.985ms)
✔ createWorkerLiveLogWriter returns null when streaming disabled (0.260667ms)
✔ runWorker streams subprocess stub output to live log when enabled (5069.494667ms)
✔ runWorker skips live log when streamWorkerOutputLive is false (5041.695458ms)
✔ runWorker still writes terminal failure log when live streaming enabled (5068.042875ms)
✔ startAgentSessionWorker flushes transcript chunks to live log (18.261875ms)
✔ appendWorkerLiveLogChunk rolls file with truncation marker when over max bytes (1.924167ms)
✔ MACRO_PHASES exports all eleven lifecycle values (1.329542ms)
✔ deriveMacroPhase: idle when no batch signals (0.130041ms)
✔ deriveMacroPhase: planning from batch phase (0.158708ms)
✔ deriveMacroPhase: executing for active running batch (0.105917ms)
✔ deriveMacroPhase: merging phase and needs_merge diagnosis (0.070958ms)
✔ deriveMacroPhase: reviewing when review.started is open (0.166542ms)
✔ deriveMacroPhase: gating for pending gate or post-merge limbo (0.067125ms)
✔ deriveMacroPhase: integrating for needs_integrate and open integrate.started (0.066042ms)
✔ deriveMacroPhase: completed, failed, aborted, paused terminal phases (0.073291ms)
✔ fixture running-batch.json reconciles to executing macro-phase (1365.086667ms)
✔ fixture taskplane-executing.json maps to executing (0.40975ms)
✔ fixture needs-retry-batch.json maps to failed macro-phase (1178.856875ms)
✔ fixture limbo-stale maps to completed macro-phase (1498.779458ms)
✔ all macro-phase enum values are reachable via deriveMacroPhase (0.250042ms)
✔ recordMergeBlocked sets terminal merge_blocked phase and clears enginePid (488.462042ms)
✔ reconcileBatch diagnoses merge_blocked as failed merge, not needs_merge (1195.390375ms)
✔ legacy merging phase with endedAt and failed mergeResults reconciles as failed (1531.246791ms)
✔ findResumableWave skips succeeded merged waves when later wave has pending tasks (0.729333ms)
✔ validateMultiTaskResume allows force resume from merge_blocked (873.7385ms)
✔ buildSuggestedCommand recommends resume --force for merge_blocked phase (0.288ms)
✔ summarizeMergeFailures extracts failed wave and lane from mergeResults (0.714916ms)
✔ buildMergeFailureHeadline uses 1-based wave number and lane label (0.154292ms)
✔ buildHeadline for failed diagnosis surfaces merge conflict instead of zero failed tasks (0.227959ms)
✔ buildSuggestedCommand for merge failure suggests resume --force (0.143708ms)
✔ buildDiagnosisOutput bundles merge failure headline and command (0.15225ms)
✔ reconcileBatch surfaces merge failure fields distinct from failedTasks (1373.373208ms)
✔ spine status --json includes merge failure fields for monitors (1350.604083ms)
✔ spine status --diagnose prints merge failure details in text output (1314.738625ms)
✔ filterGitignoredPaths separates ignored and stageable paths (488.078ms)
✔ gitAddFilteredPaths skips gitignored paths without failing (510.257166ms)
✔ mergeLaneToOrch succeeds when task branch committed gitignored coverage (1812.54525ms)
✔ commitLaneWorktree refuses gitignored-only dirty paths (480.5785ms)
✔ commitLaneWorktree commits tracked files while skipping gitignored dirty paths (625.678542ms)
✔ inferMergeGitignoredFailure detects gitignored merge and lane commit failures (0.249583ms)
✔ buildSuggestedCommand returns git rm --cached repair for gitignored merge failures (0.208875ms)
✔ reconcileBatch surfaces gitignored merge repair command from journal (1219.8865ms)
✔ filterPorcelain remains unchanged for SP-104 ignore patterns (0.310042ms)
✔ mergeLaneToOrch auto-resolves additive docs/PRD.md after origin/main merge task (1644.834958ms)
✔ mergeLaneToOrch fails PRD merge with recovery commands when hunks overlap (1155.439708ms)
✔ formatPrdDocMergeFailure names file and wave recovery (0.209958ms)
✔ isActiveWorkerSession true when SPINE_WORKER_RUNNER is set (0.63125ms)
✔ isActiveWorkerSession false outside worker context (0.07675ms)
✔ runStepReview skips nested reviewer spawn when worker env is set (48.208167ms)
✔ runStepReview skips nested plan review spawn when worker env is set (21.611375ms)
✔ runStepReview stub path still works inside worker session (4.806541ms)
✔ runStepReview reaches pi availability check when worker env absent (4.038125ms)
✔ engine parent with leaked worker runner reaches reviewer spawn (3.176167ms)
✔ batch 20260619T020951 SP-306 plan step 0 journals review.skipped not review.failed (22.465417ms)
✔ detectNestedWorkerContext returns reason when SPINE_IS_WORKER=1 (0.718ms)
✔ detectNestedWorkerContext returns reason when projectRoot is inside .worktrees/spine-* (0.120792ms)
✔ detectNestedWorkerContext returns null for normal projectRoot without worker env (0.114083ms)
✔ startBatch returns error when SPINE_IS_WORKER=1 (12.845167ms)
✔ startBatch returns error when projectRoot is inside .worktrees/spine-* (14.582875ms)
✔ startBatch succeeds normally (no env, normal CWD) — regression (9438.347125ms)
✔ buildWorkerChildEnv includes SPINE_IS_WORKER=1 (4.44ms)
✔ journalEventsSinceResume excludes pre-resume terminal events (2.707083ms)
✔ detectOrphanRunning: historical task.failed + post-resume silence + dead engine (0.7825ms)
✔ resume orphan with historical failure fixture is not diagnosed as running (1392.797875ms)
✔ terminal event within scoped window still suppresses engine orphan (0.509167ms)
✔ journalIndicatesStalledSession: post-resume start without terminal (1.541041ms)
✔ detectOrphanRunning: PID-less ghost running with post-resume journal stall (0.48025ms)
✔ pidless ghost fixture reconcile is engine_orphaned, not running (1198.015041ms)
✔ terminal event within scoped window suppresses PID-less ghost signal (0.329792ms)
✔ isProcessAlive returns false for absent pid (0.671583ms)
✔ resume parallel lane orphan fixture: multiple running on lane 1 (1.10575ms)
✔ resume parallel lane orphan fixture: reconcile is actionable after scoped orphan detect (1171.5385ms)
✔ searchATon orphan incident fixture: dead workerPid is not diagnosed as running (1260.234375ms)
✔ dead workerPid with running task is not diagnosed as running (1189.5675ms)
✔ dead enginePid mid-resume without terminal journal is engine_orphaned (1268.355625ms)
✔ running batch without recorded pids still reports running (1646.959ms)
✔ detectOrphanRunning ignores dead engine when terminal journal exists (0.238875ms)
✔ recordBatchEnginePid persists under resilience and clears on terminal save (321.345791ms)
✔ confirmed pause records batch.paused only after engine persists phase (179.210583ms)
✔ unconfirmed pause does not leave orphan batch.paused journal entry (424.817542ms)
✔ pauseBatch succeeds immediately when no attached engine is alive (168.744542ms)
✔ pauseBatch fails loud when attached engine keeps phase running (526.526333ms)
✔ waitForPauseConfirmation returns true when phase stays paused (372.870708ms)
✔ retryTask succeeds when batch phase is paused (230.598667ms)
✔ retryTask rejects when batch phase is running (218.6505ms)
✔ resolveAttachedMilestonePollMs defaults to 2000ms when config omitted (0.648875ms)
✔ resolveSequencePollMs defaults to 5000ms when config omitted (0.092416ms)
✔ resolveDashboardPollMs defaults to 2000ms when config omitted (0.071875ms)
✔ resolveAttachedMilestonePollMs honors orchestrator.attachedMilestonePollMs override (0.055ms)
✔ resolveSequencePollMs honors orchestrator.sequencePollMs override (0.053292ms)
✔ resolveDashboardPollMs honors orchestrator.dashboardPollMs override (0.043834ms)
✔ validateOrchestratorConfig rejects invalid poll values (0.159625ms)
✔ validateSpineConfig accepts orchestrator poll overrides (0.290541ms)
✔ waitForSequenceBatchTerminal uses 5000ms default poll interval (0.06225ms)
✔ batch 20260630T212050 orphan-after-merge fixture describes GitHub #59 incident (1.189292ms)
✔ batch 20260630T212050 journal fixture is limbo via resume detect but not bare state (547.291084ms)
✔ hydrateMergeResultsFromJournal enables state limbo detection for batch 20260630T212050 (342.628958ms)
✔ finalizeAttachedLandLoopBeforeExit opens gate for batch 20260630T212050 journal limbo (2095.559417ms)
✔ installAttachedExitFinalizeHandlers finalizes journal limbo on SIGTERM without manual resume (2618.300125ms)
✔ batch 20260629T021550 fixture is post-merge limbo without gate (313.471458ms)
✔ attemptPostMergeLandLoopHandoff finalizes batch 20260629T021550 limbo after SIGTERM (1575.910292ms)
✔ resumeBatchDetached --force finalizes post-merge limbo without spawning engine (1896.944791ms)
✔ resumeBatch attached path finalizes batch 20260629T021550 limbo immediately (2333.482625ms)
✔ resumeMultiTaskBatch still finalizes batch 20260629T021550 after orphan_terminated (1960.447833ms)
✔ finalizeResumePostMergeLimbo clears stale engine pid during post-merge limbo (1402.066542ms)
✔ isPostMergeLimbo detects running phase with successful merges (0.629458ms)
✔ deriveDiagnosis returns needs_integrate for post-merge limbo (0.669292ms)
✔ finalizeBatchForIntegrate opens gate from post-merge limbo without resume (1447.159834ms)
✔ resumeMultiTaskBatch opens gate from post-merge limbo without re-running tasks (1802.412666ms)
✔ mixed-outcome post-mortem lists failed IDs and retry hint, not smooth success (1133.773458ms)
✔ false-success reconciliation headline is overridden when failures exist (0.680875ms)
✔ listFailedTaskIds prefers classified terminal-failure tasks (0.73275ms)
✔ collectEvidenceBundle summary.md is honest post-mortem markdown (1276.808709ms)
✔ dismissBatch writes post-mortem path into batch history (1652.904167ms)
✔ writeBatchPostMortem persists markdown under runtime batch dir (1660.218416ms)
✔ spine status --verbose includes post-mortem section for active batch (1192.413625ms)
✔ resolveStallConfig defaults progressSnapshotIntervalMinutes to 2 (0.892333ms)
✔ resolveStallConfig applies progressSnapshotIntervalMinutes override (0.096208ms)
✔ buildProgressSnapshotPayload is bounded and omits dirty path lists (0.696958ms)
✔ progressSnapshotPayloadChanged detects field deltas (0.104334ms)
✔ shouldEmitProgressSnapshot respects interval (0.069834ms)
✔ recordLaneProgressSnapshot journals bounded payload (104.889375ms)
✔ runWorker emits lane.progress_snapshot on interval and dedupes unchanged signals (10063.465375ms)
✔ startBatch fails closed on invalid PROMPT before batch starts (270.681625ms)
✔ journalShowsDoneInLaneTerminalArtifacts requires lane.completed and approved review (0.646916ms)
✔ reconcileBatchStateDrift promotes running cache when lane .DONE and review APPROVE (312.513708ms)
✔ reconcileBatch auto-heals #170 drift scenario and clears state_drift diagnosis (1433.073875ms)
✔ reconcileBatchStateDrift is idempotent when called twice (652.647666ms)
fatal: malformed object name missing-base-branch
✔ inspectGitState records gitInspectionError when merged-branch scan fails (338.226959ms)
✔ deriveDiagnosis returns git_unavailable when git inspection failed (0.504375ms)
✔ reconcileBatch surfaces git_unavailable instead of limbo_stale on git failure (1114.859292ms)
fatal: malformed object name missing-base-branch
✔ reconcileBatch records count_commits_ahead git errors from real git refs (1908.520083ms)
✔ light reconcile matches full reconcile when batch phase is stable (2485.359709ms)
✔ light reconcile skips git inspection when phase unchanged (2346.239917ms)
✔ phase change forces full reconcile even with light flag (1808.668958ms)
✔ diagnosis transition falls back to full reconcile (2635.31875ms)
✔ waitForSequenceBatchTerminal uses light reconcile after first poll (183.74525ms)
✔ idle-no-batch returns healthy idle state (571.785ms)
✔ limbo_stale detected from incident fixture (1457.095333ms)
✔ completed_manual when orch branch merged to main (1876.699375ms)
✔ needs_retry when a task failed (1106.791291ms)
✔ running diagnosis for active batch (1090.129459ms)
✔ runReconciliationCheck matches reconcileBatch output shape (1129.957959ms)
✔ reconcileBatch includes journal hints when journal exists (1062.9495ms)
✔ reconcileBatch exposes macroPhase for running batch (1035.412666ms)
✔ reconcileBatch exposes macroPhase for limbo_stale (1051.066166ms)
✔ failBatchFromEngineError writes batch.failed and clears enginePid (491.594792ms)
✔ reconcileGhostRunningTasks marks running tasks failed without worker (0.223167ms)
✔ resumeMultiTaskBatch fail-closed when post-commit gitPorcelain throws (6563.550292ms)
✔ resumeBatch opens integrate gate before batch.completed journal event (7518.259333ms)
✔ refreshLaneHeartbeatsOnResume aligns lane heartbeats to engineStartedAt (0.6835ms)
✔ taskAlreadyComplete returns false for failed task with stale .DONE on disk (0.581583ms)
✔ resumeBatch after failed retry runs contract verification before succeed (3392.764292ms)
✔ resumeBatch continues paused 2-task 2-lane batch with stub workers (9165.877166ms)
✔ resumeBatch multi path requires existing lane worktrees (296.399625ms)
✔ multi-task batch start → pause → resume completes both tasks (9774.875542ms)
✔ paused multi-task batch diagnose suggests multi-task resume (1244.094166ms)
✔ multi-task startBatch completes two-lane stub batch (start path) (8298.706875ms)
✔ resumeBatch serializes four tasks on one lane (24462.055208ms)
✔ resumeBatch runs two lanes with two tasks each in parallel (15054.125125ms)
✔ validateMultiTaskResume accepts paused 2-task 2-lane batch (792.592916ms)
✔ validateMultiTaskResume rejects batch with zero tasks (299.941709ms)
✔ validateMultiTaskResume rejects missing worktree per lane (403.145708ms)
✔ validateMultiTaskResume allows force resume when wave merge is pending (662.660792ms)
✔ validateResumeBatch delegates to multi validator for single-task batch (417.023834ms)
✔ resolveDetachedWaitTimeoutMs uses long default for wait-terminal orphan resume (0.599125ms)
✔ prepareOrphanResumeHandoff clears stale workerPid before orphan resume (220.829958ms)
✔ clearStaleLaneWorkerPids preserves live worker pid (177.534167ms)
✔ dual-dead lane+engine orphan reconciles as engine_orphaned with attached resume (1132.050791ms)
✔ attached resume --force completes stuck task after plan review orphan stall (8319.473375ms)
✔ detached resume with wait-terminal uses extended timeout constant (0.176ms)
✔ taskTerminalSuccessInBatch requires succeeded status and journal task.completed (0.638ms)
✔ resume --force after partial retry does not review.start succeeded task IDs (9176.414625ms)
✔ resume-validation leaf does not import reconcile.mjs (0.958375ms)
✔ isTaskResumable accepts pending, running, and resumable segments (0.139875ms)
✔ computePendingTasks filters to resumable tasks only (0.092875ms)
✔ findResumableWave skips succeeded merged waves when later wave has pending tasks (0.199166ms)
✔ detectPostMergeLimboFromResumeSignals uses state mergeResults without journal (0.184041ms)
✔ detectPostMergeLimboFromResumeSignals detects journal-only limbo when mergeResults empty (0.086042ms)
✔ detectPostMergeLimboFromResumeSignals rejects when gate already exists (0.075125ms)
✔ classifyTasksForOrphanDetect maps running status to running classification (0.691458ms)
✔ pauseBatch sets phase paused and journals batch.paused (156.527334ms)
✔ resumeBatch continues paused single-lane batch (7473.134625ms)
✔ paused spine batch reconciliation suggests spine batch resume (1067.272291ms)
✔ validateBatchState requires segments aligned with tasks (0.228542ms)
✔ retryTask clears stale failure metadata before re-run (239.825542ms)
✔ retry then task.completed updates counters and reconcile diagnosis (1148.644458ms)
✔ retry-clears-failed-classification fixture reconciles after success state (1087.337959ms)
✔ retryTask atomically resets task and segment records (272.94025ms)
✔ retryTask fixes segment drift (GAP-RETRY-01) (202.435792ms)
✔ resumeBatch refuses segment drift without retry (279.623417ms)
✔ skipTask marks task skipped and updates counters (165.706292ms)
✔ retryTask rejects when batch is running (144.841167ms)
✔ defaultSegmentId used in segment records (0.1435ms)
✔ detectOrphanedReviewStarted finds orphaned review.started with no matching review.completed (0.690041ms)
✔ detectOrphanedReviewStarted returns empty when review.completed exists (0.086959ms)
✔ detectOrphanedReviewStarted distinguishes code and final review types (0.067167ms)
✔ reconcileOrphanedReviewEvents synthesizes completion when APPROVE artifact on disk (19.534208ms)
✔ reconcileOrphanedReviewEvents does NOT synthesize when no artifact on disk (2.091084ms)
✔ reconcileOrphanedReviewEvents does NOT synthesize for REVISE verdict (2.423708ms)
✔ findCompletedCodeReview honors artifact at attempt > 0 (1.944958ms)
✔ normal review flow (no crash) still works correctly (0.143791ms)
✔ reconcileOrphanedReviewEvents handles final review with PASS verdict (12.908334ms)
✔ buildReviewerSystemPrompt includes project standards when rules manifest exists (20.409ms)
✔ buildReviewerSystemPrompt emits reviewer.rules_selected journal event (14.483625ms)
✔ buildReviewRequest user prompt does not include injected standards block (0.31575ms)
✔ runStepReview stub path does not emit reviewer.rules_selected (17.69525ms)
✔ isNoiseReviewScopePath matches runtime artifact paths (0.714959ms)
✔ filterReviewScopeNoise dedupes and drops noise (0.622334ms)
✔ resolvePlanReviewScopePaths returns PROMPT File Scope minus noise (1.763875ms)
✔ resolveReviewScopePaths plan uses task PROMPT file scope (1.280208ms)
✔ resolveReviewScopePaths final returns empty scope (0.078875ms)
✔ resolveCodeReviewScopePaths uses baseline..HEAD when baseline provided (235.567458ms)
✔ resolveCodeReviewScopePaths falls back to git diff --name-only without baseline (207.349583ms)
✔ resolveReviewScopePaths code honors injectable git runner (0.239167ms)
✔ resolveCodeReviewScopePaths returns empty array when git fails (0.089042ms)
✔ parseReviewLevel reads PROMPT heading (0.7115ms)
✔ isReviewTypeRequired follows Taskplane rubric (0.084417ms)
✔ formatReviewTimestamp strips separators from ISO time (1.058417ms)
✔ buildReviewArtifactPath uses step-timestamp pattern (0.189625ms)
✔ buildFinalReviewArtifactPath uses final-timestamp pattern (0.107625ms)
✔ normalizeVerdict maps enums by review type (0.092459ms)
✔ normalizeFinalVerdict and normalizeCodeVerdict are type-specific aliases (0.063292ms)
✔ parseReviewVerdict reads JSON and markdown verdicts (0.446875ms)
✔ parseReviewVerdict accepts PASS REVISE REPLAN when reviewType is final (0.073ms)
✔ parseReviewVerdict step mode rejects final-only verdict enums (0.11225ms)
✔ parseFinalReviewVerdict accepts PASS, REVISE, and REPLAN (0.114541ms)
✔ parseFinalReviewVerdict omits heading summary unlike parseReviewVerdict (0.081375ms)
✔ shouldRunCodeReview requires review level 2 or higher (0.060458ms)
✔ shouldRunFinalReview skips when review level is 0 (0.081292ms)
✔ DEFAULT_REVIEW_SPAWN_TIMEOUT_MS is 90 minutes (0.563834ms)
✔ honorReviewSpawnFailureWhenEligible honors final review when contract passed (2.462334ms)
✔ honorReviewSpawnFailureWhenEligible skips when contract failed (0.817958ms)
✔ honorReviewSpawnFailureWhenEligible honors code review with .DONE (1.17275ms)
✔ buildReviewerPiArgs includes --model when config pins reviewer (4.062458ms)
✔ buildReviewerPiArgs omits --model when reviewer model is inherit (1.279042ms)
✔ buildReviewerPiArgs uses per-type model override for matching reviewType (1.329167ms)
✔ buildReviewerPiArgs falls back to top-level reviewer pin when per-type block missing (1.490958ms)
✔ buildReviewerPiArgs cascades per-type inherit to top-level reviewer pin (1.318792ms)
✔ spawnReviewerPi fails closed when pi unavailable via SPINE_REVIEW_TEST_NO_PI (1.734292ms)
✔ buildReviewerChildEnv strips SPINE_WORKER_RUNNER from reviewer child env (0.349667ms)
✔ shouldBlockNestedReviewerSpawn false when only worker runner leaked on engine (0.100917ms)
✔ spawnReviewerPi allows engine spawn when worker runner leaked without journal attach (1.500125ms)
✔ shouldBlockNestedReviewerSpawn true inside live worker child session (0.144458ms)
✔ parseReviewLevel reads PROMPT heading (0.970166ms)
✔ isReviewTypeRequired follows Taskplane rubric (0.119666ms)
✔ buildReviewArtifactPath uses step-timestamp pattern (1.105791ms)
✔ buildFinalReviewArtifactPath uses final-timestamp pattern (0.125333ms)
✔ parseReviewVerdict reads JSON and markdown verdicts (0.518375ms)
✔ parseReviewVerdict accepts PASS REVISE REPLAN when reviewType is final (0.130417ms)
✔ parseReviewVerdict step mode rejects final-only verdict enums (0.117334ms)
✔ parseReviewVerdict accepts PASS REVISE REPLAN for final review type (0.068625ms)
✔ resolveBatchJournalContext ignores SPINE_BATCH_ID without SPINE_JOURNAL_ATTACH (0.179083ms)
✔ isJournalAttachBlocked honors SPINE_SUPPRESS_JOURNAL_ATTACH (0.554417ms)
✔ resolveBatchJournalContext blocked when attach suppressed (0.091083ms)
✔ runStepReview ignores SPINE_REVIEW_STUB_FAIL without stub mode (16.893625ms)
✔ runStepReview stub APPROVE writes artifact and journal events (38.767834ms)
✔ runStepReview stub REVISE returns exitCode 2 (13.699375ms)
✔ runStepReview fail-closed on stub spawn failure (13.261666ms)
✔ runStepReview skips when review level does not require type (1.967375ms)
✔ runStepReview final stub PASS writes final artifact path (1.948958ms)
✔ runStepReview final spawn failure exits non-zero at review level >= 1 (2.450542ms)
✔ runSpineReviewStep CLI --type final emits JSON verdict (2.732458ms)
✔ runSpineReviewStep CLI emits JSON verdict (14.194ms)
✔ assertReviewToolAvailable fails closed without pi at review level > 0 (1.975833ms)
✔ runWorker fails closed when review tool unavailable at level > 0 (9.663ms)
✔ stub worker stops when enforced review spawn fails (76.985166ms)
✔ DEFAULT_REVIEW_SPAWN_TIMEOUT_MS remains 90 minutes (backstop unchanged) (0.583042ms)
✔ runStepReview honors on-disk APPROVE while pi hangs — seconds not stall timeout (257.450417ms)
✔ resolveReviewerModelPin returns per-type override when set (0.667042ms)
✔ resolveReviewerModelPin falls back to top-level when per-type block missing (0.076833ms)
✔ resolveReviewerModelPin cascades per-type inherit to top-level pin (0.060833ms)
✔ resolveReviewerModelPin returns null for top-level inherit (0.051875ms)
✔ resolveReviewerModelPin returns null when reviewer block absent (0.0645ms)
✔ resolveReviewerThinkingPin returns per-type override when set (0.078041ms)
✔ resolveReviewerThinkingPin falls back to top-level when per-type block missing (0.097625ms)
✔ resolveReviewerThinkingPin cascades per-type inherit to top-level pin (0.047708ms)
✔ resolveReviewerThinkingPin returns null for off at any level (0.076959ms)
✔ resolveReviewerThinkingPin returns null when reviewer block absent (0.048125ms)
✔ resolveRulesManifestGeneratedAtMerge keeps newest generatedAt (0.765125ms)
✔ resolveRulesManifestGeneratedAtMerge fails when rules differ (0.098625ms)
✔ fingerprintRulesManifest ignores generatedAt (0.06075ms)
✔ mergeLaneToOrch clears generatedAt-only dirty rules-manifest before merge (1242.857875ms)
✔ mergeLaneToOrch auto-resolves generatedAt-only rules-manifest conflict (1226.255959ms)
✔ mergeLaneToOrch fails loud when rules[] differ (1110.890167ms)
✔ mergeLaneToOrch does not auto-resolve when other paths conflict (1042.718167ms)
✔ tryAutoResolveRulesManifestMergeConflict resolves in-progress merge (774.860167ms)
✔ appendTaskMetric writes TaskMetricRecord JSONL line (6.074708ms)
✔ buildTaskMetricRecord includes laneNumber and durationMs when available (0.21225ms)
✔ buildTaskMetricRecord omits laneNumber when not a positive lane (0.199583ms)
✔ metrics.enabled false skips append without error (0.988958ms)
✔ resolveTaskMetricOutcome maps skipped_done_on_disk to skipped (0.169458ms)
✔ appendTaskMetric redacts secret-like fields and omits prompt text (2.195542ms)
✔ skipTaskDoneOnDisk records skipped task metric (15.536625ms)
✔ appendBatchMetric writes BatchMetricRecord JSONL line (1.715ms)
✔ recordBatchTerminalMetric sk
Coverage run aborted: 2 test failure(s).
