Contract testCommand failure log
Command: npm run typecheck && SPINE_WORKER_STUB=1 node --experimental-strip-types --test tests/batch/status-classification-align.test.mjs && npm run coverage:check
Exit code: 1
Attempt: 2 of 2
Timestamp: 2026-07-07T17:17:23.231Z
Buffer overflow: no
---

> pi-spine@1.8.0 typecheck
> tsc --project tsconfig.json --noEmit && tsc --project tsconfig.batch.json --noEmit

✔ alignTaskClassificationWithStatus keeps failed + stale lane .DONE as terminal-failure (0.663167ms)
✔ alignTaskClassificationWithStatus keeps pending after retry despite stale lane .DONE (0.101625ms)
✔ alignTaskClassificationWithStatus preserves running + lane .DONE for drift reconcile (0.066417ms)
✔ classifyTasks agrees status and classification for failed task with lane .DONE (162.715375ms)
✔ post-retry reconcile diagnose agrees status and classification (1020.552625ms)
✔ syncPersistedClassifications clears stale failure classification after retry (164.135959ms)
ℹ tests 6
ℹ suites 0
ℹ pass 6
ℹ fail 0
ℹ cancelled 0
ℹ skipped 0
ℹ todo 0
ℹ duration_ms 1446.617542

> pi-spine@1.8.0 coverage:check
> node scripts/run-coverage.mjs

✔ adoption fixture: init, plan, stub batch AD-001 creates .DONE (15710.574125ms)
✔ adoption integration: REPLAN final verdict surfaces needs_replan diagnosis (15185.157584ms)
✔ worker.md documents spine tools, stall checkpoint, and coverage policy (0.874334ms)
✔ worker.md documents engine-owned code and final review after .DONE (0.439709ms)
✔ reviewer.md documents final PASS REVISE REPLAN verdicts (0.247209ms)
✔ worker-prompt tail aligns with worker.md commit and review conventions (1.351375ms)
✔ buildWorkerTailPrompt does not contradict worker.md on commit format (12.647083ms)
✔ buildAgentSessionWorkerPrompt includes review hint when level > 0 (3.285292ms)
✔ buildWorkerPiArgs omits -ne when no pi-web-access conflict (14.985875ms)
✔ buildWorkerPiArgs includes -ne before -p when extension conflict detected (15.772375ms)
✔ formatPiExtensionConflictHint surfaces pi-web-access remediation (0.326ms)
✔ abortBatch archives batch-state before clearing active file (1012.0685ms)
✔ abortBatch journals batch.aborted and preserves prior journal tail (1400.184166ms)
✔ abortBatch writes abort signal without killing on graceful abort (1108.263917ms)
✔ hard abort removes lane worktree when cleanup enabled (1745.13175ms)
✔ hard abort keeps worktree when cleanupOnHardAbort is false (822.501542ms)
✔ abortBatch fails when no active batch (376.725458ms)
✔ mergeLaneToOrch auto-resolves disjoint adoption doc edits without force-merge (4579.996917ms)
✔ mergeLaneToOrch fails adoption doc merge with recovery commands when hunks overlap (2606.995125ms)
✔ formatAdoptionDocMergeFailure names file and wave recovery (0.223166ms)
✔ agent session abort failure journals lane.worker_abort_failed (1606.357625ms)
✔ formatAttachedMilestoneLine renders land-loop journal types (0.655083ms)
[spine] batch.started
[spine] task.started SP-343
[spine] task.completed SP-343
[spine] batch.merge_started wave=0
[spine] batch.merge_completed wave=0
[spine] gate.opened
[spine] gate.evidence_collecting
[spine] gate.evidence_completed
[spine] batch.completed
[spine] batch.land_loop_finalized

Batch started

Batch 20260707T171455 completed: SP-343 succeeded; merged to orch/spine-20260707T171455.
  → spine gate status
  → spine gate approve
  → spine integrate
  → spine batch complete

Batch 20260707T171455 ready to integrate orch branch to main

  → spine integrate

  Alternatives:
    • /spine-integrate
    • /spine-gate
    • spine status --diagnose

  Batch: 20260707T171455
  Task: SP-343
✔ runSpineBatch attached start returns integrate handoff without process.exit in tests (14438.774958ms)
✔ attached batch CLI subprocess exits after completed with stdout milestones (11302.054958ms)
✔ formatAttachedBatchCliResult includes diagnosis suggested command (0.339125ms)
✔ enforceAttachedEngineSingleOwner fails fast when engine PID is alive (1360.515083ms)
✔ enforceAttachedEngineSingleOwner orphans prior engine with --force (1311.528792ms)
✔ resumeBatch rejects second attached resume when engine PID is alive (1113.790625ms)
✔ resumeBatchDetached rejects spawn when attached engine PID is alive (950.66375ms)
✔ runAttachedBatchEngine blocks attached start when engine PID is alive (799.249792ms)
✔ isLastWaveIndex matches batch 20260618T000943 wave plan (0.606458ms)
✔ maybeFinalizeAfterWaveMerge opens gate for last-wave post-merge limbo (4916.228583ms)
✔ resumeMultiTaskBatch finalizes post-merge limbo even with stale engine pid (2666.030625ms)
✔ terminateStaleDetachedEngine still clears stale engine during post-merge limbo resume handoff (378.327834ms)
✔ startBatch multi-wave attached path opens gate after wave 1 without resume (17426.770792ms)
✔ attached milestone types include batch.merge_blocked (0.634625ms)
✔ formatAttachedBatchCliResult prints merge failure headline and exits non-zero for merge_blocked (3875.255791ms)
✔ runAttachedBatchEngine streams merge_blocked milestone before merge failure CLI output (4119.523917ms)
✔ mergeEngineStateWithDiskPause adopts operator pause from disk (1295.361167ms)
✔ saveEngineBatchState does not clobber phase paused during heartbeat-style saves (1477.612458ms)
✔ enforceOperatorPauseOnDisk re-asserts paused after engine overwrite (3031.064084ms)
✔ pauseBatch confirms when attached engine heartbeat saves honor pause (2498.953916ms)
✔ journalIndicatesPausedForceResume matches paused force resume journal (0.719583ms)
✔ detectOrphanRunning suppresses engine_orphaned after paused force resume with doneInLane + contract (2017.82625ms)
✔ reconcilePausedResumeDoneInLane promotes running cache task with lane .DONE (1728.230667ms)
✔ pause → SIGTERM → resume cycle does not produce engine_orphaned in reconcile (3000.016208ms)
✔ enforceAttachedEngineSingleOwner force handoff from paused records orphan without engine_orphaned drift (1734.720333ms)
✔ batch 20260620T194352 fixture is post-merge limbo without gate (1419.842917ms)
✔ attemptPostMergeLandLoopHandoff finalizes in-process after SIGTERM-shaped limbo (4228.790916ms)
✔ finalizeAttachedPostMergeLimbo is idempotent when gate already open (2152.558208ms)
✔ resume after orphan_terminated journal opens gate for batch 20260620T194352 pattern (2551.11975ms)
✔ installAttachedEngineShutdownHandlers finalizes on SIGTERM without manual resume (2616.073084ms)
✔ terminateStaleDetachedEngine during post-merge limbo still allows resume finalize (2913.183166ms)
✔ shouldAutoIntegrateAfterWave is false by default (0.578792ms)
✔ shouldAutoIntegrateAfterWave is true when configured and not last wave (0.077917ms)
✔ shouldAutoIntegrateAfterWave is false on last wave (0.052542ms)
✔ issue #25: retry unblocks failed phase when only pending tasks remain (7311.791083ms)
✔ issue #25: failed phase with pending-only limbo resumes without --force (2110.941333ms)
✔ retry keeps failed phase when other failed tasks remain (555.773334ms)
✔ diagnosis suggests resume --force for failed-phase pending-only limbo (0.199584ms)
✔ parseSupersededReplacementIds extracts child task IDs (1.362333ms)
✔ assertBatchStartTasksNotSuperseded rejects superseded IDs (1997.4825ms)
✔ assertBatchStartTasksNotSuperseded allows pending IDs (1555.059625ms)
✔ assertBatchStartTasksNotSuperseded honors --force-superseded (1482.849625ms)
✔ resolveBatchStartScope rejects explicit superseded task IDs (887.923375ms)
✔ resolveBatchStartScope allows superseded IDs with forceSuperseded (587.876916ms)
✔ startBatch dry-run rejects superseded explicit scope (332.391167ms)
✔ startBatch dry-run allows superseded scope with forceSuperseded (383.768042ms)
✔ parseBatchArgs maps --wave on start to waveFilter (0.807709ms)
✔ parseBatchArgs strips --wave value from scope for wave 0 (0.097542ms)
✔ buildAttachedBatchStartArgv forwards waveFilter to detached engine (0.652583ms)
✔ startBatch dry-run with pending scope and --wave 0 selects planner wave 0 (2087.124667ms)
✔ startBatch dry-run with --wave selects planner wave task IDs (1620.105416ms)
✔ wave-filtered dry-run matches explicit wave task scope dry-run (1430.510459ms)
✔ complete handoff preserves newer active batch (073511 vs 073937 race) (9.274167ms)
✔ clearStaleTerminalBatchStateForStart removes completed batch-state pointer (3.645416ms)
✔ assertNoActiveBatch clears stale completed pointer before start handoff (2.894083ms)
✔ runBatchComplete clears active batch-state when no newer batch took over (4458.552792ms)
✔ new batch save replaces terminal completed cache with different batchId (35.333ms)
✔ evaluateBatchStateWriteGuard rejects writes from non-owner live engine (12.254042ms)
✔ saveSpineBatchState rejects resurrecting archived batch cache (7.667916ms)
✔ resolveStallConfig defaults checkpoint warning and no file-scope grace extension (0.63ms)
✔ file-scope mtime is activity only — does not extend stall deadline by default (0.207541ms)
✔ checkpoint signals extend grace; STATUS update moves deadline (0.068333ms)
✔ shouldEmitCheckpointWarning after activity without checkpoint threshold (0.106083ms)
✔ resolveScopedDirtyPaths limits porcelain to file scope and task folder (710.597916ms)
✔ lane.checkpoint_warning journal event and diagnose hints (29.691542ms)
✔ extractJournalDiagnosisHints omits stale checkpoint_warning older than 30 minutes (0.18325ms)
✔ collectProgressSignals includes dirtyPaths for scoped changes (860.973ms)
✔ verifyContract uses base-satisfied when scope predates task PROMPT on base (3085.830208ms)
✔ verifyContract passes when scope is on base and lane has zero implementation diff (2259.388666ms)
✔ verifyContract fails base-satisfied scope when testCommand fails (6243.274ms)
✔ verifyStubFileScopeMustChange passes when base already satisfies scope (1073.989875ms)
✔ isBaseScopeSatisfied is false when base lacks scope changes (1132.164375ms)
✔ runFinalReviewPhase fails fast with contract_failed and does not consume finalAttempts (7833.962583ms)
✔ reconcileBatch surfaces contract_failed headline for failed task (2011.408375ms)
✔ verifyContract satisfies pre-landed fileScopeMustChange when testCommand and artifacts pass (2498.73ms)
✔ verifyContract still fails pre-landed scope when testCommand fails (6902.256209ms)
✔ verifyStubFileScopeMustChange passes delivery-only STATUS when source scope pre-landed (889.646667ms)
✔ verifyContract passes delivery-only STATUS.md fileScopeMustChange contract (1206.91875ms)
✔ resolvePromptRelPath derives task PROMPT from spine-tasks delivery changes (681.576083ms)
✔ isFileScopePatternPrelanded detects scope changed on main after task intro (1123.217042ms)
✔ resolveTaskStartCommit ignores resumed task.started after same-task lane.committed (0.709459ms)
✔ verifyContract passes fileScopeMustChange after pause/retry/resume when lane commit exists (2287.925125ms)
✔ testCommand fails once then succeeds on retry — contract passes (86.308708ms)
✔ testCommand fails all retries — contract_failed as before (158.986292ms)
✔ retry count configurable via spine-config contract.testRetries (241.654333ms)
✔ failed output captured to .reviews/ directory (105.463167ms)
✔ no retry when testCommand succeeds first time (no performance cost) (57.919708ms)
✔ writeContractFailureLog creates log file with header (30.147416ms)
✔ writeContractFailureLog returns null when taskFolder is undefined (0.368ms)
✔ CONTRACT_TEST_DEFAULT_RETRIES is 1 (0.108917ms)
✔ CONTRACT_TEST_RETRY_DELAY_MS is 5000 (0.131334ms)
✔ multiple failure logs captured across retry attempts (213.833333ms)
✔ parseContract extracts stallTimeoutMinutes and extendGraceOnFileScope (1.346875ms)
✔ resolveTaskStallMinutes uses max of global, size floor, and contract override (0.131375ms)
✔ resolveStallConfigForTask applies contract stallTimeoutMinutes to stallTimeoutMs (0.130875ms)
✔ resolveStallConfigForTask honors contract extendGraceOnFileScope (0.063417ms)
✔ resolveWorkerPiTimeoutMs aligns with contract stall budget (0.09325ms)
✔ runWorker with contract stall override survives beyond global stall budget (scaled) (5074.641166ms)
✔ runWorker without contract override stalls at scaled global budget (5105.246708ms)
✔ isDeliveryArtifactPath accepts STATUS.md-only patterns (0.818708ms)
✔ isDeliveryArtifactPath accepts .DONE-only patterns (0.168125ms)
✔ isDeliveryArtifactPath accepts task-folder delivery globs (0.104625ms)
✔ isDeliveryArtifactPath rejects implementation and tasks-root paths (0.0815ms)
✔ isImplementationScopePattern detects source and tooling roots (0.055167ms)
✔ isStubDeliveryOnlyScope is true for delivery-only pattern sets (0.100833ms)
✔ isStubDeliveryOnlyScope rejects mixed implementation and delivery patterns (0.072084ms)
✔ isStubDeliveryOnlyScope rejects empty pattern lists (0.0525ms)
✔ isDeliveryArtifactPath honors custom tasksRoot (0.139125ms)
✔ resolveTaskStartCommit returns distinct start commits for serialized lane tasks (0.823958ms)
✔ resolveTaskStartCommit prefers task.started payload commit over prior lane.committed (0.098917ms)
✔ resolveTaskStartCommit returns null when task.started is missing (main...HEAD fallback) (0.07175ms)
✔ resolveTaskStartCommit resolves git HEAD at task.started timestamp when journal lacks commit (905.765167ms)
✔ CONTRACT_TEST_COMMAND_MAX_BUFFER exceeds legacy 256KB limit (0.566834ms)
✔ runContractTestCommand captures large stdout without killing child (106.533667ms)
✔ runContractTestCommand surfaces ENOBUFS with scoped testCommand guidance (107.884708ms)
✔ verifyContract reports buffer overflow with scoped testCommand guidance (5335.987917ms)
✔ buildContractTestEnv moves SPINE_BATCH_ID to SPINE_PARENT_BATCH_ID (0.606292ms)
✔ detectNestedWorkerContext blocks parent batch in lane worktree (0.2465ms)
✔ startBatch blocks nested spawn when SPINE_PARENT_BATCH_ID set in lane worktree (18.203833ms)
✔ buildContractTestEnv allows isolated fixture batch start without parent batch id (0.926792ms)
✔ listChangedFiles with sinceCommit scopes diff to commits after anchor (855.072541ms)
✔ listChangedFiles without sinceCommit preserves baseBranch...HEAD (440.924125ms)
✔ verifyContract with sinceCommit ignores prior same-lane task fileScopeMustNotChange violations (708.445875ms)
✔ verifyContract without sinceCommit preserves cumulative lane branch behavior (477.966ms)
✔ buildContractTestEnv removes worker-only keys (0.637375ms)
✔ runContractTestCommand subprocess does not inherit SPINE_IS_WORKER (51.113292ms)
✔ verifyContract testCommand passes under worker env when subprocess is sanitized (135.384875ms)
✔ verifyContract passes when testCommand exits 0 (39.779875ms)
✔ verifyContract fails when testCommand exits non-zero (64.919666ms)
✔ verifyContract checks artifactsMustExist paths in worktree (36.843875ms)
✔ verifyContract expands glob patterns in artifactsMustExist (38.705958ms)
✔ verifyContract returns ok with empty checks when contract has no verify fields (35.732458ms)
✔ verifyContract enforces fileScopeMustChange and fileScopeMustNotChange (693.939167ms)
✔ verifyContract checks minLineCoverage from command output (61.941208ms)
✔ shouldRunContractVerify skips legacy TP-* tasks and absent contract sections (0.289125ms)
✔ matchesContractPattern supports glob paths (0.190083ms)
✔ parseAggregateLineCoverage parses coverage table rows (0.113958ms)
✔ SP-193-shaped placeholder contract fails validateContract in required mode (1.526375ms)
✔ verifyContract passes SP-193-shaped contract when scoped files changed (1135.848792ms)
✔ fileScopeMustChange trailing-slash pattern matches files under directory prefix (696.36075ms)
✔ fileScopeMustChange trailing-slash pattern fails when no files under prefix changed (522.945292ms)
✔ fileScopeMustChange exact-path and glob behavior preserved alongside trailing-slash (979.97575ms)
✔ waitForDetachedBatchResume waits for integrate gate after batch completes (675.827833ms)
✔ waitForDetachedBatchResume completes without gate when integrate gate not required (598.626292ms)
✔ prepareDetachedResumeEngineHandoff terminates stale engine before resume spawn (22.924917ms)
✔ resolveDefaultResumeWaitTerminal returns true for engine_orphaned without flags (0.588209ms)
✔ resolveDefaultResumeWaitTerminal respects explicit flags (0.08975ms)
✔ detectPostMergeLimboForResume matches journal-only limbo for batch 20260629T210738 (1513.1215ms)
✔ postMergeLimbo diagnosis suggests spine batch resume --force (0.293458ms)
✔ resumeBatchDetached --force finalizes journal-only limbo without spawning engine (3448.611667ms)
✔ detached batch start opens integrate gate after stub engine completes (10123.662625ms)
✔ timeout_waiting_for_batch with dead enginePid reconciles as engine_orphaned not running (1974.525ms)
✔ startBatchDetached persists spawn enginePid before wait on timeout failure path (31604.100459ms)
✔ parseBatchArgs defaults to detached start (attached flag off) (0.838708ms)
✔ parseBatchArgs --attached opts into foreground engine (0.077666ms)
✔ buildAttachedBatchStartArgv forwards scope and skip-preflight (0.63575ms)
✔ formatDetachedBatchStartOutput includes monitor hints (0.210708ms)
✔ batch start returns quickly and runs engine in background (10524.903ms)
✔ parseBatchArgs resume defaults to detached (attached flag off) (0.164875ms)
✔ buildAttachedBatchResumeArgv forwards force (0.108167ms)
✔ formatDetachedEngineOutput includes resume wording (0.1235ms)
✔ waitForDetachedBatchResume returns engine_started by default (678.595709ms)
✔ waitForDetachedBatchResume with waitTerminal returns resume_completed (874.605709ms)
✔ collectDetachedFailureDiagnostics includes task.failed summary and log tails (254.887166ms)
✔ parseBatchArgs accepts --wait-terminal (0.162167ms)
✔ batch resume returns quickly and runs engine in background (10733.528583ms)
✔ inferLaunchFailureKind ignores DirtyWorktree exitReason (0.696833ms)
✔ buildHeadline prefers DirtyWorktree over worker launch (0.357209ms)
✔ buildSuggestedCommand for DirtyWorktree suggests coverage cleanup and retry (0.1845ms)
✔ buildHeadline surfaces review_exhausted primary failure (0.133ms)
✔ buildSuggestedCommand for review_exhausted suggests batch retry (0.053125ms)
✔ buildHeadline surfaces contract_failed primary failure (0.068916ms)
✔ buildSuggestedCommand for contract_failed suggests PROMPT edit and retry (0.076167ms)
✔ buildDiagnosisOutput bundles primary failure class without launch headline (0.137167ms)
✔ reconcileBatch aligns hasFailedTasks with segment drift and DirtyWorktree headline (1970.227667ms)
✔ reconcileBatch diagnoses review_exhausted from failed task exitReason (2016.1315ms)
✔ buildHeadline surfaces PI_SPINE_ROOT launch failure (0.852666ms)
✔ buildHeadline surfaces lane commit failures after worker completion (0.106417ms)
✔ buildSuggestedCommand prefers spine doctor for launch failures (0.224167ms)
✔ inferLaunchFailureKind reads worker output hints from journal (0.194916ms)
✔ extractJournalDiagnosisHints prioritizes setup hook and merge blocked events (1.68475ms)
✔ formatMixedOutcomeMessage lists succeeded tasks and spine batch retry guidance (0.178792ms)
✔ reconcileBatch diagnoses launch failure wave from fixture (1912.323833ms)
✔ buildDiagnosisOutput bundles launch failure headline and command (0.245833ms)
✔ DIAGNOSIS_TAXONOMY includes worker_orphaned distinct from needs_retry (0.664417ms)
✔ inferLaunchFailureFromWorkerOutputTail reads PI_SPINE_ROOT hints from log tail (0.129459ms)
✔ buildSuggestedCommand prefers abort for ghost running cluster (0.189ms)
✔ buildHeadline surfaces worker_orphaned launch failure from worker output context (0.27225ms)
✔ worker_orphaned after plan review nested_spawn_blocked suggests batch retry (0.090541ms)
✔ dead lane workerPid diagnoses worker_orphaned not needs_retry (1869.304292ms)
✔ dead workerPid after lane.completed does not diagnose worker_orphaned (2029.850417ms)
✔ worker_orphaned enriches launch headline from worker output log without task.failed (2337.689875ms)
✔ multiple ghost running tasks on one lane prefer spine batch abort (1815.436042ms)
✔ segment drift still diagnoses needs_retry (1230.5315ms)
✔ buildDiagnosisOutput bundles worker_orphaned headline and command (0.189ms)
✔ isRunningWithoutActiveWorkers is false when workers are active (0.625041ms)
✔ isRunningWithoutActiveWorkers detects all-terminal tail state (0.0735ms)
✔ buildRunningTailHeadline maps macroPhase merging to operator text (0.204459ms)
✔ buildRunningTailHeadline maps gating / post-merge limbo (0.109584ms)
✔ buildHeadline preserves generic running when workers are active (0.236166ms)
✔ deriveMacroPhase uses journal merge tail when diagnosis is running without workers (0.26775ms)
✔ deriveMacroPhase stays executing when workers are active (0.078417ms)
✔ tail-state fixture reconciles without bare is running headline (1836.427709ms)
✔ tail-state headline matches batch 20260701T031142 shape via buildHeadline (0.2145ms)
✔ isCoverageArtifactPath matches extension/coverage and root coverage dirs (0.643125ms)
✔ isPathInFileScope matches exact paths and directory prefixes (0.12275ms)
✔ filterOutOfScopeCoveragePorcelain drops modified coverage outside file scope (0.638625ms)
✔ filterOutOfScopeCoveragePorcelain keeps in-scope coverage modifications (0.20325ms)
✔ restoreOutOfScopeCoverageArtifacts resets tracked coverage files (878.009125ms)
✔ resolvePostLaneCommitPorcelain restores and filters out-of-scope coverage (764.042458ms)
✔ commitLaneAndValidateWorktree succeeds when only out-of-scope coverage is dirty (1417.51325ms)
✔ commitLaneAndValidateWorktree fails when dirty without .DONE (907.679917ms)
✔ isWorktreeDeletionPorcelainLine matches unstaged deletions (0.677959ms)
✔ isSymlinkOnlyDriftPorcelain is true only for deletion-only porcelain (0.119417ms)
✔ filterSetupHookSymlinkDriftPorcelain clears deletion-only drift (0.086708ms)
✔ parseLaneWorktreeIdentity extracts batch and lane from worktree path (1.211542ms)
✔ resolvePostLaneCommitPorcelain repairs hook symlink drift (1359.328333ms)
✔ commitLaneAndValidateWorktree succeeds when hook symlink drifts after PASS (1978.905209ms)
✔ dismissBatch kills live stub worker PID and journals lane.worker_terminated (2040.645166ms)
✔ shouldRunCodeReview requires review level 2 or higher (0.632042ms)
✔ findCodeReviewStepNumber prefers step with code review checkpoint (1.921584ms)
✔ findCompletedCodeReview honors journal review.completed code APPROVE (5.551416ms)
✔ findCompletedCodeReview honors step artifact APPROVE for code review step (8.903417ms)
✔ runTaskOnLane runs engine code review for RL2 without worker nested spawn (6488.46ms)
✔ runTaskOnLane skips engine code review when review level is 0 (5958.2395ms)
✔ runTaskOnLane skips engine code review when review level is 1 (6339.455542ms)
✔ runTaskOnLane honors journal review.completed code APPROVE without duplicate spawn (6144.288375ms)
✔ runTaskOnLane re-invokes worker after code REVISE and succeeds on APPROVE (11416.975125ms)
✔ resolveReviewSpawnTimeoutMs aligns with stall budget for M tasks (0.686291ms)
✔ runStepReview journals review.failed with review_timeout on hung spawn (323.035542ms)
✔ async reviewer spawn does not block the event loop while waiting for timeout (341.771ms)
✔ startBatch opens integrate gate before batch.completed journal event (9118.077834ms)
✔ startBatch serializes multiple tasks on one physical lane (15523.3245ms)
✔ startBatch runs disjoint-scope tasks on separate lanes in parallel (10136.079166ms)
✔ startBatch records lane commit before task.completed (9871.071625ms)
✔ runTaskOnLane emits task.failed not task.completed when lane commit fails (6116.096458ms)
✔ validateSpineConfig accepts worktreeSetupIgnorePaths (0.246ms)
✔ engine_orphaned diagnosis suggests retry when task id known, attached resume otherwise (0.77125ms)
✔ dead engine with phase running passes validateMultiTaskResume without pause (1183.731708ms)
✔ running phase with live engine pid rejects resume without force (913.929667ms)
✔ reconcile engine_orphaned recommends attached resume for batch 20260618T191236 pattern (1932.553166ms)
✔ engine_orphaned with failedTaskId suggests retry (SP-315) (0.692875ms)
✔ reconcileOrphanRunningState transitions running task to failed with journal events (910.430917ms)
✔ retryTask succeeds on orphan without manual pause (issue #20 trap) (912.347458ms)
✔ diagnose then retry: suggestedCommand matches working recovery path (1663.806166ms)
✔ resume --force allowed after orphan reconcile when phase was running (552.22825ms)
✔ terminateStaleDetachedEngine SIGTERM stale pid on failed resume (20.6075ms)
✔ runStepReview honors existing final PASS without re-spawn (7.683583ms)
✔ runStepReview skips review.failed journal when batch already completed (23.182084ms)
✔ startBatch lane branch has commit before merge when stub touches files (9984.552584ms)
✔ startBatch completes single task with stub worker (8824.058667ms)
✔ isExplicitBatchScope treats pending as explicit (0.18075ms)
✔ startBatch all dry-run allows multi-wave pending backlog (283.518916ms)
✔ startBatch pending dry-run excludes done tasks (370.243833ms)
✔ startBatch all fails when every task has .DONE (283.126ms)
✔ startBatch skips worker when .DONE exists on disk (3075.754208ms)
✔ resolveBatchStartScope normalizes all to pending IDs (430.632042ms)
✔ startBatch explicit IDs still allow multi-wave when scope is not bare all (448.373667ms)
✔ startBatch completes two-lane wave with stub workers (10266.080291ms)
✔ startBatch blocks merge on mixed outcomes (6334.532917ms)
✔ assessWaveMergeEligibility blocks failed and pending tasks (0.234708ms)
✔ collectCoreEvidenceBundle writes summary without complete marker (1953.545875ms)
✔ openIntegrateGate persists gate before extended evidence and journals milestones (1520.198ms)
✔ openIntegrateGate keeps gate when extended evidence command fails (1565.982333ms)
✔ collectExtendedEvidenceBundle appends to existing refs (1337.790333ms)
✔ parseEvidenceCommandArgv accepts npm run test (1.288416ms)
✔ parseEvidenceCommandArgv preserves quoted arguments (0.132042ms)
✔ parseEvidenceCommandArgv rejects shell command chaining (0.280084ms)
✔ parseEvidenceCommandArgv rejects unknown binary (0.095875ms)
✔ runEvidenceCommand executes allowlisted argv without shell (50.783042ms)
✔ runEvidenceCommand rejects malicious config strings (0.190958ms)
✔ runEvidenceCommand skips empty command (0.090875ms)
✔ runEvidenceCommand rejects disallowed build binary (0.111959ms)
✔ parseEvidenceCommandArgv rejects subshell injection (0.096458ms)
✔ collectEvidenceBundle writes summary and .complete marker atomically (1773.358ms)
✔ collectEvidenceBundle writes rejected output for unsafe testing.test (1270.314584ms)
✔ findCompletedFinalReview honors journal review.completed final PASS (5.739959ms)
✔ findCompletedFinalReview honors latest final artifact PASS (3.213583ms)
✔ runTaskOnLane honors pre-existing worker final review without spawn failure (6436.086542ms)
✔ runTaskOnLane honors journal review.completed final PASS without duplicate spawn (7063.929166ms)
✔ parseFinalReviewVerdict accepts PASS, REVISE, and REPLAN (0.998083ms)
✔ shouldRunFinalReview skips when review level is 0 (0.112416ms)
✔ runTaskOnLane skips final review when review level is 0 (6437.634667ms)
✔ runTaskOnLane journals task.verdict_recorded on PASS final review (6953.708042ms)
✔ runTaskOnLane re-invokes worker after REVISE and succeeds on PASS (11254.92575ms)
✔ runTaskOnLane caps REVISE at maxFinalAttempts with review_exhausted (15668.17725ms)
✔ runTaskOnLane fails with needs_replan and does not keep .DONE (5555.752375ms)
✔ mergeWaveLanesToOrch blocks when a wave task has exitReason needs_replan (166.692458ms)
✔ runEngineFinalReview stub writes final artifact path (1.319458ms)
✔ isUnscopedFlutterAnalyzeSegment detects bare and compound analyze commands (0.828791ms)
✔ isUnscopedFlutterAnalyzeCommand handles compound shell commands (0.141166ms)
✔ isFlutterAnalyzeTestCompoundCommand matches analyze plus test (0.109417ms)
✔ shouldCleanFlutterBuildBeforeAnalyze respects config opt-out (0.07775ms)
✔ sanitizeFlutterBuildBeforeAnalyze removes polluted build directory (255.830917ms)
✔ sanitizeFlutterBuildBeforeAnalyze is no-op when build is absent (261.365375ms)
✔ prepareContractVerifyEnvironment removes polluted build for compound analyze command (183.162416ms)
✔ polluted build does not fail verify after hygiene (315.939291ms)
✔ verifyContract cleans polluted build before unscoped flutter analyze testCommand (488.296666ms)
✔ buildTaskScorecard lists task rows (0.746083ms)
✔ openIntegrateGate persists pending gate and journals gate.opened (1673.138333ms)
✔ collectEvidenceBundle writes summary and diff-stat (1800.151166ms)
✔ approve and reject enforce gate FSM (1329.839334ms)
✔ rejectIntegrateGate journals gate.rejected (1857.134ms)
✔ checkIntegrateGate blocks until approved (exit 2) (1331.181416ms)
✔ integrateOrchToBase fails with exit 2 when gate pending (2015.342708ms)
✔ integrateOrchToBase succeeds after gate approval (2988.874292ms)
✔ force integrate requires SPINE_ALLOW_FORCE=1 (401.523792ms)
✔ openIntegrateGateAfterBatchComplete skips non-completed batches (277.635833ms)
✔ runSpineGate CLI approve updates gate record (1333.125958ms)
✔ isGitignoredArtifactPath matches extension/coverage and node_modules (1.507875ms)
✔ listGitignoredArtifactRoots deduplicates nested artifact dirs (0.706083ms)
✔ sanitizeGitignoredArtifactsBeforeLaneCommit removes worktree-only coverage (496.132834ms)
✔ sanitizeGitignoredArtifactsBeforeLaneCommit skips when disabled (401.886958ms)
✔ commitLaneAndValidateWorktree succeeds when only extension/coverage is gitignored dirty (782.871583ms)
✔ commitLaneAndValidateWorktree succeeds when only node_modules is gitignored dirty (731.006875ms)
✔ sanitizeGitignoredArtifactsBeforeLaneCommit does not clean index-tracked gitignored paths (621.086083ms)
✔ commitLaneWorktree still fails for index-tracked gitignored coverage (541.671416ms)
✔ classifyGitignoredPaths returns empty arrays for empty input (275.690083ms)
✔ classifyGitignoredPaths detects index-tracked gitignored paths (465.941083ms)
✔ classifyGitignoredPaths detects worktree-only gitignored paths (378.853125ms)
✔ classifyGitignoredPaths handles mixed index-tracked and worktree-only (453.388334ms)
✔ formatGitignoredRemediationMessage: worktree-only does not suggest git rm --cached (0.291209ms)
✔ formatGitignoredRemediationMessage: index-tracked suggests git rm --cached (0.061292ms)
✔ formatGitignoredRemediationMessage: mixed suggests both remediation paths (0.056542ms)
✔ commitLaneWorktree: worktree-only gitignored does not suggest git rm --cached (605.693042ms)
✔ commitLaneWorktree: index-tracked gitignored still suggests git rm --cached (760.776458ms)
✔ regression: SP-011 worktree-only coverage after npm test does not suggest git rm --cached (463.238291ms)
✔ isGitignoredArtifactPath matches graphify-out hook output (0.884209ms)
✔ listGitignoredArtifactRoots deduplicates nested graphify-out paths (0.659083ms)
✔ sanitizeGitignoredArtifactsBeforeLaneCommit removes worktree-only graphify-out (550.255125ms)
✔ commitLaneAndValidateWorktree succeeds when only graphify-out is gitignored dirty (762.53975ms)
✔ collectProgressSignals skips git porcelain when file-scope mtimes are stable (198.470458ms)
✔ collectProgressSignals runs git porcelain when a scoped file is touched (253.496875ms)
✔ resolveHeartbeatKind marks launching as worker_alive only (0.6735ms)
✔ shouldEmitCheckpointWarning skips launching phase (0.153041ms)
✔ buildHeartbeatPayloadFields omits stale checkpoint signals during launching (0.083875ms)
✔ recordLaneHeartbeat journals kind and phase (136.118375ms)
✔ runWorker launching heartbeat does not journal stale STATUS mtime on fast-fail retry (5127.99825ms)
✔ resolveStallConfig applies lane overrides (0.168042ms)
✔ progressSignalsChanged detects STATUS mtime updates (131.624459ms)
✔ computeStallDeadline extends past hard timeout after progress (0.1025ms)
✔ stall false positive avoided when STATUS updates extend deadline (I-01) (0.096833ms)
✔ findLatestStepCompletedMs returns newest matching task.step_completed (0.076458ms)
✔ progressSignalsChanged detects journal task.step_completed (silent tools) (131.3545ms)
✔ activitySignalsChanged detects file-scope mtime updates (FR-WORK-10 / FR-STALL-02) (192.232083ms)
✔ startBatch records lane.heartbeat during stub worker delay (8956.932417ms)
✔ startBatch persists baseBranchHeadAtStart and journals batch.base_snapshot (9306.611208ms)
✔ isFastForwardCapableIntegrate detects orch ahead of main (#93) (618.536167ms)
✔ integrateOrchToBase fast-forwards when orch is strictly ahead (#93 batch 20260702T071449) (4004.262958ms)
✔ integrateOrchToBase fast-forwards with generatedAt-only rules-manifest drift on main (#93) (3338.201292ms)
✔ recordBatchBaseSnapshot stores head sha and journals batch.base_snapshot (307.263958ms)
✔ integrateOrchToBase succeeds with uncommitted edits on main (3315.072291ms)
✔ integrateOrchToBase conflict path leaves human checkout and files unchanged (3080.760292ms)
✔ integrateOrchToBase succeeds with uncommitted edits on feature branch (non-base) (3354.900583ms)
✔ integrateOrchToBase dry-run advertises isolated merge plan (732.991083ms)
✔ resolveRulesManifestIntegrateDrift restores main when worker manifest matches orch (#22) (1366.194959ms)
✔ integrateOrchToBase succeeds with worker manifest drift on main matching orch (#22) (3163.93075ms)
✔ resolveRulesManifestIntegrateDrift blocks unrelated dirty files on main (503.182708ms)
✔ resolveRulesManifestIntegrateDrift blocks substantive manifest drift not matching orch (609.106417ms)
✔ resolveRulesManifestIntegrateDrift still clears generatedAt-only drift on main (725.099416ms)
✔ resolveRulesManifestIntegrateDrift clears generatedAt-only dirty manifest on main (720.451084ms)
✔ integrateOrchToBase succeeds with dirty generatedAt-only rules-manifest on main (3172.408458ms)
✔ inspectHumanBaseSync reports integrate_isolated_ok after plumbing integrate leaves HEAD behind (5548.660333ms)
✔ inspectHumanBaseSync reports human_base_diverged when human commits overlap orch paths (2278.718542ms)
✔ spine sync-base CLI merges landed main into feature branch (3638.815334ms)
✔ DEFAULT_SYNC_TIMEOUT_MS is 60 seconds (0.584417ms)
✔ syncPlumbingMergePathsToWorktree returns ok: true on successful sync (601.561625ms)
✔ syncPlumbingMergePathsToWorktree returns ok: false with timedOut on timeout (415.577542ms)
✔ integrateOrchToBase emits integrate.failed with IntegrateTimeout on sync timeout (3032.842459ms)
✔ successful integrate still emits integrate.completed (regression) (2691.898792ms)
✔ partial sync failure returns ok: false with correct failureClass from integrateOrchToBase (2565.46ms)
✔ syncPlumbingMergePathsToWorktree succeeds when worktree has paths not in HEAD (705.924458ms)
✔ syncPlumbingMergePathsToWorktree restores paths that exist in merge commit (826.462792ms)
✔ syncPlumbingMergePathsToWorktree skips diff paths absent from merge commit (1089.63975ms)
✔ assertOrchIntegratable refuses empty orch when mergeResults claim success (566.674ms)
✔ assertOrchIntegratable requires integrate when orch is ahead of base (834.767875ms)
✔ reconcileBatch reports needs_integrate when batch completed but orch not on main (1611.004958ms)
✔ completeBatch refuses when orch is ahead but not integrated (1455.318ms)
✔ integrateOrchToBase merges orch into main and journals events (2791.490541ms)
✔ integrateOrchToBase dry-run does not change main HEAD (856.503334ms)
✔ completeBatch succeeds after integrate lands orch on main (3695.1565ms)
✔ integrateOrchToBase aborts merge on conflict and restores checkout (2750.48425ms)
✔ integrateOrchToBase fails when batch state is missing (0.250875ms)
✔ runSpineIntegrate CLI succeeds when orch tip already matches main (367.320833ms)
✔ PRD §20.2 planner yields wave0 {A,C} and wave1 {B} (581.948417ms)
✔ PRD §20.2 two-lane stub batch completes ABC waves (16656.076542ms)
✔ PRD §20.2 mixed-outcome blocks merge; retry resets wave B for resume (12692.636833ms)
✔ runStepReview with worker attach env does not journal when attach suppressed (9.486ms)
✔ runSpineReviewStep with worker attach env does not journal when attach suppressed (5.741166ms)
✔ runSpineReportProgress with worker attach env does not journal when attach suppressed (1.740625ms)
✔ readJournalEventsCached returns same events as readJournalEvents (24.925ms)
✔ readJournalEventsCached returns cached copy on second call without file change (13.03425ms)
✔ readJournalEventsCached invalidates when file mtime changes (21.930583ms)
✔ readJournalEventsCached returns empty array for missing file (1.571334ms)
✔ clearJournalCache forces re-read on next call (13.841459ms)
✔ invalidateJournalCache with matching path clears cache (13.412375ms)
✔ invalidateJournalCache with non-matching path preserves cache (11.265375ms)
✔ readJournalEventsCached handles transition from missing to existing file (9.874958ms)
✔ readJournalEventsCached handles switch between different batch IDs (15.10675ms)
✔ runSpineJournal replay exits non-zero when journal missing (3.092583ms)
✔ runSpineJournal replay prints human table (16.060208ms)
✔ runSpineJournal replay --json returns events array (8.118125ms)
✔ exportJournalJsonl returns null when journal missing (11.522166ms)
✔ runSpineJournal export exits non-zero when journal missing (2.197625ms)
✔ runSpineJournal export writes jsonl to stdout (42.321167ms)
✔ runSpineJournal export --output writes file (13.827333ms)
✔ exportJournalMarkdown returns null when journal missing (3.083167ms)
✔ formatJournalMarkdownTimeline produces stable table shape (1.563333ms)
✔ formatJournalMarkdownTimeline escapes pipe characters in summary (0.116542ms)
✔ runSpineJournal export markdown exits non-zero when journal missing (1.105583ms)
✔ runSpineJournal export writes markdown to stdout (19.801292ms)
✔ runSpineJournal export markdown --output writes file (17.402167ms)
✔ detectBatchStateDrift flags running cache when reconcile sees doneInLane without journal terminal (0.927666ms)
✔ deriveStructuralBatchStateFromJournal rebuilds multi-lane skeleton without cache seed (2.280417ms)
✔ resume-parallel-lane-orphan fixture: journal-only rebuild marks resumed tasks running (0.728834ms)
✔ orphan-running-resume fixture: structural + lifecycle rebuild without seed (0.328166ms)
✔ pidless-ghost-running fixture: post-resume task.started wins over historical failure (0.294042ms)
✔ resume-orphan-historical-failure fixture: rebuild ignores pre-resume failure for active task (0.279625ms)
✔ retry-clears-failed-classification fixture: rebuild fixes stale failed cache (0.881042ms)
✔ retry-clears-failed-classification fixture: detectBatchStateDrift flags cache vs journal (0.498ms)
✔ incident fixtures rebuild from disk matches in-memory journal rebuild (287.597416ms)
✔ readJournalTimeline filters task and batch lifecycle events (0.599875ms)
✔ rebuildBatchStateFromJournal applies task.completed over stale failed cache (1.016209ms)
✔ detectBatchStateDrift flags journal completed vs cache failed (0.298375ms)
✔ detectBatchStateDrift ignores incomplete journal when cache failed (0.092208ms)
✔ incident orphan-running fixture: journal timeline is readable (269.100375ms)
✔ appendJournalEvent writes schema v1 with ISO timestamp and payload (17.797209ms)
✔ readLastTaskFailedEvent returns most recent task.failed (30.094292ms)
✔ redactSecrets masks sensitive keys (0.19725ms)
✔ capPayloadSize truncates oversized payloads (0.134042ms)
✔ normalizeJournalEvent upgrades legacy lines (0.087208ms)
✔ readJournalEvents reads mixed legacy and v1 lines (24.314792ms)
✔ extractJournalDiagnosisHints surfaces failure events from tail (0.388167ms)
✔ commitLaneWorktree commits dirty worktree when .DONE exists (701.992375ms)
✔ commitLaneWorktree fails loud when dirty without .DONE (351.724833ms)
✔ filterPorcelain drops lines matching ignore patterns by full path (0.284917ms)
✔ filterPorcelain drops lines matching ignore patterns by basename (0.065667ms)
✔ filterPorcelain keeps rename targets when only source matches ignore (0.060625ms)
✔ filterPorcelain returns empty for empty input (0.047666ms)
✔ mergeLaneToOrch rejects empty merge when lane commits were required (619.5245ms)
✔ mergeLaneToOrch prefers orch for conflicts outside lane file scope (1249.000875ms)
✔ mergeLaneToOrch does not auto-resolve in-scope lane conflicts (1330.204625ms)
✔ dismiss archives batch-state before clearing active file (1352.305583ms)
✔ complete with --detect-manual-merge succeeds when orch merged to main (1512.4985ms)
✔ complete refused when mergeResults succeeded but orch not on main (4770.632083ms)
✔ dismiss refused when diagnosis is running without --force (1324.291042ms)
✔ isPostMergeLimbo is true when tasks and merges succeeded with open orch branch (0.702125ms)
✔ isPostMergeLimbo rejects non-running or ended batches (0.086917ms)
✔ isPostMergeLimbo rejects empty or partial task/merge state (0.067458ms)
✔ isPostMergeLimbo respects git orch branch signals (0.067458ms)
✔ isPostMergeLimbo rejects null or non-object state (0.053875ms)
✔ resolveWorkerOutputConfig defaults live log streaming off (0.702ms)
✔ workerLiveLogPath matches runtime layout (0.093875ms)
✔ truncateLiveLogBytes applies truncation marker when over cap (0.180333ms)
✔ appendWorkerLiveLogChunk redacts secrets and enforces byte cap (27.115209ms)
✔ createWorkerLiveLogWriter returns null when streaming disabled (0.330875ms)
✔ runWorker streams subprocess stub output to live log when enabled (5089.036166ms)
✔ runWorker skips live log when streamWorkerOutputLive is false (5136.519791ms)
✔ runWorker still writes terminal failure log when live streaming enabled (5073.85725ms)
✔ startAgentSessionWorker flushes transcript chunks to live log (14.247125ms)
✔ appendWorkerLiveLogChunk rolls file with truncation marker when over max bytes (2.130333ms)
✔ MACRO_PHASES exports all eleven lifecycle values (1.224459ms)
✔ deriveMacroPhase: idle when no batch signals (0.121125ms)
✔ deriveMacroPhase: planning from batch phase (0.158ms)
✔ deriveMacroPhase: executing for active running batch (0.101042ms)
✔ deriveMacroPhase: merging phase and needs_merge diagnosis (0.066958ms)
✔ deriveMacroPhase: reviewing when review.started is open (0.161667ms)
✔ deriveMacroPhase: gating for pending gate or post-merge limbo (0.06575ms)
✔ deriveMacroPhase: integrating for needs_integrate and open integrate.started (0.066125ms)
✔ deriveMacroPhase: completed, failed, aborted, paused terminal phases (0.069417ms)
✔ fixture running-batch.json reconciles to executing macro-phase (1410.469125ms)
✔ fixture taskplane-executing.json maps to executing (0.549583ms)
✔ fixture needs-retry-batch.json maps to failed macro-phase (1248.294458ms)
✔ fixture limbo-stale maps to completed macro-phase (1507.447583ms)
✔ all macro-phase enum values are reachable via deriveMacroPhase (0.212209ms)
✔ recordMergeBlocked sets terminal merge_blocked phase and clears enginePid (328.362ms)
✔ reconcileBatch diagnoses merge_blocked as failed merge, not needs_merge (1284.82225ms)
✔ legacy merging phase with endedAt and failed mergeResults reconciles as failed (1294.7765ms)
✔ findResumableWave skips succeeded merged waves when later wave has pending tasks (0.724ms)
✔ validateMultiTaskResume allows force resume from merge_blocked (767.053ms)
✔ buildSuggestedCommand recommends resume --force for merge_blocked phase (0.291333ms)
✔ summarizeMergeFailures extracts failed wave and lane from mergeResults (0.684667ms)
✔ buildMergeFailureHeadline uses 1-based wave number and lane label (0.163458ms)
✔ buildHeadline for failed diagnosis surfaces merge conflict instead of zero failed tasks (0.244208ms)
✔ buildSuggestedCommand for merge failure suggests resume --force (0.157709ms)
✔ buildDiagnosisOutput bundles merge failure headline and command (0.157458ms)
✔ reconcileBatch surfaces merge failure fields distinct from failedTasks (1361.70475ms)
✔ spine status --json includes merge failure fields for monitors (1564.507334ms)
✔ spine status --diagnose prints merge failure details in text output (1202.239ms)
✔ filterGitignoredPaths separates ignored and stageable paths (417.453042ms)
✔ gitAddFilteredPaths skips gitignored paths without failing (478.107083ms)
✔ mergeLaneToOrch succeeds when task branch committed gitignored coverage (1960.900542ms)
✔ commitLaneWorktree refuses gitignored-only dirty paths (549.914542ms)
✔ commitLaneWorktree commits tracked files while skipping gitignored dirty paths (616.873ms)
✔ inferMergeGitignoredFailure detects gitignored merge and lane commit failures (0.254583ms)
✔ buildSuggestedCommand returns git rm --cached repair for gitignored merge failures (0.213542ms)
✔ reconcileBatch surfaces gitignored merge repair command from journal (1241.068083ms)
✔ filterPorcelain remains unchanged for SP-104 ignore patterns (0.346958ms)
✔ mergeLaneToOrch auto-resolves additive docs/PRD.md after origin/main merge task (1970.183875ms)
✔ mergeLaneToOrch fails PRD merge with recovery commands when hunks overlap (1250.110291ms)
✔ formatPrdDocMergeFailure names file and wave recovery (0.178459ms)
✔ isActiveWorkerSession true when SPINE_WORKER_RUNNER is set (0.650458ms)
✔ isActiveWorkerSession false outside worker context (0.083083ms)
✔ runStepReview skips nested reviewer spawn when worker env is set (51.775792ms)
✔ runStepReview skips nested plan review spawn when worker env is set (22.386833ms)
✔ runStepReview stub path still works inside worker session (4.041ms)
✔ runStepReview reaches pi availability check when worker env absent (3.203459ms)
✔ engine parent with leaked worker runner reaches reviewer spawn (2.927916ms)
✔ batch 20260619T020951 SP-306 plan step 0 journals review.skipped not review.failed (40.796666ms)
✔ detectNestedWorkerContext returns reason when SPINE_IS_WORKER=1 (0.737958ms)
✔ detectNestedWorkerContext returns reason when projectRoot is inside .worktrees/spine-* (0.120541ms)
✔ detectNestedWorkerContext returns null for normal projectRoot without worker env (0.104958ms)
✔ startBatch returns error when SPINE_IS_WORKER=1 (8.28625ms)
✔ startBatch returns error when projectRoot is inside .worktrees/spine-* (11.39975ms)
✔ startBatch succeeds normally (no env, normal CWD) — regression (9748.670958ms)
✔ buildWorkerChildEnv includes SPINE_IS_WORKER=1 (1.644792ms)
✔ journalEventsSinceResume excludes pre-resume terminal events (1.403417ms)
✔ detectOrphanRunning: historical task.failed + post-resume silence + dead engine (0.578959ms)
✔ resume orphan with historical failure fixture is not diagnosed as running (1521.204833ms)
✔ terminal event within scoped window still suppresses engine orphan (0.7435ms)
✔ journalIndicatesStalledSession: post-resume start without terminal (0.826083ms)
✔ detectOrphanRunning: PID-less ghost running with post-resume journal stall (0.481208ms)
✔ pidless ghost fixture reconcile is engine_orphaned, not running (1439.115959ms)
✔ terminal event within scoped window suppresses PID-less ghost signal (0.312625ms)
✔ isProcessAlive returns false for absent pid (0.933709ms)
✔ resume parallel lane orphan fixture: multiple running on lane 1 (1.148958ms)
✔ resume parallel lane orphan fixture: reconcile is actionable after scoped orphan detect (1124.468791ms)
✔ searchATon orphan incident fixture: dead workerPid is not diagnosed as running (1428.544833ms)
✔ dead workerPid with running task is not diagnosed as running (1223.280791ms)
✔ dead enginePid mid-resume without terminal journal is engine_orphaned (1503.569792ms)
✔ running batch without recorded pids still reports running (1566.356792ms)
✔ detectOrphanRunning ignores dead engine when terminal journal exists (0.20925ms)
✔ recordBatchEnginePid persists under resilience and clears on terminal save (290.150125ms)
✔ confirmed pause records batch.paused only after engine persists phase (192.184708ms)
✔ unconfirmed pause does not leave orphan batch.paused journal entry (432.6105ms)
✔ pauseBatch succeeds immediately when no attached engine is alive (167.434958ms)
✔ pauseBatch fails loud when attached engine keeps phase running (442.274375ms)
✔ waitForPauseConfirmation returns true when phase stays paused (391.469ms)
✔ retryTask succeeds when batch phase is paused (238.42375ms)
✔ retryTask rejects when batch phase is running (264.797791ms)
✔ resolveAttachedMilestonePollMs defaults to 2000ms when config omitted (0.723958ms)
✔ resolveSequencePollMs defaults to 5000ms when config omitted (0.109209ms)
✔ resolveDashboardPollMs defaults to 2000ms when config omitted (0.089083ms)
✔ resolveAttachedMilestonePollMs honors orchestrator.attachedMilestonePollMs override (0.058875ms)
✔ resolveSequencePollMs honors orchestrator.sequencePollMs override (0.05775ms)
✔ resolveDashboardPollMs honors orchestrator.dashboardPollMs override (0.047416ms)
✔ validateOrchestratorConfig rejects invalid poll values (0.159209ms)
✔ validateSpineConfig accepts orchestrator poll overrides (0.298875ms)
✔ waitForSequenceBatchTerminal uses 5000ms default poll interval (0.05925ms)
✔ batch 20260630T212050 orphan-after-merge fixture describes GitHub #59 incident (0.787583ms)
✔ batch 20260630T212050 journal fixture is limbo via resume detect but not bare state (418.571125ms)
✔ hydrateMergeResultsFromJournal enables state limbo detection for batch 20260630T212050 (383.531458ms)
✔ finalizeAttachedLandLoopBeforeExit opens gate for batch 20260630T212050 journal limbo (2246.24375ms)
✔ installAttachedExitFinalizeHandlers finalizes journal limbo on SIGTERM without manual resume (2598.45125ms)
✔ batch 20260629T021550 fixture is post-merge limbo without gate (233.024334ms)
✔ attemptPostMergeLandLoopHandoff finalizes batch 20260629T021550 limbo after SIGTERM (1749.793625ms)
✔ resumeBatchDetached --force finalizes post-merge limbo without spawning engine (2207.671ms)
✔ resumeBatch attached path finalizes batch 20260629T021550 limbo immediately (2184.22925ms)
✔ resumeMultiTaskBatch still finalizes batch 20260629T021550 after orphan_terminated (2119.171875ms)
✔ finalizeResumePostMergeLimbo clears stale engine pid during post-merge limbo (1540.308208ms)
✔ isPostMergeLimbo detects running phase with successful merges (0.666375ms)
✔ deriveDiagnosis returns needs_integrate for post-merge limbo (0.539583ms)
✔ finalizeBatchForIntegrate opens gate from post-merge limbo without resume (1394.102708ms)
✔ resumeMultiTaskBatch opens gate from post-merge limbo without re-running tasks (1975.971042ms)
✔ mixed-outcome post-mortem lists failed IDs and retry hint, not smooth success (1168.155583ms)
✔ false-success reconciliation headline is overridden when failures exist (0.375292ms)
✔ listFailedTaskIds prefers classified terminal-failure tasks (0.710625ms)
✔ collectEvidenceBundle summary.md is honest post-mortem markdown (1378.579834ms)
✔ dismissBatch writes post-mortem path into batch history (1896.847416ms)
✔ writeBatchPostMortem persists markdown under runtime batch dir (1609.983959ms)
✔ spine status --verbose includes post-mortem section for active batch (1268.135375ms)
✔ resolveStallConfig defaults progressSnapshotIntervalMinutes to 2 (0.590834ms)
✔ resolveStallConfig applies progressSnapshotIntervalMinutes override (0.064209ms)
✔ buildProgressSnapshotPayload is bounded and omits dirty path lists (0.587417ms)
✔ progressSnapshotPayloadChanged detects field deltas (0.094167ms)
✔ shouldEmitProgressSnapshot respects interval (0.062834ms)
✔ recordLaneProgressSnapshot journals bounded payload (97.108333ms)
✔ runWorker emits lane.progress_snapshot on interval and dedupes unchanged signals (10068.20225ms)
✔ startBatch fails closed on invalid PROMPT before batch starts (338.096083ms)
✔ journalShowsDoneInLaneTerminalArtifacts requires lane.completed and approved review (0.655ms)
✔ reconcileBatchStateDrift promotes running cache when lane .DONE and review APPROVE (403.940834ms)
✔ reconcileBatch auto-heals #170 drift scenario and clears state_drift diagnosis (1435.205875ms)
✔ reconcileBatchStateDrift is idempotent when called twice (536.761959ms)
fatal: malformed object name missing-base-branch
✔ inspectGitState records gitInspectionError when merged-branch scan fails (291.539625ms)
✔ deriveDiagnosis returns git_unavailable when git inspection failed (0.514583ms)
✔ reconcileBatch surfaces git_unavailable instead of limbo_stale on git failure (1376.974292ms)
fatal: malformed object name missing-base-branch
✔ reconcileBatch records count_commits_ahead git errors from real git refs (1962.209833ms)
✔ light reconcile matches full reconcile when batch phase is stable (2565.971ms)
✔ light reconcile skips git inspection when phase unchanged (2450.829209ms)
✔ phase change forces full reconcile even with light flag (1891.022791ms)
✔ diagnosis transition falls back to full reconcile (2728.222084ms)
✔ waitForSequenceBatchTerminal uses light reconcile after first poll (165.001041ms)
✔ idle-no-batch returns healthy idle state (371.126209ms)
✔ limbo_stale detected from incident fixture (1744.907417ms)
✔ completed_manual when orch branch merged to main (2000.783583ms)
✔ needs_retry when a task failed (1104.108208ms)
✔ running diagnosis for active batch (1177.867459ms)
✔ runReconciliationCheck matches reconcileBatch output shape (1085.034917ms)
✔ reconcileBatch includes journal hints when journal exists (1055.901417ms)
✔ reconcileBatch exposes macroPhase for running batch (1064.498958ms)
✔ reconcileBatch exposes macroPhase for limbo_stale (983.810667ms)
✔ failBatchFromEngineError writes batch.failed and clears enginePid (594.567667ms)
✔ reconcileGhostRunningTasks marks running tasks failed without worker (0.207ms)
✔ resumeMultiTaskBatch fail-closed when post-commit gitPorcelain throws (6939.571042ms)
✔ resumeBatch opens integrate gate before batch.completed journal event (7834.295667ms)
✔ refreshLaneHeartbeatsOnResume aligns lane heartbeats to engineStartedAt (0.695791ms)
✔ taskAlreadyComplete returns false for failed task with stale .DONE on disk (0.687791ms)
✔ resumeBatch after failed retry runs contract verification before succeed (3576.288ms)
✔ resumeBatch continues paused 2-task 2-lane batch with stub workers (9019.197ms)
✔ resumeBatch multi path requires existing lane worktrees (523.023125ms)
✔ multi-task batch start → pause → resume completes both tasks (9748.3715ms)
✔ paused multi-task batch diagnose suggests multi-task resume (1250.084625ms)
✔ multi-task startBatch completes two-lane stub batch (start path) (8281.863916ms)
✔ resumeBatch serializes four tasks on one lane (24496.057375ms)
✔ resumeBatch runs two lanes with two tasks each in parallel (15023.452916ms)
✔ validateMultiTaskResume accepts paused 2-task 2-lane batch (1229.126667ms)
✔ validateMultiTaskResume rejects batch with zero tasks (382.669583ms)
✔ validateMultiTaskResume rejects missing worktree per lane (360.768708ms)
✔ validateMultiTaskResume allows force resume when wave merge is pending (710.206583ms)
✔ validateResumeBatch delegates to multi validator for single-task batch (419.367083ms)
✔ resolveDetachedWaitTimeoutMs uses long default for wait-terminal orphan resume (1.170958ms)
✔ prepareOrphanResumeHandoff clears stale workerPid before orphan resume (297.676041ms)
✔ clearStaleLaneWorkerPids preserves live worker pid (264.533667ms)
✔ dual-dead lane+engine orphan reconciles as engine_orphaned with attached resume (1156.104167ms)
✔ attached resume --force completes stuck task after plan review orphan stall (8446.092ms)
✔ detached resume with wait-terminal uses extended timeout constant (0.155792ms)
✔ taskTerminalSuccessInBatch requires succeeded status and journal task.completed (0.806708ms)
✔ resume --force after partial retry does not review.start succeeded task IDs (9361.68925ms)
✔ resume-validation leaf does not import reconcile.mjs (0.856291ms)
✔ isTaskResumable accepts pending, running, and resumable segments (0.134625ms)
✔ computePendingTasks filters to resumable tasks only (0.08125ms)
✔ findResumableWave skips succeeded merged waves when later wave has pending tasks (0.3955ms)
✔ detectPostMergeLimboFromResumeSignals uses state mergeResults without journal (0.250208ms)
✔ detectPostMergeLimboFromResumeSignals detects journal-only limbo when mergeResults empty (0.110625ms)
✔ detectPostMergeLimboFromResumeSignals rejects when gate already exists (0.092291ms)
✔ classifyTasksForOrphanDetect maps running status to running classification (0.687208ms)
✔ pauseBatch sets phase paused and journals batch.paused (186.581416ms)
✔ resumeBatch continues paused single-lane batch (7512.850667ms)
✔ paused spine batch reconciliation suggests spine batch resume (1066.596958ms)
✔ validateBatchState requires segments aligned with tasks (0.253125ms)
✔ retryTask clears stale failure metadata before re-run (202.046083ms)
✔ retry then task.completed updates counters and reconcile diagnosis (1134.077167ms)
✔ retry-clears-failed-classification fixture reconciles after success state (1134.409542ms)
✔ retryTask atomically resets task and segment records (219.724ms)
✔ retryTask fixes segment drift (GAP-RETRY-01) (194.305084ms)
✔ resumeBatch refuses segment drift without retry (330.71175ms)
✔ skipTask marks task skipped and updates counters (244.69175ms)
✔ retryTask rejects when batch is running (163.379291ms)
✔ defaultSegmentId used in segment records (0.165ms)
✔ detectOrphanedReviewStarted finds orphaned review.started with no matching review.completed (0.777125ms)
✔ detectOrphanedReviewStarted returns empty when review.completed exists (0.075875ms)
✔ detectOrphanedReviewStarted distinguishes code and final review types (0.060875ms)
✔ reconcileOrphanedReviewEvents synthesizes completion when APPROVE artifact on disk (26.989417ms)
✔ reconcileOrphanedReviewEvents does NOT synthesize when no artifact on disk (3.078792ms)
✔ reconcileOrphanedReviewEvents does NOT synthesize for REVISE verdict (11.724459ms)
✔ findCompletedCodeReview honors artifact at attempt > 0 (2.076417ms)
✔ normal review flow (no crash) still works correctly (0.117292ms)
✔ reconcileOrphanedReviewEvents handles final review with PASS verdict (13.927792ms)
✔ buildReviewerSystemPrompt includes project standards when rules manifest exists (19.771666ms)
✔ buildReviewerSystemPrompt emits reviewer.rules_selected journal event (14.235ms)
✔ buildReviewRequest user prompt does not include injected standards block (0.291708ms)
✔ runStepReview stub path does not emit reviewer.rules_selected (15.844958ms)
✔ isNoiseReviewScopePath matches runtime artifact paths (0.716834ms)
✔ filterReviewScopeNoise dedupes and drops noise (0.7975ms)
✔ resolvePlanReviewScopePaths returns PROMPT File Scope minus noise (1.709583ms)
✔ resolveReviewScopePaths plan uses task PROMPT file scope (1.065583ms)
✔ resolveReviewScopePaths final returns empty scope (0.076083ms)
✔ resolveCodeReviewScopePaths uses baseline..HEAD when baseline provided (232.718125ms)
✔ resolveCodeReviewScopePaths falls back to git diff --name-only without baseline (308.128083ms)
✔ resolveReviewScopePaths code honors injectable git runner (0.268708ms)
✔ resolveCodeReviewScopePaths returns empty array when git fails (0.098833ms)
✔ parseReviewLevel reads PROMPT heading (0.702916ms)
✔ isReviewTypeRequired follows Taskplane rubric (0.089292ms)
✔ formatReviewTimestamp strips separators from ISO time (0.934667ms)
✔ buildReviewArtifactPath uses step-timestamp pattern (0.208875ms)
✔ buildFinalReviewArtifactPath uses final-timestamp pattern (0.114791ms)
✔ normalizeVerdict maps enums by review type (0.094959ms)
✔ normalizeFinalVerdict and normalizeCodeVerdict are type-specific aliases (0.067375ms)
✔ parseReviewVerdict reads JSON and markdown verdicts (0.454417ms)
✔ parseReviewVerdict accepts PASS REVISE REPLAN when reviewType is final (0.077166ms)
✔ parseReviewVerdict step mode rejects final-only verdict enums (0.112792ms)
✔ parseFinalReviewVerdict accepts PASS, REVISE, and REPLAN (0.11625ms)
✔ parseFinalReviewVerdict omits heading summary unlike parseReviewVerdict (0.08175ms)
✔ shouldRunCodeReview requires review level 2 or higher (0.055125ms)
✔ shouldRunFinalReview skips when review level is 0 (0.07675ms)
✔ DEFAULT_REVIEW_SPAWN_TIMEOUT_MS is 90 minutes (0.596ms)
✔ honorReviewSpawnFailureWhenEligible honors final review when contract passed (8.010084ms)
✔ honorReviewSpawnFailureWhenEligible skips when contract failed (1.896ms)
✔ honorReviewSpawnFailureWhenEligible honors code review with .DONE (7.753417ms)
✔ buildReviewerPiArgs includes --model when config pins reviewer (3.948958ms)
✔ buildReviewerPiArgs omits --model when reviewer model is inherit (1.0595ms)
✔ buildReviewerPiArgs uses per-type model override for matching reviewType (1.089917ms)
✔ buildReviewerPiArgs falls back to top-level reviewer pin when per-type block missing (1.2595ms)
✔ buildReviewerPiArgs cascades per-type inherit to top-level reviewer pin (1.317625ms)
✔ spawnReviewerPi fails closed when pi unavailable via SPINE_REVIEW_TEST_NO_PI (1.562375ms)
✔ buildReviewerChildEnv strips SPINE_WORKER_RUNNER from reviewer child env (0.331666ms)
✔ shouldBlockNestedReviewerSpawn false when only worker runner leaked on engine (0.107125ms)
✔ spawnReviewerPi allows engine spawn when worker runner leaked without journal attach (1.406209ms)
✔ shouldBlockNestedReviewerSpawn true inside live worker child session (0.150375ms)
✔ parseReviewLevel reads PROMPT heading (0.7315ms)
✔ isReviewTypeRequired follows Taskplane rubric (0.090833ms)
✔ buildReviewArtifactPath uses step-timestamp pattern (0.919125ms)
✔ buildFinalReviewArtifactPath uses final-timestamp pattern (0.104542ms)
✔ parseReviewVerdict reads JSON and markdown verdicts (0.509334ms)
✔ parseReviewVerdict accepts PASS REVISE REPLAN when reviewType is final (0.129125ms)
✔ parseReviewVerdict step mode rejects final-only verdict enums (0.101917ms)
✔ parseReviewVerdict accepts PASS REVISE REPLAN for final review type (0.06675ms)
✔ resolveBatchJournalContext ignores SPINE_BATCH_ID without SPINE_JOURNAL_ATTACH (0.736ms)
✔ isJournalAttachBlocked honors SPINE_SUPPRESS_JOURNAL_ATTACH (0.130458ms)
✔ resolveBatchJournalContext blocked when attach suppressed (0.1065ms)
✔ runStepReview ignores SPINE_REVIEW_STUB_FAIL without stub mode (7.854417ms)
✔ runStepReview stub APPROVE writes artifact and journal events (28.089708ms)
✔ runStepReview stub REVISE returns exitCode 2 (2.232709ms)
✔ runStepReview fail-closed on stub spawn failure (20.948625ms)
✔ runStepReview skips when review level does not require type (5.840334ms)
✔ runStepReview final stub PASS writes final artifact path (6.709292ms)
✔ runStepReview final spawn failure exits non-zero at review level >= 1 (2.064209ms)
✔ runSpineReviewStep CLI --type final emits JSON verdict (2.537ms)
✔ runSpineReviewStep CLI emits JSON verdict (13.025958ms)
✔ assertReviewToolAvailable fails closed without pi at review level > 0 (1.880292ms)
✔ runWorker fails closed when review tool unavailable at level > 0 (8.663416ms)
✔ stub worker stops when enforced review spawn fails (76.983166ms)
✔ DEFAULT_REVIEW_SPAWN_TIMEOUT_MS remains 90 minutes (backstop unchanged) (0.550583ms)
✔ runStepReview honors on-disk APPROVE while pi hangs — seconds not stall timeout (267.689333ms)
✔ resolveReviewerModelPin returns per-type override when set (0.6465ms)
✔ resolveReviewerModelPin falls back to top-level when per-type block missing (0.15025ms)
✔ resolveReviewerModelPin cascades per-type inherit to top-level pin (0.064542ms)
✔ resolveReviewerModelPin returns null for top-level inherit (0.049459ms)
✔ resolveReviewerModelPin returns null when reviewer block absent (0.0565ms)
✔ resolveReviewerThinkingPin returns per-type override when set (0.084917ms)
✔ resolveReviewerThinkingPin falls back to top-level when per-type block missing (0.096583ms)
✔ resolveReviewerThinkingPin cascades per-type inherit to top-level pin (0.043459ms)
✔ resolveReviewerThinkingPin returns null for off at any level (0.07425ms)
✔ resolveReviewerThinkingPin returns null when reviewer block absent (0.045625ms)
✔ resolveRulesManifestGeneratedAtMerge keeps newest generatedAt (0.719917ms)
✔ resolveRulesManifestGeneratedAtMerge fails when rules differ (0.095625ms)
✔ fingerprintRulesManifest ignores generatedAt (0.061791ms)
✔ mergeLaneToOrch clears generatedAt-only dirty rules-manifest before merge (1283.004833ms)
✔ mergeLaneToOrch auto-resolves generatedAt-only rules-manifest conflict (1368.35275ms)
✔ mergeLaneToOrch fails loud when rules[] differ (1036.550666ms)
✔ mergeLaneToOrch does not auto-resolve when other paths conflict (1233.82875ms)
✔ tryAutoResolveRulesManifestMergeConflict resolves in-progress merge (727.663333ms)
✔ appendTaskMetric writes TaskMetricRecord JSONL line (6.448875ms)
✔ buildTaskMetricRecord includes laneNumber and durationMs when available (0.20425ms)
✔ buildTaskMetricRecord omits laneNumber when not a positive lane (0.11275ms)
✔ metrics.enabled false skips append without error (0.911042ms)
✔ resolveTaskMetricOutcome maps skipped_done_on_disk to skipped (0.155417ms)
✔ appendTaskMetric redacts secret-like fields and omits prompt text (1.547917ms)
✔ skipTaskDoneOnDisk records skipped task metric (21.265083ms)
✔ appendBatchMetric writes BatchMetricRecord JSONL line (1.883625ms)
✔ recordBatchTerminalMetric skips when metrics disabled (0.658667ms)
�
Coverage run aborted: 2 test failure(s).
