Contract testCommand failure log
Command: npm run typecheck && SPINE_WORKER_STUB=1 node --experimental-strip-types --test tests/batch/sequence-merge-blocked-continue.test.mjs && npm run coverage:check && stet run --strictness lenient --auto-finish-zero --quiet
Exit code: 1
Attempt: 1 of 2
Timestamp: 2026-07-04T20:43:11.139Z
Buffer overflow: no
---

> pi-spine@1.4.0 typecheck
> tsc --project tsconfig.json --noEmit && tsc --project tsconfig.batch.json --noEmit

✔ isMergeBlockedBatchOutcome detects mixed-outcome and merge_blocked phases (0.580042ms)
✔ evaluateWaveTaskDependencies filters runnable tasks by satisfied deps (0.571584ms)
✔ formatSequenceWaveSkipMessage names blocked dependencies per §17.4 (0.202459ms)
✔ resolveWaveAfterMergeBlocked continues wave 1 and skips wave 2 tasks (0.1575ms)
✔ planSequenceWaveTasks skips wave when no deps are satisfied (0.105916ms)
✔ 3-wave sequence continues wave 1 after wave 0 merge_blocked and skips wave 2 (38647.355708ms)
ℹ tests 6
ℹ suites 0
ℹ pass 6
ℹ fail 0
ℹ cancelled 0
ℹ skipped 0
ℹ todo 0
ℹ duration_ms 38893.220959

> pi-spine@1.4.0 coverage:check
> node scripts/run-coverage.mjs

✔ adoption fixture: init, plan, stub batch AD-001 creates .DONE (28226.562792ms)
✔ adoption integration: REPLAN final verdict surfaces needs_replan diagnosis (24524.631959ms)
✔ worker.md documents spine tools, stall checkpoint, and coverage policy (0.821459ms)
✔ worker.md documents engine-owned code and final review after .DONE (0.331834ms)
✔ reviewer.md documents final PASS REVISE REPLAN verdicts (0.217458ms)
✔ worker-prompt tail aligns with worker.md commit and review conventions (0.135042ms)
✔ buildWorkerTailPrompt does not contradict worker.md on commit format (23.454125ms)
✔ buildAgentSessionWorkerPrompt includes review hint when level > 0 (1.741125ms)
✔ buildWorkerPiArgs omits -ne when no pi-web-access conflict (61.799333ms)
✔ buildWorkerPiArgs includes -ne before -p when extension conflict detected (24.813708ms)
✔ formatPiExtensionConflictHint surfaces pi-web-access remediation (0.412375ms)
✔ abortBatch archives batch-state before clearing active file (3037.816625ms)
✔ abortBatch journals batch.aborted and preserves prior journal tail (2940.023125ms)
✔ abortBatch writes abort signal without killing on graceful abort (2865.934709ms)
✔ hard abort removes lane worktree when cleanup enabled (3980.124334ms)
✔ hard abort keeps worktree when cleanupOnHardAbort is false (3810.541ms)
✔ abortBatch fails when no active batch (2858.848916ms)
✔ mergeLaneToOrch auto-resolves disjoint adoption doc edits without force-merge (13221.150208ms)
✔ mergeLaneToOrch fails adoption doc merge with recovery commands when hunks overlap (14883.019ms)
✔ formatAdoptionDocMergeFailure names file and wave recovery (0.221167ms)
✔ agent session abort failure journals lane.worker_abort_failed (3616.063583ms)
✔ formatAttachedMilestoneLine renders land-loop journal types (0.663ms)
[spine] batch.started
[spine] task.started SP-343
[spine] task.completed SP-343
[spine] batch.merge_started wave=0
[spine] batch.merge_completed wave=0
[spine] gate.opened
[spine] gate.evidence_collecting
[spine] gate.evidence_completed
[spine] batch.completed
[spine] batch.land_loop_finalized

Batch started

Batch 20260704T203928 completed: SP-343 succeeded; merged to orch/spine-20260704T203928.
  → spine gate status
  → spine gate approve
  → spine integrate
  → spine batch complete

Batch 20260704T203928 ready to integrate orch branch to main

  → spine integrate

  Alternatives:
    • /spine-integrate
    • /spine-gate
    • spine status --diagnose

  Batch: 20260704T203928
  Task: SP-343
✔ runSpineBatch attached start returns integrate handoff without process.exit in tests (26717.826584ms)
✔ attached batch CLI subprocess exits after completed with stdout milestones (26343.787125ms)
✔ formatAttachedBatchCliResult includes diagnosis suggested command (0.324083ms)
✔ enforceAttachedEngineSingleOwner fails fast when engine PID is alive (3235.23625ms)
✔ enforceAttachedEngineSingleOwner orphans prior engine with --force (2917.663792ms)
✔ resumeBatch rejects second attached resume when engine PID is alive (2809.2675ms)
✔ resumeBatchDetached rejects spawn when attached engine PID is alive (2224.523583ms)
✔ runAttachedBatchEngine blocks attached start when engine PID is alive (3871.003833ms)
✔ isLastWaveIndex matches batch 20260618T000943 wave plan (0.6055ms)
✔ maybeFinalizeAfterWaveMerge opens gate for last-wave post-merge limbo (7491.228375ms)
✔ resumeMultiTaskBatch finalizes post-merge limbo even with stale engine pid (7391.325541ms)
✔ terminateStaleDetachedEngine still clears stale engine during post-merge limbo resume handoff (2674.257042ms)
✔ startBatch multi-wave attached path opens gate after wave 1 without resume (42757.018583ms)
✔ attached milestone types include batch.merge_blocked (0.66675ms)
✔ formatAttachedBatchCliResult prints merge failure headline and exits non-zero for merge_blocked (6674.623292ms)
✔ runAttachedBatchEngine streams merge_blocked milestone before merge failure CLI output (7153.667875ms)
✔ mergeEngineStateWithDiskPause adopts operator pause from disk (3182.9425ms)
✔ saveEngineBatchState does not clobber phase paused during heartbeat-style saves (2866.023083ms)
✔ enforceOperatorPauseOnDisk re-asserts paused after engine overwrite (3354.398875ms)
✔ pauseBatch confirms when attached engine heartbeat saves honor pause (4481.943958ms)
✔ batch 20260620T194352 fixture is post-merge limbo without gate (3095.122792ms)
✔ attemptPostMergeLandLoopHandoff finalizes in-process after SIGTERM-shaped limbo (7600.280458ms)
✔ finalizeAttachedPostMergeLimbo is idempotent when gate already open (7193.874666ms)
✔ resume after orphan_terminated journal opens gate for batch 20260620T194352 pattern (7858.283209ms)
✔ installAttachedEngineShutdownHandlers finalizes on SIGTERM without manual resume (6400.414792ms)
✔ terminateStaleDetachedEngine during post-merge limbo still allows resume finalize (7363.475416ms)
✔ shouldAutoIntegrateAfterWave is false by default (0.600167ms)
✔ shouldAutoIntegrateAfterWave is true when configured and not last wave (0.089333ms)
✔ shouldAutoIntegrateAfterWave is false on last wave (0.050042ms)
✔ issue #25: retry unblocks failed phase when only pending tasks remain (14563.530041ms)
✔ issue #25: failed phase with pending-only limbo resumes without --force (8664.618458ms)
✔ retry keeps failed phase when other failed tasks remain (3317.196875ms)
✔ diagnosis suggests resume --force for failed-phase pending-only limbo (0.231ms)
✔ parseSupersededReplacementIds extracts child task IDs (1.358958ms)
✔ assertBatchStartTasksNotSuperseded rejects superseded IDs (4604.406709ms)
✔ assertBatchStartTasksNotSuperseded allows pending IDs (4016.707833ms)
✔ assertBatchStartTasksNotSuperseded honors --force-superseded (3104.317833ms)
✔ resolveBatchStartScope rejects explicit superseded task IDs (4434.941917ms)
✔ resolveBatchStartScope allows superseded IDs with forceSuperseded (3811.662875ms)
✔ startBatch dry-run rejects superseded explicit scope (3628.925667ms)
✔ startBatch dry-run allows superseded scope with forceSuperseded (2653.438459ms)
✔ parseBatchArgs maps --wave on start to waveFilter (0.803ms)
✔ parseBatchArgs strips --wave value from scope for wave 0 (0.095417ms)
✔ buildAttachedBatchStartArgv forwards waveFilter to detached engine (4.123292ms)
✔ startBatch dry-run with pending scope and --wave 0 selects planner wave 0 (3491.685292ms)
✔ startBatch dry-run with --wave selects planner wave task IDs (2949.923541ms)
✔ wave-filtered dry-run matches explicit wave task scope dry-run (2723.249459ms)
✔ evaluateBatchStateWriteGuard rejects writes from non-owner live engine (23.347459ms)
✔ saveSpineBatchState rejects resurrecting archived batch cache (23.012417ms)
✔ resolveStallConfig defaults checkpoint warning and no file-scope grace extension (0.711958ms)
✔ file-scope mtime is activity only — does not extend stall deadline by default (0.204ms)
✔ checkpoint signals extend grace; STATUS update moves deadline (0.065042ms)
✔ shouldEmitCheckpointWarning after activity without checkpoint threshold (0.112583ms)
✔ resolveScopedDirtyPaths limits porcelain to file scope and task folder (2357.983917ms)
✔ lane.checkpoint_warning journal event and diagnose hints (24.929708ms)
✔ extractJournalDiagnosisHints omits stale checkpoint_warning older than 30 minutes (0.181917ms)
✔ collectProgressSignals includes dirtyPaths for scoped changes (3031.76825ms)
✔ runFinalReviewPhase fails fast with contract_failed and does not consume finalAttempts (10640.469417ms)
✔ reconcileBatch surfaces contract_failed headline for failed task (6640.20825ms)
✔ verifyContract satisfies pre-landed fileScopeMustChange when testCommand and artifacts pass (6771.86325ms)
✔ verifyContract still fails pre-landed scope when testCommand fails (11777.235125ms)
✔ verifyStubFileScopeMustChange passes delivery-only STATUS when source scope pre-landed (6340.610083ms)
✔ verifyContract passes delivery-only STATUS.md fileScopeMustChange contract (5985.635917ms)
✔ resolvePromptRelPath derives task PROMPT from spine-tasks delivery changes (3384.838708ms)
✔ isFileScopePatternPrelanded detects scope changed on main after task intro (5142.48425ms)
✔ testCommand fails once then succeeds on retry — contract passes (523.291583ms)
✔ testCommand fails all retries — contract_failed as before (587.921459ms)
✔ retry count configurable via spine-config contract.testRetries (1358.736125ms)
✔ failed output captured to .reviews/ directory (274.727ms)
✔ no retry when testCommand succeeds first time (no performance cost) (754.162916ms)
✔ writeContractFailureLog creates log file with header (50.83625ms)
✔ writeContractFailureLog returns null when taskFolder is undefined (0.182959ms)
✔ CONTRACT_TEST_DEFAULT_RETRIES is 1 (0.042625ms)
✔ CONTRACT_TEST_RETRY_DELAY_MS is 5000 (0.048292ms)
✔ multiple failure logs captured across retry attempts (916.819417ms)
✔ parseContract extracts stallTimeoutMinutes and extendGraceOnFileScope (1.377541ms)
✔ resolveTaskStallMinutes uses max of global, size floor, and contract override (0.119208ms)
✔ resolveStallConfigForTask applies contract stallTimeoutMinutes to stallTimeoutMs (0.129166ms)
✔ resolveStallConfigForTask honors contract extendGraceOnFileScope (0.06525ms)
✔ resolveWorkerPiTimeoutMs aligns with contract stall budget (0.101209ms)
✖ runWorker with contract stall override survives beyond global stall budget (scaled) (15745.605667ms)
✔ runWorker without contract override stalls at scaled global budget (5609.741958ms)
✔ isDeliveryArtifactPath accepts STATUS.md-only patterns (0.89875ms)
✔ isDeliveryArtifactPath accepts .DONE-only patterns (0.175208ms)
✔ isDeliveryArtifactPath accepts task-folder delivery globs (0.12275ms)
✔ isDeliveryArtifactPath rejects implementation and tasks-root paths (0.101375ms)
✔ isImplementationScopePattern detects source and tooling roots (0.053375ms)
✔ isStubDeliveryOnlyScope is true for delivery-only pattern sets (0.104792ms)
✔ isStubDeliveryOnlyScope rejects mixed implementation and delivery patterns (0.064ms)
✔ isStubDeliveryOnlyScope rejects empty pattern lists (0.039709ms)
✔ isDeliveryArtifactPath honors custom tasksRoot (0.157833ms)
✔ resolveTaskStartCommit returns distinct start commits for serialized lane tasks (0.800375ms)
✔ resolveTaskStartCommit prefers task.started payload commit over prior lane.committed (0.089833ms)
✔ resolveTaskStartCommit returns null when task.started is missing (main...HEAD fallback) (0.066458ms)
✔ resolveTaskStartCommit resolves git HEAD at task.started timestamp when journal lacks commit (4262.317958ms)
✔ CONTRACT_TEST_COMMAND_MAX_BUFFER exceeds legacy 256KB limit (0.804958ms)
✔ runContractTestCommand captures large stdout without killing child (102.118667ms)
✔ runContractTestCommand surfaces ENOBUFS with scoped testCommand guidance (111.27825ms)
✔ verifyContract reports buffer overflow with scoped testCommand guidance (5843.412834ms)
✔ listChangedFiles with sinceCommit scopes diff to commits after anchor (6078.409958ms)
✔ listChangedFiles without sinceCommit preserves baseBranch...HEAD (4661.852ms)
✔ verifyContract with sinceCommit ignores prior same-lane task fileScopeMustNotChange violations (7133.126042ms)
✔ verifyContract without sinceCommit preserves cumulative lane branch behavior (4265.585417ms)
✔ buildContractTestEnv removes worker-only keys (0.593917ms)
✔ runContractTestCommand subprocess does not inherit SPINE_IS_WORKER (162.399375ms)
✔ verifyContract testCommand passes under worker env when subprocess is sanitized (596.625042ms)
✔ verifyContract passes when testCommand exits 0 (455.024333ms)
✔ verifyContract fails when testCommand exits non-zero (287.709042ms)
✔ verifyContract checks artifactsMustExist paths in worktree (436.003042ms)
✔ verifyContract expands glob patterns in artifactsMustExist (989.024ms)
✔ verifyContract returns ok with empty checks when contract has no verify fields (511.013708ms)
✔ verifyContract enforces fileScopeMustChange and fileScopeMustNotChange (6092.544708ms)
✔ verifyContract checks minLineCoverage from command output (605.7505ms)
✔ shouldRunContractVerify skips legacy TP-* tasks and absent contract sections (0.3085ms)
✔ matchesContractPattern supports glob paths (0.182125ms)
✔ parseAggregateLineCoverage parses coverage table rows (0.103208ms)
✔ SP-193-shaped placeholder contract fails validateContract in required mode (1.457375ms)
✔ verifyContract passes SP-193-shaped contract when scoped files changed (4658.586125ms)
✔ fileScopeMustChange trailing-slash pattern matches files under directory prefix (5061.951792ms)
✔ fileScopeMustChange trailing-slash pattern fails when no files under prefix changed (4494.31325ms)
✔ fileScopeMustChange exact-path and glob behavior preserved alongside trailing-slash (5984.903917ms)
✔ waitForDetachedBatchResume waits for integrate gate after batch completes (3470.833667ms)
✔ waitForDetachedBatchResume completes without gate when integrate gate not required (2556.6375ms)
✔ prepareDetachedResumeEngineHandoff terminates stale engine before resume spawn (102.593ms)
✔ resolveDefaultResumeWaitTerminal returns true for engine_orphaned without flags (0.608542ms)
✔ resolveDefaultResumeWaitTerminal respects explicit flags (0.089417ms)
✔ detectPostMergeLimboForResume matches journal-only limbo for batch 20260629T210738 (7239.951541ms)
✔ postMergeLimbo diagnosis suggests spine batch resume --force (0.304333ms)
✔ resumeBatchDetached --force finalizes journal-only limbo without spawning engine (13512.996917ms)
✔ detached batch start opens integrate gate after stub engine completes (22615.104334ms)
✔ timeout_waiting_for_batch with dead enginePid reconciles as engine_orphaned not running (6368.555166ms)
✔ startBatchDetached persists spawn enginePid before wait on timeout failure path (35491.203125ms)
✔ parseBatchArgs defaults to detached start (attached flag off) (0.837875ms)
✔ parseBatchArgs --attached opts into foreground engine (0.076958ms)
✔ buildAttachedBatchStartArgv forwards scope and skip-preflight (0.672583ms)
✔ formatDetachedBatchStartOutput includes monitor hints (0.223958ms)
✔ batch start returns quickly and runs engine in background (23731.193541ms)
✔ parseBatchArgs resume defaults to detached (attached flag off) (0.16325ms)
✔ buildAttachedBatchResumeArgv forwards force (0.172042ms)
✔ formatDetachedEngineOutput includes resume wording (0.108875ms)
✔ waitForDetachedBatchResume returns engine_started by default (3122.227417ms)
✔ waitForDetachedBatchResume with waitTerminal returns resume_completed (2926.777708ms)
✔ collectDetachedFailureDiagnostics includes task.failed summary and log tails (2373.235458ms)
✔ parseBatchArgs accepts --wait-terminal (0.187541ms)
✔ batch resume returns quickly and runs engine in background (28496.92625ms)
✔ inferLaunchFailureKind ignores DirtyWorktree exitReason (0.700417ms)
✔ buildHeadline prefers DirtyWorktree over worker launch (0.3655ms)
✔ buildSuggestedCommand for DirtyWorktree suggests coverage cleanup and retry (0.176792ms)
✔ buildHeadline surfaces review_exhausted primary failure (0.131833ms)
✔ buildSuggestedCommand for review_exhausted suggests batch retry (0.049625ms)
✔ buildHeadline surfaces contract_failed primary failure (0.064583ms)
✔ buildSuggestedCommand for contract_failed suggests PROMPT edit and retry (0.053709ms)
✔ buildDiagnosisOutput bundles primary failure class without launch headline (0.604125ms)
✔ reconcileBatch aligns hasFailedTasks with segment drift and DirtyWorktree headline (5975.670083ms)
✔ reconcileBatch diagnoses review_exhausted from failed task exitReason (5066.191667ms)
✔ buildHeadline surfaces PI_SPINE_ROOT launch failure (0.860292ms)
✔ buildHeadline surfaces lane commit failures after worker completion (0.114708ms)
✔ buildSuggestedCommand prefers spine doctor for launch failures (0.228375ms)
✔ inferLaunchFailureKind reads worker output hints from journal (0.212709ms)
✔ extractJournalDiagnosisHints prioritizes setup hook and merge blocked events (3.3905ms)
✔ formatMixedOutcomeMessage lists succeeded tasks and spine batch retry guidance (0.160584ms)
✔ reconcileBatch diagnoses launch failure wave from fixture (5854.801959ms)
✔ buildDiagnosisOutput bundles launch failure headline and command (0.576042ms)
✔ DIAGNOSIS_TAXONOMY includes worker_orphaned distinct from needs_retry (0.692625ms)
✔ inferLaunchFailureFromWorkerOutputTail reads PI_SPINE_ROOT hints from log tail (0.133541ms)
✔ buildSuggestedCommand prefers abort for ghost running cluster (0.153708ms)
✔ buildHeadline surfaces worker_orphaned launch failure from worker output context (0.283334ms)
✔ worker_orphaned after plan review nested_spawn_blocked suggests batch retry (0.09025ms)
✔ dead lane workerPid diagnoses worker_orphaned not needs_retry (5883.377708ms)
✔ dead workerPid after lane.completed does not diagnose worker_orphaned (5719.006125ms)
✔ worker_orphaned enriches launch headline from worker output log without task.failed (5484.29475ms)
✔ multiple ghost running tasks on one lane prefer spine batch abort (5904.182084ms)
✔ segment drift still diagnoses needs_retry (4918.667125ms)
✔ buildDiagnosisOutput bundles worker_orphaned headline and command (0.227583ms)
✔ isRunningWithoutActiveWorkers is false when workers are active (0.641ms)
✔ isRunningWithoutActiveWorkers detects all-terminal tail state (0.074042ms)
✔ buildRunningTailHeadline maps macroPhase merging to operator text (0.204125ms)
✔ buildRunningTailHeadline maps gating / post-merge limbo (0.108625ms)
✔ buildHeadline preserves generic running when workers are active (0.199667ms)
✔ deriveMacroPhase uses journal merge tail when diagnosis is running without workers (0.268042ms)
✔ deriveMacroPhase stays executing when workers are active (0.106209ms)
✔ tail-state fixture reconciles without bare is running headline (5382.130625ms)
✔ tail-state headline matches batch 20260701T031142 shape via buildHeadline (0.282459ms)
✔ isCoverageArtifactPath matches extension/coverage and root coverage dirs (0.658ms)
✔ isPathInFileScope matches exact paths and directory prefixes (0.132291ms)
✔ filterOutOfScopeCoveragePorcelain drops modified coverage outside file scope (0.156167ms)
✔ filterOutOfScopeCoveragePorcelain keeps in-scope coverage modifications (0.069667ms)
✔ restoreOutOfScopeCoverageArtifacts resets tracked coverage files (4180.845375ms)
✔ resolvePostLaneCommitPorcelain restores and filters out-of-scope coverage (3897.241792ms)
✔ commitLaneAndValidateWorktree succeeds when only out-of-scope coverage is dirty (6656.353541ms)
✔ commitLaneAndValidateWorktree fails when dirty without .DONE (4154.7005ms)
✔ isWorktreeDeletionPorcelainLine matches unstaged deletions (0.633375ms)
✔ isSymlinkOnlyDriftPorcelain is true only for deletion-only porcelain (0.106167ms)
✔ filterSetupHookSymlinkDriftPorcelain clears deletion-only drift (0.07ms)
✔ parseLaneWorktreeIdentity extracts batch and lane from worktree path (0.665875ms)
✔ resolvePostLaneCommitPorcelain repairs hook symlink drift (5903.287791ms)
✔ commitLaneAndValidateWorktree succeeds when hook symlink drifts after PASS (8432.156125ms)
✔ dismissBatch kills live stub worker PID and journals lane.worker_terminated (5696.21125ms)
✔ shouldRunCodeReview requires review level 2 or higher (0.659708ms)
✔ findCodeReviewStepNumber prefers step with code review checkpoint (3.023ms)
✔ findCompletedCodeReview honors journal review.completed code APPROVE (2.39975ms)
✔ findCompletedCodeReview honors step artifact APPROVE for code review step (4.576ms)
✔ runTaskOnLane runs engine code review for RL2 without worker nested spawn (12886.570584ms)
✔ runTaskOnLane skips engine code review when review level is 0 (13436.156125ms)
✔ runTaskOnLane skips engine code review when review level is 1 (13369.289792ms)
✔ runTaskOnLane honors journal review.completed code APPROVE without duplicate spawn (11768.116792ms)
✔ runTaskOnLane re-invokes worker after code REVISE and succeeds on APPROVE (16229.169459ms)
✔ resolveReviewSpawnTimeoutMs aligns with stall budget for M tasks (0.703ms)
✔ runStepReview journals review.failed with review_timeout on hung spawn (477.437959ms)
✔ async reviewer spawn does not block the event loop while waiting for timeout (490.44575ms)
✔ startBatch opens integrate gate before batch.completed journal event (22583.728125ms)
✔ startBatch serializes multiple tasks on one physical lane (34450.708667ms)
✔ startBatch runs disjoint-scope tasks on separate lanes in parallel (25362.407709ms)
✔ startBatch records lane commit before task.completed (22665.220208ms)
✔ runTaskOnLane emits task.failed not task.completed when lane commit fails (10967.23775ms)
✔ validateSpineConfig accepts worktreeSetupIgnorePaths (0.221625ms)
✔ engine_orphaned diagnosis suggests retry when task id known, attached resume otherwise (0.699625ms)
✔ dead engine with phase running passes validateMultiTaskResume without pause (4990.321166ms)
✔ running phase with live engine pid rejects resume without force (4898.542917ms)
✔ reconcile engine_orphaned recommends attached resume for batch 20260618T191236 pattern (6450.616917ms)
✔ engine_orphaned with failedTaskId suggests retry (SP-315) (0.687708ms)
✔ reconcileOrphanRunningState transitions running task to failed with journal events (4190.076625ms)
✔ retryTask succeeds on orphan without manual pause (issue #20 trap) (4058.652417ms)
✔ diagnose then retry: suggestedCommand matches working recovery path (6793.95875ms)
✔ resume --force allowed after orphan reconcile when phase was running (5106.13475ms)
✔ terminateStaleDetachedEngine SIGTERM stale pid on failed resume (40.487416ms)
✔ runStepReview honors existing final PASS without re-spawn (53.987959ms)
✔ runStepReview skips review.failed journal when batch already completed (206.842667ms)
✔ startBatch lane branch has commit before merge when stub touches files (21950.017292ms)
✔ startBatch completes single task with stub worker (22337.627916ms)
✔ isExplicitBatchScope treats pending as explicit (0.246333ms)
✔ startBatch all dry-run allows multi-wave pending backlog (2505.079625ms)
✔ startBatch pending dry-run excludes done tasks (2255.438917ms)
✔ startBatch all fails when every task has .DONE (2236.201291ms)
✔ startBatch skips worker when .DONE exists on disk (8745.43325ms)
✔ resolveBatchStartScope normalizes all to pending IDs (1756.566ms)
✔ startBatch explicit IDs still allow multi-wave when scope is not bare all (2707.196834ms)
✔ startBatch completes two-lane wave with stub workers (20937.413584ms)
✔ startBatch blocks merge on mixed outcomes (11043.696458ms)
✔ assessWaveMergeEligibility blocks failed and pending tasks (0.241208ms)
✔ collectCoreEvidenceBundle writes summary without complete marker (5629.056417ms)
✔ openIntegrateGate persists gate before extended evidence and journals milestones (8626.248ms)
✔ openIntegrateGate keeps gate when extended evidence command fails (8793.3735ms)
✔ collectExtendedEvidenceBundle appends to existing refs (5801.414959ms)
✔ parseEvidenceCommandArgv accepts npm run test (1.331291ms)
✔ parseEvidenceCommandArgv preserves quoted arguments (0.142708ms)
✔ parseEvidenceCommandArgv rejects shell command chaining (0.280125ms)
✔ parseEvidenceCommandArgv rejects unknown binary (0.078709ms)
✔ runEvidenceCommand executes allowlisted argv without shell (150.554291ms)
✔ runEvidenceCommand rejects malicious config strings (0.177167ms)
✔ runEvidenceCommand skips empty command (0.076709ms)
✔ runEvidenceCommand rejects disallowed build binary (0.094333ms)
✔ parseEvidenceCommandArgv rejects subshell injection (0.09ms)
✔ collectEvidenceBundle writes summary and .complete marker atomically (5636.843ms)
✔ collectEvidenceBundle writes rejected output for unsafe testing.test (4678.478917ms)
✔ findCompletedFinalReview honors journal review.completed final PASS (9.468584ms)
✔ findCompletedFinalReview honors latest final artifact PASS (20.117041ms)
✔ runTaskOnLane honors pre-existing worker final review without spawn failure (14230.636167ms)
✔ runTaskOnLane honors journal review.completed final PASS without duplicate spawn (13623.946125ms)
✔ parseFinalReviewVerdict accepts PASS, REVISE, and REPLAN (0.983833ms)
✔ shouldRunFinalReview skips when review level is 0 (0.090625ms)
✔ runTaskOnLane skips final review when review level is 0 (13685.569667ms)
✔ runTaskOnLane journals task.verdict_recorded on PASS final review (13391.94925ms)
✔ runTaskOnLane re-invokes worker after REVISE and succeeds on PASS (17269.718292ms)
✔ runTaskOnLane caps REVISE at maxFinalAttempts with review_exhausted (18891.889459ms)
✔ runTaskOnLane fails with needs_replan and does not keep .DONE (7905.558583ms)
✔ mergeWaveLanesToOrch blocks when a wave task has exitReason needs_replan (1657.683083ms)
✔ runEngineFinalReview stub writes final artifact path (4.194959ms)
✔ buildTaskScorecard lists task rows (0.766958ms)
✔ openIntegrateGate persists pending gate and journals gate.opened (8010.477459ms)
✔ collectEvidenceBundle writes summary and diff-stat (9349.273666ms)
✔ approve and reject enforce gate FSM (6605.645667ms)
✔ rejectIntegrateGate journals gate.rejected (6433.587292ms)
✔ checkIntegrateGate blocks until approved (exit 2) (5445.852042ms)
✔ integrateOrchToBase fails with exit 2 when gate pending (7414.075875ms)
✔ integrateOrchToBase succeeds after gate approval (10241.231958ms)
✔ force integrate requires SPINE_ALLOW_FORCE=1 (2750.276041ms)
✔ openIntegrateGateAfterBatchComplete skips non-completed batches (1813.233792ms)
✔ runSpineGate CLI approve updates gate record (5008.325708ms)
✔ classifyGitignoredPaths returns empty arrays for empty input (2769.10375ms)
✔ classifyGitignoredPaths detects index-tracked gitignored paths (4463.930292ms)
✔ classifyGitignoredPaths detects worktree-only gitignored paths (4184.850375ms)
✔ classifyGitignoredPaths handles mixed index-tracked and worktree-only (5330.04375ms)
✔ formatGitignoredRemediationMessage: worktree-only does not suggest git rm --cached (0.304334ms)
✔ formatGitignoredRemediationMessage: index-tracked suggests git rm --cached (0.057958ms)
✔ formatGitignoredRemediationMessage: mixed suggests both remediation paths (0.051417ms)
✔ commitLaneWorktree: worktree-only gitignored does not suggest git rm --cached (6384.707541ms)
✔ commitLaneWorktree: index-tracked gitignored still suggests git rm --cached (6933.510916ms)
✔ regression: SP-011 worktree-only coverage after npm test does not suggest git rm --cached (4684.872583ms)
✔ resolveHeartbeatKind marks launching as worker_alive only (0.802125ms)
✔ shouldEmitCheckpointWarning skips launching phase (0.178209ms)
✔ buildHeartbeatPayloadFields omits stale checkpoint signals during launching (0.089208ms)
✔ recordLaneHeartbeat journals kind and phase (312.596791ms)
✔ runWorker launching heartbeat does not journal stale STATUS mtime on fast-fail retry (5702.906291ms)
✔ resolveStallConfig applies lane overrides (0.145042ms)
✔ progressSignalsChanged detects STATUS mtime updates (711.331333ms)
✔ computeStallDeadline extends past hard timeout after progress (0.518ms)
✔ stall false positive avoided when STATUS updates extend deadline (I-01) (0.122458ms)
✔ findLatestStepCompletedMs returns newest matching task.step_completed (0.083334ms)
✔ progressSignalsChanged detects journal task.step_completed (silent tools) (995.841333ms)
✔ activitySignalsChanged detects file-scope mtime updates (FR-WORK-10 / FR-STALL-02) (832.558667ms)
✔ startBatch records lane.heartbeat during stub worker delay (23108.409584ms)
✔ isFastForwardCapableIntegrate detects orch ahead of main (#93) (8303.822416ms)
✔ integrateOrchToBase fast-forwards when orch is strictly ahead (#93 batch 20260702T071449) (21240.830834ms)
✔ integrateOrchToBase fast-forwards with generatedAt-only rules-manifest drift on main (#93) (12917.4015ms)
✔ recordBatchBaseSnapshot stores head sha and journals batch.base_snapshot (3851.338125ms)
✔ integrateOrchToBase succeeds with uncommitted edits on main (18023.671084ms)
✔ integrateOrchToBase conflict path leaves human checkout and files unchanged (13631.397042ms)
✔ integrateOrchToBase dry-run advertises isolated merge plan (3564.596167ms)
✔ resolveRulesManifestIntegrateDrift restores main when worker manifest matches orch (#22) (8517.860166ms)
✔ integrateOrchToBase succeeds with worker manifest drift on main matching orch (#22) (19078.995917ms)
✔ resolveRulesManifestIntegrateDrift blocks unrelated dirty files on main (3447.614625ms)
✔ resolveRulesManifestIntegrateDrift blocks substantive manifest drift not matching orch (3926.970833ms)
✔ resolveRulesManifestIntegrateDrift still clears generatedAt-only drift on main (3613.6705ms)
✔ resolveRulesManifestIntegrateDrift clears generatedAt-only dirty manifest on main (9280.167167ms)
✔ integrateOrchToBase succeeds with dirty generatedAt-only rules-manifest on main (17095.288042ms)
✔ DEFAULT_SYNC_TIMEOUT_MS is 60 seconds (0.588667ms)
✔ syncPlumbingMergePathsToWorktree returns ok: true on successful sync (6246.095458ms)
✔ syncPlumbingMergePathsToWorktree returns ok: false with timedOut on timeout (4889.694209ms)
✔ integrateOrchToBase emits integrate.failed with IntegrateTimeout on sync timeout (13217.091333ms)
✔ successful integrate still emits integrate.completed (regression) (10117.358084ms)
✔ partial sync failure returns ok: false with correct failureClass from integrateOrchToBase (10461.802417ms)
✔ assertOrchIntegratable refuses empty orch when mergeResults claim success (3860.199584ms)
✔ assertOrchIntegratable requires integrate when orch is ahead of base (4651.153958ms)
✔ reconcileBatch reports needs_integrate when batch completed but orch not on main (7283.39ms)
✔ completeBatch refuses when orch is ahead but not integrated (6621.834541ms)
✔ integrateOrchToBase merges orch into main and journals events (10764.269958ms)
✔ integrateOrchToBase dry-run does not change main HEAD (4701.17025ms)
✔ completeBatch succeeds after integrate lands orch on main (14276.183458ms)
✔ integrateOrchToBase aborts merge on conflict and restores checkout (10644.913041ms)
✔ integrateOrchToBase fails when batch state is missing (0.276167ms)
✔ runSpineIntegrate CLI succeeds when orch tip already matches main (2088.281625ms)
✔ PRD §20.2 planner yields wave0 {A,C} and wave1 {B} (3767.209125ms)
✔ PRD §20.2 two-lane stub batch completes ABC waves (33680.186542ms)
✔ PRD §20.2 mixed-outcome blocks merge; retry resets wave B for resume (23526.203709ms)
✔ runStepReview with worker attach env does not journal when attach suppressed (58.829292ms)
✔ runSpineReviewStep with worker attach env does not journal when attach suppressed (15.530875ms)
✔ runSpineReportProgress with worker attach env does not journal when attach suppressed (6.533ms)
✔ readJournalEventsCached returns same events as readJournalEvents (40.363667ms)
✔ readJournalEventsCached returns cached copy on second call without file change (19.770125ms)
✔ readJournalEventsCached invalidates when file mtime changes (43.151042ms)
✔ readJournalEventsCached returns empty array for missing file (9.626458ms)
✔ clearJournalCache forces re-read on next call (39.221333ms)
✔ invalidateJournalCache with matching path clears cache (182.465459ms)
✔ invalidateJournalCache with non-matching path preserves cache (148.430916ms)
✔ readJournalEventsCached handles transition from missing to existing file (46.848542ms)
✔ readJournalEventsCached handles switch between different batch IDs (197.165333ms)
✔ runSpineJournal replay exits non-zero when journal missing (22.4315ms)
✔ runSpineJournal replay prints human table (44.90775ms)
✔ runSpineJournal replay --json returns events array (116.526833ms)
✔ exportJournalJsonl returns null when journal missing (18.323542ms)
✔ runSpineJournal export exits non-zero when journal missing (10.797792ms)
✔ runSpineJournal export writes jsonl to stdout (352.150042ms)
✔ runSpineJournal export --output writes file (111.982875ms)
✔ exportJournalMarkdown returns null when journal missing (4.672792ms)
✔ formatJournalMarkdownTimeline produces stable table shape (2.77375ms)
✔ formatJournalMarkdownTimeline escapes pipe characters in summary (0.111458ms)
✔ runSpineJournal export markdown exits non-zero when journal missing (12.490583ms)
✔ runSpineJournal export writes markdown to stdout (49.1415ms)
✔ runSpineJournal export markdown --output writes file (78.635166ms)
✔ detectBatchStateDrift flags running cache when reconcile sees doneInLane without journal terminal (1.129125ms)
✔ deriveStructuralBatchStateFromJournal rebuilds multi-lane skeleton without cache seed (2.829125ms)
✔ resume-parallel-lane-orphan fixture: journal-only rebuild marks resumed tasks running (2.347125ms)
✔ orphan-running-resume fixture: structural + lifecycle rebuild without seed (1.589833ms)
✔ pidless-ghost-running fixture: post-resume task.started wins over historical failure (1.099625ms)
✔ resume-orphan-historical-failure fixture: rebuild ignores pre-resume failure for active task (1.1545ms)
✔ retry-clears-failed-classification fixture: rebuild fixes stale failed cache (0.70975ms)
✔ retry-clears-failed-classification fixture: detectBatchStateDrift flags cache vs journal (1.033458ms)
✔ incident fixtures rebuild from disk matches in-memory journal rebuild (2456.769625ms)
✔ readJournalTimeline filters task and batch lifecycle events (0.661208ms)
✔ rebuildBatchStateFromJournal applies task.completed over stale failed cache (1.050875ms)
✔ detectBatchStateDrift flags journal completed vs cache failed (0.29775ms)
✔ detectBatchStateDrift ignores incomplete journal when cache failed (0.103292ms)
✔ incident orphan-running fixture: journal timeline is readable (2887.045459ms)
✔ appendJournalEvent writes schema v1 with ISO timestamp and payload (45.986166ms)
✔ readLastTaskFailedEvent returns most recent task.failed (98.567167ms)
✔ redactSecrets masks sensitive keys (0.205041ms)
✔ capPayloadSize truncates oversized payloads (0.597292ms)
✔ normalizeJournalEvent upgrades legacy lines (0.119042ms)
✔ readJournalEvents reads mixed legacy and v1 lines (100.294042ms)
✔ extractJournalDiagnosisHints surfaces failure events from tail (0.474ms)
✔ commitLaneWorktree commits dirty worktree when .DONE exists (6198.60025ms)
✔ commitLaneWorktree fails loud when dirty without .DONE (2599.841375ms)
✔ filterPorcelain drops lines matching ignore patterns by full path (0.947875ms)
✔ filterPorcelain drops lines matching ignore patterns by basename (0.345791ms)
✔ filterPorcelain keeps rename targets when only source matches ignore (0.153083ms)
✔ filterPorcelain returns empty for empty input (0.121417ms)
✔ mergeLaneToOrch rejects empty merge when lane commits were required (3740.270167ms)
✔ mergeLaneToOrch prefers orch for conflicts outside lane file scope (10591.345875ms)
✔ mergeLaneToOrch does not auto-resolve in-scope lane conflicts (8357.538625ms)
✔ dismiss archives batch-state before clearing active file (4783.752791ms)
✔ complete with --detect-manual-merge succeeds when orch merged to main (6348.980709ms)
✔ complete refused when mergeResults succeeded but orch not on main (16767.622ms)
✔ dismiss refused when diagnosis is running without --force (3576.1145ms)
✔ isPostMergeLimbo is true when tasks and merges succeeded with open orch branch (30.168625ms)
✔ isPostMergeLimbo rejects non-running or ended batches (0.089375ms)
✔ isPostMergeLimbo rejects empty or partial task/merge state (0.069333ms)
✔ isPostMergeLimbo respects git orch branch signals (0.074666ms)
✔ isPostMergeLimbo rejects null or non-object state (0.051917ms)
✔ resolveWorkerOutputConfig defaults live log streaming off (0.681208ms)
✔ workerLiveLogPath matches runtime layout (0.095792ms)
✔ truncateLiveLogBytes applies truncation marker when over cap (0.178041ms)
✔ appendWorkerLiveLogChunk redacts secrets and enforces byte cap (154.771458ms)
✔ createWorkerLiveLogWriter returns null when streaming disabled (3.062417ms)
✔ runWorker streams subprocess stub output to live log when enabled (5239.074709ms)
✔ runWorker skips live log when streamWorkerOutputLive is false (5170.986416ms)
✔ runWorker still writes terminal failure log when live streaming enabled (5378.384875ms)
✔ startAgentSessionWorker flushes transcript chunks to live log (70.053417ms)
✔ appendWorkerLiveLogChunk rolls file with truncation marker when over max bytes (23.229875ms)
✔ MACRO_PHASES exports all eleven lifecycle values (1.182917ms)
✔ deriveMacroPhase: idle when no batch signals (0.131916ms)
✔ deriveMacroPhase: planning from batch phase (0.158542ms)
✔ deriveMacroPhase: executing for active running batch (0.104333ms)
✔ deriveMacroPhase: merging phase and needs_merge diagnosis (0.171084ms)
✔ deriveMacroPhase: reviewing when review.started is open (0.138ms)
✔ deriveMacroPhase: gating for pending gate or post-merge limbo (0.062209ms)
✔ deriveMacroPhase: integrating for needs_integrate and open integrate.started (0.067833ms)
✔ deriveMacroPhase: completed, failed, aborted, paused terminal phases (0.06375ms)
✔ fixture running-batch.json reconciles to executing macro-phase (4657.590083ms)
✔ fixture taskplane-executing.json maps to executing (0.344583ms)
✔ fixture needs-retry-batch.json maps to failed macro-phase (4964.834709ms)
✔ fixture limbo-stale maps to completed macro-phase (3575.603292ms)
✔ all macro-phase enum values are reachable via deriveMacroPhase (0.299416ms)
✔ recordMergeBlocked sets terminal merge_blocked phase and clears enginePid (1795.452625ms)
✔ reconcileBatch diagnoses merge_blocked as failed merge, not needs_merge (4814.562833ms)
✔ legacy merging phase with endedAt and failed mergeResults reconciles as failed (3922.406ms)
✔ findResumableWave skips succeeded merged waves when later wave has pending tasks (0.750666ms)
✔ validateMultiTaskResume allows force resume from merge_blocked (4568.727375ms)
✔ buildSuggestedCommand recommends resume --force for merge_blocked phase (0.303458ms)
✔ summarizeMergeFailures extracts failed wave and lane from mergeResults (0.718542ms)
✔ buildMergeFailureHeadline uses 1-based wave number and lane label (0.168958ms)
✔ buildHeadline for failed diagnosis surfaces merge conflict instead of zero failed tasks (0.228125ms)
✔ buildSuggestedCommand for merge failure suggests resume --force (0.153875ms)
✔ buildDiagnosisOutput bundles merge failure headline and command (0.142667ms)
✔ reconcileBatch surfaces merge failure fields distinct from failedTasks (4828.298041ms)
✔ spine status --json includes merge failure fields for monitors (4141.27ms)
✔ spine status --diagnose prints merge failure details in text output (3676.986959ms)
✔ filterGitignoredPaths separates ignored and stageable paths (2182.662667ms)
✔ gitAddFilteredPaths skips gitignored paths without failing (2877.38575ms)
✔ mergeLaneToOrch succeeds when task branch committed gitignored coverage (8093.230791ms)
✔ commitLaneWorktree refuses gitignored-only dirty paths (4202.124083ms)
✔ commitLaneWorktree commits tracked files while skipping gitignored dirty paths (5132.72275ms)
✔ inferMergeGitignoredFailure detects gitignored merge and lane commit failures (0.6695ms)
✔ buildSuggestedCommand returns git rm --cached repair for gitignored merge failures (0.586458ms)
✔ reconcileBatch surfaces gitignored merge repair command from journal (4153.039916ms)
✔ filterPorcelain remains unchanged for SP-104 ignore patterns (0.916042ms)
✔ mergeLaneToOrch auto-resolves additive docs/PRD.md after origin/main merge task (7978.675208ms)
✔ mergeLaneToOrch fails PRD merge with recovery commands when hunks overlap (8851.303708ms)
✔ formatPrdDocMergeFailure names file and wave recovery (0.206083ms)
✔ isActiveWorkerSession true when SPINE_WORKER_RUNNER is set (0.713833ms)
✔ isActiveWorkerSession false outside worker context (0.091875ms)
✔ runStepReview skips nested reviewer spawn when worker env is set (329.4195ms)
✔ runStepReview skips nested plan review spawn when worker env is set (60.563667ms)
✔ runStepReview stub path still works inside worker session (84.040333ms)
✔ runStepReview reaches pi availability check when worker env absent (82.419084ms)
✔ engine parent with leaked worker runner reaches reviewer spawn (22.047ms)
✔ batch 20260619T020951 SP-306 plan step 0 journals review.skipped not review.failed (98.026625ms)
✔ detectNestedWorkerContext returns reason when SPINE_IS_WORKER=1 (0.703917ms)
✔ detectNestedWorkerContext returns reason when projectRoot is inside .worktrees/spine-* (0.122542ms)
✔ detectNestedWorkerContext returns null for normal projectRoot without worker env (0.119709ms)
✔ startBatch returns error when SPINE_IS_WORKER=1 (9.150958ms)
✔ startBatch returns error when projectRoot is inside .worktrees/spine-* (100.171083ms)
✔ startBatch succeeds normally (no env, normal CWD) — regression (17031.54775ms)
✔ buildWorkerChildEnv includes SPINE_IS_WORKER=1 (25.046583ms)
✔ journalEventsSinceResume excludes pre-resume terminal events (3.698417ms)
✔ detectOrphanRunning: historical task.failed + post-resume silence + dead engine (1.109625ms)
✔ resume orphan with historical failure fixture is not diagnosed as running (3732.794208ms)
✔ terminal event within scoped window still suppresses engine orphan (2.336292ms)
✔ journalIndicatesStalledSession: post-resume start without terminal (1.738875ms)
✔ detectOrphanRunning: PID-less ghost running with post-resume journal stall (0.467584ms)
✔ pidless ghost fixture reconcile is engine_orphaned, not running (3735.013666ms)
✔ terminal event within scoped window suppresses PID-less ghost signal (1.118459ms)
✔ isProcessAlive returns false for absent pid (0.715208ms)
✔ resume parallel lane orphan fixture: multiple running on lane 1 (1.356584ms)
✔ resume parallel lane orphan fixture: reconcile is actionable after scoped orphan detect (3749.860541ms)
✔ searchATon orphan incident fixture: dead workerPid is not diagnosed as running (4400.666708ms)
✔ dead workerPid with running task is not diagnosed as running (4804.139417ms)
✔ dead enginePid mid-resume without terminal journal is engine_orphaned (4526.237292ms)
✔ running batch without recorded pids still reports running (3181.653167ms)
✔ detectOrphanRunning ignores dead engine when terminal journal exists (0.214042ms)
✔ recordBatchEnginePid persists under resilience and clears on terminal save (1111.711958ms)
✔ confirmed pause records batch.paused only after engine persists phase (1220.5055ms)
✔ unconfirmed pause does not leave orphan batch.paused journal entry (2329.440916ms)
✔ pauseBatch succeeds immediately when no attached engine is alive (1650.962375ms)
✔ pauseBatch fails loud when attached engine keeps phase running (2431.924834ms)
✔ waitForPauseConfirmation returns true when phase stays paused (1766.018375ms)
✔ retryTask succeeds when batch phase is paused (1621.307333ms)
✔ retryTask rejects when batch phase is running (2071.866791ms)
✔ batch 20260630T212050 orphan-after-merge fixture describes GitHub #59 incident (1.68975ms)
✔ batch 20260630T212050 journal fixture is limbo via resume detect but not bare state (3901.346625ms)
✔ hydrateMergeResultsFromJournal enables state limbo detection for batch 20260630T212050 (2320.907875ms)
✔ finalizeAttachedLandLoopBeforeExit opens gate for batch 20260630T212050 journal limbo (6994.11875ms)
✔ installAttachedExitFinalizeHandlers finalizes journal limbo on SIGTERM without manual resume (5694.128542ms)
✔ batch 20260629T021550 fixture is post-merge limbo without gate (2053.627291ms)
✔ attemptPostMergeLandLoopHandoff finalizes batch 20260629T021550 limbo after SIGTERM (5268.834583ms)
✔ resumeBatchDetached --force finalizes post-merge limbo without spawning engine (5690.867833ms)
✔ resumeBatch attached path finalizes batch 20260629T021550 limbo immediately (4888.694083ms)
✔ resumeMultiTaskBatch still finalizes batch 20260629T021550 after orphan_terminated (4450.002208ms)
✔ finalizeResumePostMergeLimbo clears stale engine pid during post-merge limbo (5447.517958ms)
✔ isPostMergeLimbo detects running phase with successful merges (0.662083ms)
✔ deriveDiagnosis returns needs_integrate for post-merge limbo (0.556416ms)
✔ finalizeBatchForIntegrate opens gate from post-merge limbo without resume (5282.911833ms)
✔ resumeMultiTaskBatch opens gate from post-merge limbo without re-running tasks (6077.08175ms)
✔ mixed-outcome post-mortem lists failed IDs and retry hint, not smooth success (4758.491583ms)
✔ false-success reconciliation headline is overridden when failures exist (1.965959ms)
✔ listFailedTaskIds prefers classified terminal-failure tasks (0.770792ms)
✔ collectEvidenceBundle summary.md is honest post-mortem markdown (5033.393458ms)
✔ dismissBatch writes post-mortem path into batch history (4480.939125ms)
✔ writeBatchPostMortem persists markdown under runtime batch dir (4036.293542ms)
✔ spine status --verbose includes post-mortem section for active batch (3842.306958ms)
✔ resolveStallConfig defaults progressSnapshotIntervalMinutes to 2 (0.707625ms)
✔ resolveStallConfig applies progressSnapshotIntervalMinutes override (0.099584ms)
✔ buildProgressSnapshotPayload is bounded and omits dirty path lists (0.684042ms)
✔ progressSnapshotPayloadChanged detects field deltas (0.092917ms)
✔ shouldEmitProgressSnapshot respects interval (0.072083ms)
✔ recordLaneProgressSnapshot journals bounded payload (532.024042ms)
✔ runWorker emits lane.progress_snapshot on interval and dedupes unchanged signals (10445.239583ms)
✔ startBatch fails closed on invalid PROMPT before batch starts (1754.189916ms)
fatal: malformed object name missing-base-branch
✔ inspectGitState records gitInspectionError when merged-branch scan fails (1779.182417ms)
✔ deriveDiagnosis returns git_unavailable when git inspection failed (0.519625ms)
✔ reconcileBatch surfaces git_unavailable instead of limbo_stale on git failure (3942.473625ms)
fatal: malformed object name missing-base-branch
✔ reconcileBatch records count_commits_ahead git errors from real git refs (5289.347458ms)
✔ idle-no-batch returns healthy idle state (1566.419083ms)
✔ limbo_stale detected from incident fixture (4142.280958ms)
✔ completed_manual when orch branch merged to main (5056.930208ms)
✔ needs_retry when a task failed (4016.150625ms)
✔ running diagnosis for active batch (4403.652667ms)
✔ runReconciliationCheck matches reconcileBatch output shape (4032.13725ms)
✔ reconcileBatch includes journal hints when journal exists (4609.198417ms)
✔ reconcileBatch exposes macroPhase for running batch (5343.339625ms)
✔ reconcileBatch exposes macroPhase for limbo_stale (4821.360375ms)
✔ failBatchFromEngineError writes batch.failed and clears enginePid (1995.800959ms)
✔ reconcileGhostRunningTasks marks running tasks failed without worker (0.533833ms)
✔ resumeMultiTaskBatch fail-closed when post-commit gitPorcelain throws (11795.940917ms)
✔ resumeBatch opens integrate gate before batch.completed journal event (17033.841083ms)
✔ refreshLaneHeartbeatsOnResume aligns lane heartbeats to engineStartedAt (0.754084ms)
✔ taskAlreadyComplete returns false for failed task with stale .DONE on disk (0.713667ms)
✔ resumeBatch after failed retry runs contract verification before succeed (12210.930459ms)
✔ resumeBatch continues paused 2-task 2-lane batch with stub workers (22423.60775ms)
✔ resumeBatch multi path requires existing lane worktrees (1770.477958ms)
✔ multi-task batch start → pause → resume completes both tasks (23543.67625ms)
✔ paused multi-task batch diagnose suggests multi-task resume (5721.182916ms)
✔ multi-task startBatch completes two-lane stub batch (start path) (13099.952417ms)
✔ resumeBatch serializes four tasks on one lane (35609.864958ms)
✔ resumeBatch runs two lanes with two tasks each in parallel (17280.062042ms)
✔ validateMultiTaskResume accepts paused 2-task 2-lane batch (3052.379875ms)
✔ validateMultiTaskResume rejects batch with zero tasks (1805.07ms)
✔ validateMultiTaskResume rejects missing worktree per lane (2441.835458ms)
✔ validateMultiTaskResume allows force resume when wave merge is pending (3897.289791ms)
✔ validateResumeBatch delegates to multi validator for single-task batch (2496.838542ms)
✔ resolveDetachedWaitTimeoutMs uses long default for wait-terminal orphan resume (0.640875ms)
✔ prepareOrphanResumeHandoff clears stale workerPid before orphan resume (1394.934791ms)
✔ clearStaleLaneWorkerPids preserves live worker pid (1361.307209ms)
✔ dual-dead lane+engine orphan reconciles as engine_orphaned with attached resume (4986.799292ms)
✔ attached resume --force completes stuck task after plan review orphan stall (20005.031125ms)
✔ detached resume with wait-terminal uses extended timeout constant (0.314334ms)
✔ taskTerminalSuccessInBatch requires succeeded status and journal task.completed (1.368667ms)
✔ resume --force after partial retry does not review.start succeeded task IDs (24244.253667ms)
✔ pauseBatch sets phase paused and journals batch.paused (1307.995125ms)
✔ resumeBatch continues paused single-lane batch (17680.351ms)
✔ paused spine batch reconciliation suggests spine batch resume (5008.252667ms)
✔ validateBatchState requires segments aligned with tasks (0.702333ms)
✔ retryTask clears stale failure metadata before re-run (1757.446334ms)
✔ retry then task.completed updates counters and reconcile diagnosis (4529.096666ms)
✔ retry-clears-failed-classification fixture reconciles after success state (4527.098416ms)
✔ retryTask atomically resets task and segment records (1616.436542ms)
✔ retryTask fixes segment drift (GAP-RETRY-01) (1490.151916ms)
✔ resumeBatch refuses segment drift without retry (2355.856958ms)
✔ skipTask marks task skipped and updates counters (1689.818959ms)
✔ retryTask rejects when batch is running (1543.658208ms)
✔ defaultSegmentId used in segment records (0.160084ms)
✔ detectOrphanedReviewStarted finds orphaned review.started with no matching review.completed (0.707ms)
✔ detectOrphanedReviewStarted returns empty when review.completed exists (0.087833ms)
✔ detectOrphanedReviewStarted distinguishes code and final review types (0.068ms)
✔ reconcileOrphanedReviewEvents synthesizes completion when APPROVE artifact on disk (97.331958ms)
✔ reconcileOrphanedReviewEvents does NOT synthesize when no artifact on disk (59.721583ms)
✔ reconcileOrphanedReviewEvents does NOT synthesize for REVISE verdict (52.9785ms)
✔ findCompletedCodeReview honors artifact at attempt > 0 (47.851959ms)
✔ normal review flow (no crash) still works correctly (0.186041ms)
✔ reconcileOrphanedReviewEvents handles final review with PASS verdict (47.560292ms)
✔ buildReviewerSystemPrompt includes project standards when rules manifest exists (21.496ms)
✔ buildReviewerSystemPrompt emits reviewer.rules_selected journal event (166.9665ms)
✔ buildReviewRequest user prompt does not include injected standards block (0.338791ms)
✔ runStepReview stub path does not emit reviewer.rules_selected (310.413459ms)
✔ isNoiseReviewScopePath matches runtime artifact paths (0.699042ms)
✔ filterReviewScopeNoise dedupes and drops noise (0.637542ms)
✔ resolvePlanReviewScopePaths returns PROMPT File Scope minus noise (3.680792ms)
✔ resolveReviewScopePaths plan uses task PROMPT file scope (4.267333ms)
✔ resolveReviewScopePaths final returns empty scope (0.119541ms)
✔ resolveCodeReviewScopePaths uses baseline..HEAD when baseline provided (2165.098208ms)
✔ resolveCodeReviewScopePaths falls back to git diff --name-only without baseline (1799.919916ms)
✔ resolveReviewScopePaths code honors injectable git runner (0.276042ms)
✔ resolveCodeReviewScopePaths returns empty array when git fails (0.080916ms)
✔ parseReviewLevel reads PROMPT heading (0.712917ms)
✔ isReviewTypeRequired follows Taskplane rubric (0.085ms)
✔ formatReviewTimestamp strips separators from ISO time (2.365209ms)
✔ buildReviewArtifactPath uses step-timestamp pattern (0.594375ms)
✔ buildFinalReviewArtifactPath uses final-timestamp pattern (0.360542ms)
✔ normalizeVerdict maps enums by review type (0.202334ms)
✔ normalizeFinalVerdict and normalizeCodeVerdict are type-specific aliases (0.183334ms)
✔ parseReviewVerdict reads JSON and markdown verdicts (1.256792ms)
✔ parseReviewVerdict accepts PASS REVISE REPLAN when reviewType is final (0.257041ms)
✔ parseReviewVerdict step mode rejects final-only verdict enums (0.35775ms)
✔ parseFinalReviewVerdict accepts PASS, REVISE, and REPLAN (0.394416ms)
✔ parseFinalReviewVerdict omits heading summary unlike parseReviewVerdict (0.253083ms)
✔ shouldRunCodeReview requires review level 2 or higher (0.152ms)
✔ shouldRunFinalReview skips when review level is 0 (0.16525ms)
✔ DEFAULT_REVIEW_SPAWN_TIMEOUT_MS is 90 minutes (0.575291ms)
✔ honorReviewSpawnFailureWhenEligible honors final review when contract passed (4.5705ms)
✔ honorReviewSpawnFailureWhenEligible skips when contract failed (8.4905ms)
✔ honorReviewSpawnFailureWhenEligible honors code review with .DONE (6.469875ms)
✔ buildReviewerPiArgs includes --model when config pins reviewer (16.317792ms)
✔ buildReviewerPiArgs omits --model when reviewer model is inherit (8.026792ms)
✔ buildReviewerPiArgs uses per-type model override for matching reviewType (12.386458ms)
✔ buildReviewerPiArgs falls back to top-level reviewer pin when per-type block missing (18.744667ms)
✔ buildReviewerPiArgs cascades per-type inherit to top-level reviewer pin (10.817584ms)
✔ spawnReviewerPi fails closed when pi unavailable via SPINE_REVIEW_TEST_NO_PI (8.091709ms)
✔ buildReviewerChildEnv strips SPINE_WORKER_RUNNER from reviewer child env (0.344458ms)
✔ shouldBlockNestedReviewerSpawn false when only worker runner leaked on engine (0.105167ms)
✔ spawnReviewerPi allows engine spawn when worker runner leaked without journal attach (18.065625ms)
✔ shouldBlockNestedReviewerSpawn true inside live worker child session (0.626583ms)
✔ parseReviewLevel reads PROMPT heading (0.807875ms)
✔ isReviewTypeRequired follows Taskplane rubric (0.109417ms)
✔ buildReviewArtifactPath uses step-timestamp pattern (1.655542ms)
✔ buildFinalReviewArtifactPath uses final-timestamp pattern (0.128084ms)
✔ parseReviewVerdict reads JSON and markdown verdicts (0.537584ms)
✔ parseReviewVerdict accepts PASS REVISE REPLAN when reviewType is final (0.141958ms)
✔ parseReviewVerdict step mode rejects final-only verdict enums (0.105375ms)
✔ parseReviewVerdict accepts PASS REVISE REPLAN for final review type (0.062125ms)
✔ resolveBatchJournalContext ignores SPINE_BATCH_ID without SPINE_JOURNAL_ATTACH (0.214375ms)
✔ isJournalAttachBlocked honors SPINE_SUPPRESS_JOURNAL_ATTACH (0.063792ms)
✔ resolveBatchJournalContext blocked when attach suppressed (0.212708ms)
✔ runStepReview ignores SPINE_REVIEW_STUB_FAIL without stub mode (26.060459ms)
✔ runStepReview stub APPROVE writes artifact and journal events (148.562125ms)
✔ runStepReview stub REVISE returns exitCode 2 (39.338375ms)
✔ runStepReview fail-closed on stub spawn failure (136.676791ms)
✔ runStepReview skips when review level does not require type (27.604625ms)
✔ runStepReview final stub PASS writes final artifact path (145.48175ms)
✔ runStepReview final spawn failure exits non-zero at review level >= 1 (116.562417ms)
✔ runSpineReviewStep CLI --type final emits JSON verdict (105.717667ms)
✔ runSpineReviewStep CLI emits JSON verdict (43.761542ms)
✔ assertReviewToolAvailable fails closed without pi at review level > 0 (8.929083ms)
✔ runWorker fails closed when review tool unavailable at level > 0 (107.974917ms)
✔ stub worker stops when enforced review spawn fails (196.731958ms)
✔ DEFAULT_REVIEW_SPAWN_TIMEOUT_MS remains 90 minutes (backstop unchanged) (0.612125ms)
✔ runStepReview honors on-disk APPROVE while pi hangs — seconds not stall timeout (699.271917ms)
✔ resolveReviewerModelPin returns per-type override when set (0.648625ms)
✔ resolveReviewerModelPin falls back to top-level when per-type block missing (0.0815ms)
✔ resolveReviewerModelPin cascades per-type inherit to top-level pin (0.057667ms)
✔ resolveReviewerModelPin returns null for top-level inherit (0.051ms)
✔ resolveReviewerModelPin returns null when reviewer block absent (0.050625ms)
✔ resolveReviewerThinkingPin returns per-type override when set (0.070125ms)
✔ resolveReviewerThinkingPin falls back to top-level when per-type block missing (0.0575ms)
✔ resolveReviewerThinkingPin cascades per-type inherit to top-level pin (0.059125ms)
✔ resolveReviewerThinkingPin returns null for off at any level (0.065666ms)
✔ resolveReviewerThinkingPin returns null when reviewer block absent (0.046292ms)
✔ resolveRulesManifestGeneratedAtMerge keeps newest generatedAt (1.321917ms)
✔ resolveRulesManifestGeneratedAtMerge fails when rules differ (0.107875ms)
✔ fingerprintRulesManifest ignores generatedAt (0.065042ms)
✔ mergeLaneToOrch clears generatedAt-only dirty rules-manifest before merge (8283.348042ms)
✔ mergeLaneToOrch auto-resolves generatedAt-only rules-manifest conflict (4950.595041ms)
✔ mergeLaneToOrch fails loud when rules[] differ (5331.113875ms)
✔ mergeLaneToOrch does not auto-resolve when other paths conflict (3182.516958ms)
✔ tryAutoResolveRulesManifestMergeConflict resolves in-progress merge (1971.151333ms)
✔ appendTaskMetric writes TaskMetricRecord JSONL line (50.555667ms)
✔ buildTaskMetricRecord includes laneNumber and durationMs when available (0.23675ms)
✔ buildTaskMetricRecord omits laneNumber when not a positive lane (0.151167ms)
✔ metrics.enabled false skips append without error (9.496084ms)
✔ resolveTaskMetricOutcome maps skipped_done_on_disk to skipped (0.217ms)
✔ appendTaskMetric redacts secret-like fields and omits prompt text (18.192166ms)
✔ skipTaskDoneOnDisk records skipped task metric (246.693042ms)
✔ appendBatchMetric writes BatchMetricRecord JSONL line (36.323958ms)
✔ recordBatchTerminalMetric skips when metrics disabled (6.877334ms)
✔ dismissBatch appends batch metric line (2200.97775ms)
✔ spine metrics show filters by batch and formats table output (8.820708ms)
✔ spine metrics show CLI filters by batch id (237.092917ms)
✔ resolveSalvageConfig defaults autoCommitOnStall to false (0.583625ms)
✔ validateSpineConfig rejects non-boolean autoCommitOnStall (1.2375ms)
✔ recordTaskFailureSalvage with autoCommitOnStall commits scoped paths on lane branch (3650.1675ms)
✔ recordTaskFailureSalvage without autoCommitOnStall does not commit (2686.871459ms)
✔ salvage commit refuses merge_in_progress and index_conflicts (2898.642917ms)
✔ salvage commit refuses pre-commit hook failure (1270.426792ms)
✔ atomic retry retains salvage WIP commit on lane branch (2423.056292ms)
✔ inspectLaneSalvage scopes porcelain to file scope and task folder (1502.453958ms)
✔ recordTaskFailureSalvage journals inspection and writes evidence without committing (2539.934833ms)
✔ writeSalvageEvidence writes pretty JSON atomically without temp files (1358.3965ms)
✔ startBatch worker failure with dirty scoped file emits salvage and diagnose hint (15212.401ms)
✔ parseSequenceArgs honors --auto-approve-gate and --force (0.677666ms)
✔ spine run sequence --auto-approve-gate dry-run succeeds under stub (2255.87225ms)
✔ spine run sequence --auto-approve-gate refused for real pi without --force (2519.758209ms)
✔ spine run sequence --auto-approve-gate --force dry-run succeeds for real pi (1881.09375ms)
✔ validateSequenceAutoApproveGate allows stub mode without force (0.731ms)
✔ validateSequenceAutoApproveGate blocks real pi without force (0.160375ms)
✔ validateSequenceAutoApproveGate allows real pi with force (0.072917ms)
✔ validateSequenceAutoApproveGate skips check when flag is false (0.104375ms)
✔ buildSequenceAutoApproveDoctorCheck warns for real pi (0.070292ms)
✔ buildSequenceAutoApproveDoctorCheck passes for stub mode (0.0525ms)
✔ runSequence refuses auto-approve on dry-run for real pi (0.494292ms)
✔ runSequence allows auto-approve dry-run with force on real pi (0.162584ms)
✔ readCurrentBatchLogTail returns null for missing file (0.93175ms)
✔ readCurrentBatchLogTail filters to last batch session header (0.788291ms)
✔ readCurrentBatchLogTail returns full content when no header exists (0.71ms)
✔ readCurrentBatchLogTail respects lineCount limit (0.497166ms)
✔ waitForSequenceBatchTerminal returns settled when batch completes before timeout (4760.895375ms)
✔ waitForSequenceBatchTerminal does not exit while engine PID is alive (12256.784792ms)
✔ waitForSequenceBatchTerminal returns failure diagnosis even with alive engine (2763.676542ms)
✔ isMergeBlockedBatchOutcome detects mixed-outcome and merge_blocked phases (0.898ms)
✔ evaluateWaveTaskDependencies filters runnable tasks by satisfied deps (0.790166ms)
✔ formatSequenceWaveSkipMessage names blocked dependencies per §17.4 (0.219666ms)
✔ resolveWaveAfterMergeBlocked continues wave 1 and skips wave 2 tasks (0.199459ms)
✔ planSequenceWaveTasks skips wave when no deps are satisfied (0.106833ms)
✔ 3-wave sequence continues wave 1 after wave 0 merge_blocked and skips wave 2 (30823.201875ms)
✔ isPiSessionMetadataPath matches .pi session roots and children (1.194875ms)
✔ checkGitClean ignores untracked .pi/ session metadata (2159.691542ms)
✔ checkGitClean still fails when non-.pi paths are dirty (1918.26475ms)
✔ runSequence with only .pi/ dirty passes preflight (32613.433416ms)
✔ runSequence surfaces preflight failure on stderr-equivalent output (8935.194333ms)
✔ resolveResumeFromWave continues after last completed wave (0.836208ms)
✔ sequence persists fromWave, completedWaves, and lastBatchId after wave 0 (22263.311083ms)
✔ resume after interrupted wave 0 integrate completes remaining waves (28125.445458ms)
✔ sequence halts on wave failure with --stop-on-failure and preserves completed waves (13822.515084ms)
✔ resolveWaveTaskIds and resolveSequenceWaves honor planner waves (1.295375ms)
✔ diagnosis helpers classify settled, waiting, and failure states (0.096792ms)
✔ dry-run prints operator-equivalent land loop commands per wave (0.231917ms)
✔ 2-wave stub sequence completes with auto-approve land loop (36304.409209ms)
✔ buildSequencePlan resolves pending scope for dry-run integration (395.495958ms)
✔ skipTask leaves phase paused when all tasks terminal without merge (9685.082083ms)
✔ skipTask clears failed segment drift for reconcile (5297.51475ms)
✔ resolveWorkerOutputConfig applies lane defaults and overrides (0.732625ms)
✔ captureWorkerOutputTail keeps last lines and marks byte truncation (0.330875ms)
✔ redactWorkerOutput applies built-in and config deny patterns (0.504958ms)
✔ runWorker stall_timeout captures stderr, persists log, journals stall_killed (5492.090458ms)
✔ collectEvidenceBundle references persisted worker output logs (273.546333ms)
✔ successful worker skips log unless retainWorkerOutputOnSuccess (5249.514334ms)
✔ SAT-020 replay: checkpoint_warning → stall_killed → salvage_inspection → task.failed (65816.771584ms)
✔ regression: stub worker still requires .DONE for batch success (10304.339667ms)
✔ recordTaskTransition writes batch-state then journal in order (1404.461041ms)
✔ saveSpineBatchState leaves prior JSON intact when atomic write fails (931.146542ms)
✔ saveGateRecord leaves prior JSON intact when atomic write fails (842.461666ms)
✔ validateBatchState accepts healthy schema v1 state (0.961625ms)
✔ validateBatchState rejects counter drift (0.157167ms)
✔ runSpineState validate passes on archived batch-state (305.7945ms)
✔ runSpineState validate fails loud on corrupt active state (113.941208ms)
✔ computeStatusProgress derives wave and task counts from batch raw (1.183334ms)
✔ computeStatusProgress returns null without batch raw (0.115875ms)
✔ formatStatusJson includes documented progress field names (0.157167ms)
✔ spine status --json includes task and wave progress for active batch (3804.731042ms)
✔ spine status --json omits progress counts when no batch is active (575.517375ms)
✔ reconcileBatch exposes progress fields for spine watch consumers (2587.468417ms)
✔ classifyTaskDoneSemantics distinguishes lane vs main .DONE (issue #35) (696.844083ms)
✔ spine status --diagnose --json exposes explicit done flags mid-batch (2224.636292ms)
✔ verifyStubFileScopeMustChange fails when contract paths are unchanged (1761.398667ms)
✔ verifyStubFileScopeMustChange passes when contract path changed (1644.471708ms)
✔ verifyStubFileScopeMustChange passes for comma-in-single-backtick fileScopeMustChange (SP-396) (991.375334ms)
✔ commitLaneWorktree rejects stub completion without fileScopeMustChange diffs (969.319667ms)
�
Coverage run aborted: 1 test failure(s).
