Contract testCommand failure log
Command: npm run typecheck && SPINE_WORKER_STUB=1 node --experimental-strip-types --test tests/batch/sequence-merge-blocked-continue.test.mjs && npm run coverage:check && stet run --strictness lenient --auto-finish-zero --quiet
Exit code: 1
Attempt: 1 of 2
Timestamp: 2026-07-04T20:49:23.335Z
Buffer overflow: no
---

> pi-spine@1.4.0 typecheck
> tsc --project tsconfig.json --noEmit && tsc --project tsconfig.batch.json --noEmit

✔ isMergeBlockedBatchOutcome detects mixed-outcome and merge_blocked phases (0.566167ms)
✔ evaluateWaveTaskDependencies filters runnable tasks by satisfied deps (0.587792ms)
✔ formatSequenceWaveSkipMessage names blocked dependencies per §17.4 (0.19825ms)
✔ resolveWaveAfterMergeBlocked continues wave 1 and skips wave 2 tasks (0.154375ms)
✔ planSequenceWaveTasks skips wave when no deps are satisfied (0.108584ms)
✔ 3-wave sequence continues wave 1 after wave 0 merge_blocked and skips wave 2 (29117.2885ms)
ℹ tests 6
ℹ suites 0
ℹ pass 6
ℹ fail 0
ℹ cancelled 0
ℹ skipped 0
ℹ todo 0
ℹ duration_ms 30142.973

> pi-spine@1.4.0 coverage:check
> node scripts/run-coverage.mjs

✔ adoption fixture: init, plan, stub batch AD-001 creates .DONE (31379.53325ms)
✔ adoption integration: REPLAN final verdict surfaces needs_replan diagnosis (26016.937584ms)
✔ worker.md documents spine tools, stall checkpoint, and coverage policy (0.873542ms)
✔ worker.md documents engine-owned code and final review after .DONE (0.350708ms)
✔ reviewer.md documents final PASS REVISE REPLAN verdicts (0.201292ms)
✔ worker-prompt tail aligns with worker.md commit and review conventions (0.119ms)
✔ buildWorkerTailPrompt does not contradict worker.md on commit format (28.42125ms)
✔ buildAgentSessionWorkerPrompt includes review hint when level > 0 (3.483875ms)
✔ buildWorkerPiArgs omits -ne when no pi-web-access conflict (63.248042ms)
✔ buildWorkerPiArgs includes -ne before -p when extension conflict detected (203.552834ms)
✔ formatPiExtensionConflictHint surfaces pi-web-access remediation (0.362583ms)
✔ abortBatch archives batch-state before clearing active file (2636.831041ms)
✔ abortBatch journals batch.aborted and preserves prior journal tail (3088.014208ms)
✔ abortBatch writes abort signal without killing on graceful abort (2525.591458ms)
✔ hard abort removes lane worktree when cleanup enabled (3337.3005ms)
✔ hard abort keeps worktree when cleanupOnHardAbort is false (3874.491833ms)
✔ abortBatch fails when no active batch (2570.374916ms)
✔ mergeLaneToOrch auto-resolves disjoint adoption doc edits without force-merge (12404.796333ms)
✔ mergeLaneToOrch fails adoption doc merge with recovery commands when hunks overlap (17376.84175ms)
✔ formatAdoptionDocMergeFailure names file and wave recovery (0.208958ms)
✔ agent session abort failure journals lane.worker_abort_failed (2794.2925ms)
✔ formatAttachedMilestoneLine renders land-loop journal types (0.65575ms)
[spine] batch.started
[spine] task.started SP-343
[spine] task.completed SP-343
[spine] batch.merge_started wave=0
[spine] batch.merge_completed wave=0
[spine] gate.opened
[spine] gate.evidence_collecting
[spine] gate.evidence_completed
[spine] batch.completed
[spine] batch.land_loop_finalized

Batch started

Batch 20260704T204625 completed: SP-343 succeeded; merged to orch/spine-20260704T204625.
  → spine gate status
  → spine gate approve
  → spine integrate
  → spine batch complete

Batch 20260704T204625 ready to integrate orch branch to main

  → spine integrate

  Alternatives:
    • /spine-integrate
    • /spine-gate
    • spine status --diagnose

  Batch: 20260704T204625
  Task: SP-343
✔ runSpineBatch attached start returns integrate handoff without process.exit in tests (29204.171375ms)
✔ attached batch CLI subprocess exits after completed with stdout milestones (18711.781542ms)
✔ formatAttachedBatchCliResult includes diagnosis suggested command (0.4375ms)
✔ enforceAttachedEngineSingleOwner fails fast when engine PID is alive (2788.608ms)
✔ enforceAttachedEngineSingleOwner orphans prior engine with --force (3282.075042ms)
✔ resumeBatch rejects second attached resume when engine PID is alive (2517.295625ms)
✔ resumeBatchDetached rejects spawn when attached engine PID is alive (2193.464917ms)
✔ runAttachedBatchEngine blocks attached start when engine PID is alive (3605.642ms)
✔ isLastWaveIndex matches batch 20260618T000943 wave plan (0.603667ms)
✔ maybeFinalizeAfterWaveMerge opens gate for last-wave post-merge limbo (6372.506875ms)
✔ resumeMultiTaskBatch finalizes post-merge limbo even with stale engine pid (6894.764292ms)
✔ terminateStaleDetachedEngine still clears stale engine during post-merge limbo resume handoff (2619.05ms)
✔ startBatch multi-wave attached path opens gate after wave 1 without resume (32796.932167ms)
✔ attached milestone types include batch.merge_blocked (0.647209ms)
✔ formatAttachedBatchCliResult prints merge failure headline and exits non-zero for merge_blocked (5907.712333ms)
✔ runAttachedBatchEngine streams merge_blocked milestone before merge failure CLI output (6518.513291ms)
✔ mergeEngineStateWithDiskPause adopts operator pause from disk (2696.986583ms)
✔ saveEngineBatchState does not clobber phase paused during heartbeat-style saves (3107.267125ms)
✔ enforceOperatorPauseOnDisk re-asserts paused after engine overwrite (3335.236ms)
✔ pauseBatch confirms when attached engine heartbeat saves honor pause (4974.097083ms)
✔ batch 20260620T194352 fixture is post-merge limbo without gate (2887.112458ms)
✔ attemptPostMergeLandLoopHandoff finalizes in-process after SIGTERM-shaped limbo (7205.646625ms)
✔ finalizeAttachedPostMergeLimbo is idempotent when gate already open (7419.297166ms)
✔ resume after orphan_terminated journal opens gate for batch 20260620T194352 pattern (9711.8285ms)
✔ installAttachedEngineShutdownHandlers finalizes on SIGTERM without manual resume (5772.007958ms)
✔ terminateStaleDetachedEngine during post-merge limbo still allows resume finalize (5616.116041ms)
✔ shouldAutoIntegrateAfterWave is false by default (0.602375ms)
✔ shouldAutoIntegrateAfterWave is true when configured and not last wave (0.082083ms)
✔ shouldAutoIntegrateAfterWave is false on last wave (0.059792ms)
✔ issue #25: retry unblocks failed phase when only pending tasks remain (13640.739375ms)
✔ issue #25: failed phase with pending-only limbo resumes without --force (8217.068708ms)
✔ retry keeps failed phase when other failed tasks remain (6270.129708ms)
✔ diagnosis suggests resume --force for failed-phase pending-only limbo (0.2225ms)
✔ parseSupersededReplacementIds extracts child task IDs (1.424834ms)
✔ assertBatchStartTasksNotSuperseded rejects superseded IDs (4936.600584ms)
✔ assertBatchStartTasksNotSuperseded allows pending IDs (3602.268375ms)
✔ assertBatchStartTasksNotSuperseded honors --force-superseded (3699.024875ms)
✔ resolveBatchStartScope rejects explicit superseded task IDs (4305.2815ms)
✔ resolveBatchStartScope allows superseded IDs with forceSuperseded (3473.39225ms)
✔ startBatch dry-run rejects superseded explicit scope (4611.195166ms)
✔ startBatch dry-run allows superseded scope with forceSuperseded (4665.128333ms)
✔ parseBatchArgs maps --wave on start to waveFilter (0.841667ms)
✔ parseBatchArgs strips --wave value from scope for wave 0 (0.086333ms)
✔ buildAttachedBatchStartArgv forwards waveFilter to detached engine (0.642333ms)
✔ startBatch dry-run with pending scope and --wave 0 selects planner wave 0 (2856.471041ms)
✔ startBatch dry-run with --wave selects planner wave task IDs (3434.986792ms)
✔ wave-filtered dry-run matches explicit wave task scope dry-run (2504.382042ms)
✔ evaluateBatchStateWriteGuard rejects writes from non-owner live engine (182.46525ms)
✔ saveSpineBatchState rejects resurrecting archived batch cache (87.406292ms)
✔ resolveStallConfig defaults checkpoint warning and no file-scope grace extension (0.713459ms)
✔ file-scope mtime is activity only — does not extend stall deadline by default (0.208625ms)
✔ checkpoint signals extend grace; STATUS update moves deadline (0.066167ms)
✔ shouldEmitCheckpointWarning after activity without checkpoint threshold (0.105583ms)
✔ resolveScopedDirtyPaths limits porcelain to file scope and task folder (2093.644708ms)
✔ lane.checkpoint_warning journal event and diagnose hints (26.340542ms)
✔ extractJournalDiagnosisHints omits stale checkpoint_warning older than 30 minutes (0.191333ms)
✔ collectProgressSignals includes dirtyPaths for scoped changes (2710.162875ms)
✔ runFinalReviewPhase fails fast with contract_failed and does not consume finalAttempts (11680.602042ms)
✔ reconcileBatch surfaces contract_failed headline for failed task (5743.138167ms)
✔ verifyContract satisfies pre-landed fileScopeMustChange when testCommand and artifacts pass (7401.545083ms)
✔ verifyContract still fails pre-landed scope when testCommand fails (11609.498792ms)
✔ verifyStubFileScopeMustChange passes delivery-only STATUS when source scope pre-landed (9347.151167ms)
✔ verifyContract passes delivery-only STATUS.md fileScopeMustChange contract (4018.523167ms)
✔ resolvePromptRelPath derives task PROMPT from spine-tasks delivery changes (2322.065125ms)
✔ isFileScopePatternPrelanded detects scope changed on main after task intro (1970.671541ms)
✔ testCommand fails once then succeeds on retry — contract passes (572.326042ms)
✔ testCommand fails all retries — contract_failed as before (591.276916ms)
✔ retry count configurable via spine-config contract.testRetries (1209.644958ms)
✔ failed output captured to .reviews/ directory (638.932959ms)
✔ no retry when testCommand succeeds first time (no performance cost) (587.966125ms)
✔ writeContractFailureLog creates log file with header (8.308917ms)
✔ writeContractFailureLog returns null when taskFolder is undefined (0.153959ms)
✔ CONTRACT_TEST_DEFAULT_RETRIES is 1 (0.200333ms)
✔ CONTRACT_TEST_RETRY_DELAY_MS is 5000 (0.106625ms)
✔ multiple failure logs captured across retry attempts (784.678792ms)
✔ parseContract extracts stallTimeoutMinutes and extendGraceOnFileScope (1.723833ms)
✔ resolveTaskStallMinutes uses max of global, size floor, and contract override (0.20125ms)
✔ resolveStallConfigForTask applies contract stallTimeoutMinutes to stallTimeoutMs (0.168875ms)
✔ resolveStallConfigForTask honors contract extendGraceOnFileScope (0.065167ms)
✔ resolveWorkerPiTimeoutMs aligns with contract stall budget (0.103209ms)
✖ runWorker with contract stall override survives beyond global stall budget (scaled) (16071.936ms)
✔ runWorker without contract override stalls at scaled global budget (5990.675125ms)
✔ isDeliveryArtifactPath accepts STATUS.md-only patterns (0.90525ms)
✔ isDeliveryArtifactPath accepts .DONE-only patterns (0.193875ms)
✔ isDeliveryArtifactPath accepts task-folder delivery globs (0.107667ms)
✔ isDeliveryArtifactPath rejects implementation and tasks-root paths (0.080917ms)
✔ isImplementationScopePattern detects source and tooling roots (0.052ms)
✔ isStubDeliveryOnlyScope is true for delivery-only pattern sets (0.090625ms)
✔ isStubDeliveryOnlyScope rejects mixed implementation and delivery patterns (0.064625ms)
✔ isStubDeliveryOnlyScope rejects empty pattern lists (0.041375ms)
✔ isDeliveryArtifactPath honors custom tasksRoot (0.187ms)
✔ resolveTaskStartCommit returns distinct start commits for serialized lane tasks (0.784041ms)
✔ resolveTaskStartCommit prefers task.started payload commit over prior lane.committed (0.117791ms)
✔ resolveTaskStartCommit returns null when task.started is missing (main...HEAD fallback) (0.070917ms)
✔ resolveTaskStartCommit resolves git HEAD at task.started timestamp when journal lacks commit (4803.607958ms)
✔ CONTRACT_TEST_COMMAND_MAX_BUFFER exceeds legacy 256KB limit (0.598583ms)
✔ runContractTestCommand captures large stdout without killing child (221.562417ms)
✔ runContractTestCommand surfaces ENOBUFS with scoped testCommand guidance (236.08075ms)
✔ verifyContract reports buffer overflow with scoped testCommand guidance (6036.711708ms)
✔ listChangedFiles with sinceCommit scopes diff to commits after anchor (5698.8905ms)
✔ listChangedFiles without sinceCommit preserves baseBranch...HEAD (4158.973167ms)
✔ verifyContract with sinceCommit ignores prior same-lane task fileScopeMustNotChange violations (6331.302375ms)
✔ verifyContract without sinceCommit preserves cumulative lane branch behavior (3990.8925ms)
✔ buildContractTestEnv removes worker-only keys (0.600292ms)
✔ runContractTestCommand subprocess does not inherit SPINE_IS_WORKER (89.266708ms)
✔ verifyContract testCommand passes under worker env when subprocess is sanitized (448.702417ms)
✔ verifyContract passes when testCommand exits 0 (368.02375ms)
✔ verifyContract fails when testCommand exits non-zero (739.54625ms)
✔ verifyContract checks artifactsMustExist paths in worktree (572.2455ms)
✔ verifyContract expands glob patterns in artifactsMustExist (683.935833ms)
✔ verifyContract returns ok with empty checks when contract has no verify fields (319.266042ms)
✔ verifyContract enforces fileScopeMustChange and fileScopeMustNotChange (5315.485834ms)
✔ verifyContract checks minLineCoverage from command output (624.000625ms)
✔ shouldRunContractVerify skips legacy TP-* tasks and absent contract sections (0.300541ms)
✔ matchesContractPattern supports glob paths (0.181625ms)
✔ parseAggregateLineCoverage parses coverage table rows (0.097083ms)
✔ SP-193-shaped placeholder contract fails validateContract in required mode (1.969041ms)
✔ verifyContract passes SP-193-shaped contract when scoped files changed (7315.634458ms)
✔ fileScopeMustChange trailing-slash pattern matches files under directory prefix (4822.089542ms)
✔ fileScopeMustChange trailing-slash pattern fails when no files under prefix changed (3240.622667ms)
✔ fileScopeMustChange exact-path and glob behavior preserved alongside trailing-slash (2446.396083ms)
✔ waitForDetachedBatchResume waits for integrate gate after batch completes (3620.202041ms)
✔ waitForDetachedBatchResume completes without gate when integrate gate not required (2921.576334ms)
✔ prepareDetachedResumeEngineHandoff terminates stale engine before resume spawn (71.0535ms)
✔ resolveDefaultResumeWaitTerminal returns true for engine_orphaned without flags (0.619958ms)
✔ resolveDefaultResumeWaitTerminal respects explicit flags (0.094875ms)
✔ detectPostMergeLimboForResume matches journal-only limbo for batch 20260629T210738 (7347.669417ms)
✔ postMergeLimbo diagnosis suggests spine batch resume --force (0.298042ms)
✔ resumeBatchDetached --force finalizes journal-only limbo without spawning engine (13652.955333ms)
✔ detached batch start opens integrate gate after stub engine completes (15416.864708ms)
✔ timeout_waiting_for_batch with dead enginePid reconciles as engine_orphaned not running (5836.709791ms)
✔ startBatchDetached persists spawn enginePid before wait on timeout failure path (36550.068833ms)
✔ parseBatchArgs defaults to detached start (attached flag off) (0.82925ms)
✔ parseBatchArgs --attached opts into foreground engine (0.074208ms)
✔ buildAttachedBatchStartArgv forwards scope and skip-preflight (0.634042ms)
✔ formatDetachedBatchStartOutput includes monitor hints (0.22725ms)
✔ batch start returns quickly and runs engine in background (21939.869125ms)
✔ parseBatchArgs resume defaults to detached (attached flag off) (0.163583ms)
✔ buildAttachedBatchResumeArgv forwards force (0.079625ms)
✔ formatDetachedEngineOutput includes resume wording (0.096042ms)
✔ waitForDetachedBatchResume returns engine_started by default (1571.448833ms)
✔ waitForDetachedBatchResume with waitTerminal returns resume_completed (1920.353625ms)
✔ collectDetachedFailureDiagnostics includes task.failed summary and log tails (658.009833ms)
✔ parseBatchArgs accepts --wait-terminal (0.450083ms)
✔ batch resume returns quickly and runs engine in background (15862.319208ms)
✔ inferLaunchFailureKind ignores DirtyWorktree exitReason (0.70075ms)
✔ buildHeadline prefers DirtyWorktree over worker launch (0.36425ms)
✔ buildSuggestedCommand for DirtyWorktree suggests coverage cleanup and retry (0.171583ms)
✔ buildHeadline surfaces review_exhausted primary failure (0.114125ms)
✔ buildSuggestedCommand for review_exhausted suggests batch retry (0.050209ms)
✔ buildHeadline surfaces contract_failed primary failure (0.0845ms)
✔ buildSuggestedCommand for contract_failed suggests PROMPT edit and retry (0.060125ms)
✔ buildDiagnosisOutput bundles primary failure class without launch headline (0.128875ms)
✔ reconcileBatch aligns hasFailedTasks with segment drift and DirtyWorktree headline (6814.994875ms)
✔ reconcileBatch diagnoses review_exhausted from failed task exitReason (7545.126375ms)
✔ buildHeadline surfaces PI_SPINE_ROOT launch failure (0.890625ms)
✔ buildHeadline surfaces lane commit failures after worker completion (0.123375ms)
✔ buildSuggestedCommand prefers spine doctor for launch failures (0.230666ms)
✔ inferLaunchFailureKind reads worker output hints from journal (0.19875ms)
✔ extractJournalDiagnosisHints prioritizes setup hook and merge blocked events (2.239208ms)
✔ formatMixedOutcomeMessage lists succeeded tasks and spine batch retry guidance (0.17675ms)
✔ reconcileBatch diagnoses launch failure wave from fixture (8230.770042ms)
✔ buildDiagnosisOutput bundles launch failure headline and command (0.468ms)
✔ DIAGNOSIS_TAXONOMY includes worker_orphaned distinct from needs_retry (0.676792ms)
✔ inferLaunchFailureFromWorkerOutputTail reads PI_SPINE_ROOT hints from log tail (0.133042ms)
✔ buildSuggestedCommand prefers abort for ghost running cluster (0.158041ms)
✔ buildHeadline surfaces worker_orphaned launch failure from worker output context (0.255208ms)
✔ worker_orphaned after plan review nested_spawn_blocked suggests batch retry (0.104167ms)
✔ dead lane workerPid diagnoses worker_orphaned not needs_retry (8507.078458ms)
✔ dead workerPid after lane.completed does not diagnose worker_orphaned (5801.255917ms)
✔ worker_orphaned enriches launch headline from worker output log without task.failed (4917.600042ms)
✔ multiple ghost running tasks on one lane prefer spine batch abort (3823.559417ms)
✔ segment drift still diagnoses needs_retry (3161.41075ms)
✔ buildDiagnosisOutput bundles worker_orphaned headline and command (0.264833ms)
✔ isRunningWithoutActiveWorkers is false when workers are active (0.703208ms)
✔ isRunningWithoutActiveWorkers detects all-terminal tail state (0.07875ms)
✔ buildRunningTailHeadline maps macroPhase merging to operator text (0.209ms)
✔ buildRunningTailHeadline maps gating / post-merge limbo (0.108ms)
✔ buildHeadline preserves generic running when workers are active (0.214083ms)
✔ deriveMacroPhase uses journal merge tail when diagnosis is running without workers (0.284084ms)
✔ deriveMacroPhase stays executing when workers are active (0.099042ms)
✔ tail-state fixture reconciles without bare is running headline (8156.045958ms)
✔ tail-state headline matches batch 20260701T031142 shape via buildHeadline (0.195333ms)
✔ isCoverageArtifactPath matches extension/coverage and root coverage dirs (0.704084ms)
✔ isPathInFileScope matches exact paths and directory prefixes (0.141791ms)
✔ filterOutOfScopeCoveragePorcelain drops modified coverage outside file scope (0.1645ms)
✔ filterOutOfScopeCoveragePorcelain keeps in-scope coverage modifications (0.088667ms)
✔ restoreOutOfScopeCoverageArtifacts resets tracked coverage files (6936.67525ms)
✔ resolvePostLaneCommitPorcelain restores and filters out-of-scope coverage (5097.13625ms)
✔ commitLaneAndValidateWorktree succeeds when only out-of-scope coverage is dirty (4300.471083ms)
✔ commitLaneAndValidateWorktree fails when dirty without .DONE (1752.955542ms)
✔ isWorktreeDeletionPorcelainLine matches unstaged deletions (0.625584ms)
✔ isSymlinkOnlyDriftPorcelain is true only for deletion-only porcelain (0.122334ms)
✔ filterSetupHookSymlinkDriftPorcelain clears deletion-only drift (0.074416ms)
✔ parseLaneWorktreeIdentity extracts batch and lane from worktree path (0.66775ms)
✔ resolvePostLaneCommitPorcelain repairs hook symlink drift (4996.113417ms)
✔ commitLaneAndValidateWorktree succeeds when hook symlink drifts after PASS (5154.922209ms)
✔ dismissBatch kills live stub worker PID and journals lane.worker_terminated (6484.687ms)
✔ shouldRunCodeReview requires review level 2 or higher (0.724667ms)
✔ findCodeReviewStepNumber prefers step with code review checkpoint (21.708458ms)
✔ findCompletedCodeReview honors journal review.completed code APPROVE (30.98675ms)
✔ findCompletedCodeReview honors step artifact APPROVE for code review step (25.410041ms)
✔ runTaskOnLane runs engine code review for RL2 without worker nested spawn (10556.180125ms)
✔ runTaskOnLane skips engine code review when review level is 0 (9189.596333ms)
✔ runTaskOnLane skips engine code review when review level is 1 (7750.078ms)
✔ runTaskOnLane honors journal review.completed code APPROVE without duplicate spawn (8278.791875ms)
✔ runTaskOnLane re-invokes worker after code REVISE and succeeds on APPROVE (12141.624916ms)
✔ resolveReviewSpawnTimeoutMs aligns with stall budget for M tasks (0.687792ms)
✔ runStepReview journals review.failed with review_timeout on hung spawn (644.591625ms)
✔ async reviewer spawn does not block the event loop while waiting for timeout (563.395125ms)
✔ startBatch opens integrate gate before batch.completed journal event (15798.137917ms)
✔ startBatch serializes multiple tasks on one physical lane (22550.182625ms)
✔ startBatch runs disjoint-scope tasks on separate lanes in parallel (14247.343333ms)
✔ startBatch records lane commit before task.completed (15339.487792ms)
✔ runTaskOnLane emits task.failed not task.completed when lane commit fails (7501.295375ms)
✔ validateSpineConfig accepts worktreeSetupIgnorePaths (0.232584ms)
✔ engine_orphaned diagnosis suggests retry when task id known, attached resume otherwise (0.679625ms)
✔ dead engine with phase running passes validateMultiTaskResume without pause (3531.800459ms)
✔ running phase with live engine pid rejects resume without force (2470.386708ms)
✔ reconcile engine_orphaned recommends attached resume for batch 20260618T191236 pattern (4240.256ms)
✔ engine_orphaned with failedTaskId suggests retry (SP-315) (0.67525ms)
✔ reconcileOrphanRunningState transitions running task to failed with journal events (2771.388333ms)
✔ retryTask succeeds on orphan without manual pause (issue #20 trap) (2425.836709ms)
✔ diagnose then retry: suggestedCommand matches working recovery path (4359.399ms)
✔ resume --force allowed after orphan reconcile when phase was running (1963.643125ms)
✔ terminateStaleDetachedEngine SIGTERM stale pid on failed resume (95.57425ms)
✔ runStepReview honors existing final PASS without re-spawn (51.906708ms)
✔ runStepReview skips review.failed journal when batch already completed (127.622916ms)
✔ startBatch lane branch has commit before merge when stub touches files (15924.635583ms)
✔ startBatch completes single task with stub worker (11895.976667ms)
✔ isExplicitBatchScope treats pending as explicit (0.213792ms)
✔ startBatch all dry-run allows multi-wave pending backlog (1100.935084ms)
✔ startBatch pending dry-run excludes done tasks (1492.53925ms)
✔ startBatch all fails when every task has .DONE (803.04325ms)
✔ startBatch skips worker when .DONE exists on disk (3561.711375ms)
✔ resolveBatchStartScope normalizes all to pending IDs (498.237334ms)
✔ startBatch explicit IDs still allow multi-wave when scope is not bare all (524.209292ms)
✔ startBatch completes two-lane wave with stub workers (10913.0775ms)
✔ startBatch blocks merge on mixed outcomes (6852.894667ms)
✔ assessWaveMergeEligibility blocks failed and pending tasks (0.266166ms)
✔ collectCoreEvidenceBundle writes summary without complete marker (4434.0205ms)
✔ openIntegrateGate persists gate before extended evidence and journals milestones (4922.732959ms)
✔ openIntegrateGate keeps gate when extended evidence command fails (4846.276792ms)
✔ collectExtendedEvidenceBundle appends to existing refs (3163.218959ms)
✔ parseEvidenceCommandArgv accepts npm run test (1.425167ms)
✔ parseEvidenceCommandArgv preserves quoted arguments (0.132667ms)
✔ parseEvidenceCommandArgv rejects shell command chaining (0.290334ms)
✔ parseEvidenceCommandArgv rejects unknown binary (0.078292ms)
✔ runEvidenceCommand executes allowlisted argv without shell (207.516333ms)
✔ runEvidenceCommand rejects malicious config strings (0.170334ms)
✔ runEvidenceCommand skips empty command (0.069875ms)
✔ runEvidenceCommand rejects disallowed build binary (0.088958ms)
✔ parseEvidenceCommandArgv rejects subshell injection (0.082375ms)
✔ collectEvidenceBundle writes summary and .complete marker atomically (3742.67875ms)
✔ collectEvidenceBundle writes rejected output for unsafe testing.test (3058.510041ms)
✔ findCompletedFinalReview honors journal review.completed final PASS (4.1195ms)
✔ findCompletedFinalReview honors latest final artifact PASS (6.95575ms)
✔ runTaskOnLane honors pre-existing worker final review without spawn failure (8701.6715ms)
✔ runTaskOnLane honors journal review.completed final PASS without duplicate spawn (7944.370292ms)
✔ parseFinalReviewVerdict accepts PASS, REVISE, and REPLAN (1.02925ms)
✔ shouldRunFinalReview skips when review level is 0 (0.094875ms)
✔ runTaskOnLane skips final review when review level is 0 (8853.950583ms)
✔ runTaskOnLane journals task.verdict_recorded on PASS final review (8151.936083ms)
✔ runTaskOnLane re-invokes worker after REVISE and succeeds on PASS (12042.641334ms)
✔ runTaskOnLane caps REVISE at maxFinalAttempts with review_exhausted (15958.504541ms)
✔ runTaskOnLane fails with needs_replan and does not keep .DONE (5934.303167ms)
✔ mergeWaveLanesToOrch blocks when a wave task has exitReason needs_replan (420.008916ms)
✔ runEngineFinalReview stub writes final artifact path (17.237125ms)
✔ buildTaskScorecard lists task rows (1.003208ms)
✔ openIntegrateGate persists pending gate and journals gate.opened (5272.267042ms)
✔ collectEvidenceBundle writes summary and diff-stat (5125.482125ms)
✔ approve and reject enforce gate FSM (3163.396666ms)
✔ rejectIntegrateGate journals gate.rejected (2380.213833ms)
✔ checkIntegrateGate blocks until approved (exit 2) (2473.764209ms)
✔ integrateOrchToBase fails with exit 2 when gate pending (3429.287041ms)
✔ integrateOrchToBase succeeds after gate approval (5367.277167ms)
✔ force integrate requires SPINE_ALLOW_FORCE=1 (454.089709ms)
✔ openIntegrateGateAfterBatchComplete skips non-completed batches (307.059333ms)
✔ runSpineGate CLI approve updates gate record (1923.905041ms)
✔ classifyGitignoredPaths returns empty arrays for empty input (883.643958ms)
✔ classifyGitignoredPaths detects index-tracked gitignored paths (1307.896333ms)
✔ classifyGitignoredPaths detects worktree-only gitignored paths (1139.194666ms)
✔ classifyGitignoredPaths handles mixed index-tracked and worktree-only (1507.508584ms)
✔ formatGitignoredRemediationMessage: worktree-only does not suggest git rm --cached (0.313292ms)
✔ formatGitignoredRemediationMessage: index-tracked suggests git rm --cached (0.070583ms)
✔ formatGitignoredRemediationMessage: mixed suggests both remediation paths (0.068584ms)
✔ commitLaneWorktree: worktree-only gitignored does not suggest git rm --cached (2145.656ms)
✔ commitLaneWorktree: index-tracked gitignored still suggests git rm --cached (3005.821625ms)
✔ regression: SP-011 worktree-only coverage after npm test does not suggest git rm --cached (1341.876375ms)
✔ resolveHeartbeatKind marks launching as worker_alive only (0.72ms)
✔ shouldEmitCheckpointWarning skips launching phase (0.17625ms)
✔ buildHeartbeatPayloadFields omits stale checkpoint signals during launching (0.089875ms)
✔ recordLaneHeartbeat journals kind and phase (204.225375ms)
✔ runWorker launching heartbeat does not journal stale STATUS mtime on fast-fail retry (5635.970709ms)
✔ resolveStallConfig applies lane overrides (0.233167ms)
✔ progressSignalsChanged detects STATUS mtime updates (557.640583ms)
✔ computeStallDeadline extends past hard timeout after progress (0.118458ms)
✔ stall false positive avoided when STATUS updates extend deadline (I-01) (0.140708ms)
✔ findLatestStepCompletedMs returns newest matching task.step_completed (0.121333ms)
✔ progressSignalsChanged detects journal task.step_completed (silent tools) (493.904ms)
✔ activitySignalsChanged detects file-scope mtime updates (FR-WORK-10 / FR-STALL-02) (427.714791ms)
✔ startBatch records lane.heartbeat during stub worker delay (11996.06725ms)
✔ isFastForwardCapableIntegrate detects orch ahead of main (#93) (2287.046291ms)
✔ integrateOrchToBase fast-forwards when orch is strictly ahead (#93 batch 20260702T071449) (8503.254666ms)
✔ integrateOrchToBase fast-forwards with generatedAt-only rules-manifest drift on main (#93) (6084.95375ms)
✔ recordBatchBaseSnapshot stores head sha and journals batch.base_snapshot (1191.173208ms)
✔ integrateOrchToBase succeeds with uncommitted edits on main (6867.162333ms)
✔ integrateOrchToBase conflict path leaves human checkout and files unchanged (5730.76225ms)
✔ integrateOrchToBase dry-run advertises isolated merge plan (1612.417917ms)
✔ resolveRulesManifestIntegrateDrift restores main when worker manifest matches orch (#22) (3155.139083ms)
✔ integrateOrchToBase succeeds with worker manifest drift on main matching orch (#22) (6735.138208ms)
✔ resolveRulesManifestIntegrateDrift blocks unrelated dirty files on main (1224.482125ms)
✔ resolveRulesManifestIntegrateDrift blocks substantive manifest drift not matching orch (1481.028584ms)
✔ resolveRulesManifestIntegrateDrift still clears generatedAt-only drift on main (1462.216459ms)
✔ resolveRulesManifestIntegrateDrift clears generatedAt-only dirty manifest on main (1965.115083ms)
✔ integrateOrchToBase succeeds with dirty generatedAt-only rules-manifest on main (6010.685334ms)
✔ DEFAULT_SYNC_TIMEOUT_MS is 60 seconds (0.614709ms)
✔ syncPlumbingMergePathsToWorktree returns ok: true on successful sync (1141.084792ms)
✔ syncPlumbingMergePathsToWorktree returns ok: false with timedOut on timeout (868.123542ms)
✔ integrateOrchToBase emits integrate.failed with IntegrateTimeout on sync timeout (5184.016333ms)
✔ successful integrate still emits integrate.completed (regression) (6457.402083ms)
✔ partial sync failure returns ok: false with correct failureClass from integrateOrchToBase (3715.95575ms)
✔ assertOrchIntegratable refuses empty orch when mergeResults claim success (611.091625ms)
✔ assertOrchIntegratable requires integrate when orch is ahead of base (801.298208ms)
✔ reconcileBatch reports needs_integrate when batch completed but orch not on main (3191.011667ms)
✔ completeBatch refuses when orch is ahead but not integrated (2613.441625ms)
✔ integrateOrchToBase merges orch into main and journals events (6442.779542ms)
✔ integrateOrchToBase dry-run does not change main HEAD (1094.965875ms)
✔ completeBatch succeeds after integrate lands orch on main (5331.177542ms)
✔ integrateOrchToBase aborts merge on conflict and restores checkout (4373.377042ms)
✔ integrateOrchToBase fails when batch state is missing (0.560625ms)
✔ runSpineIntegrate CLI succeeds when orch tip already matches main (703.13825ms)
✔ PRD §20.2 planner yields wave0 {A,C} and wave1 {B} (659.670125ms)
✔ PRD §20.2 two-lane stub batch completes ABC waves (21070.0715ms)
✔ PRD §20.2 mixed-outcome blocks merge; retry resets wave B for resume (13775.866583ms)
✔ runStepReview with worker attach env does not journal when attach suppressed (36.955708ms)
✔ runSpineReviewStep with worker attach env does not journal when attach suppressed (43.206625ms)
✔ runSpineReportProgress with worker attach env does not journal when attach suppressed (15.947791ms)
✔ readJournalEventsCached returns same events as readJournalEvents (57.240375ms)
✔ readJournalEventsCached returns cached copy on second call without file change (90.922084ms)
✔ readJournalEventsCached invalidates when file mtime changes (61.153333ms)
✔ readJournalEventsCached returns empty array for missing file (7.638958ms)
✔ clearJournalCache forces re-read on next call (57.340709ms)
✔ invalidateJournalCache with matching path clears cache (30.66525ms)
✔ invalidateJournalCache with non-matching path preserves cache (56.681375ms)
✔ readJournalEventsCached handles transition from missing to existing file (93.411834ms)
✔ readJournalEventsCached handles switch between different batch IDs (42.239792ms)
✔ runSpineJournal replay exits non-zero when journal missing (6.73575ms)
✔ runSpineJournal replay prints human table (61.224292ms)
✔ runSpineJournal replay --json returns events array (61.634542ms)
✔ exportJournalJsonl returns null when journal missing (18.9675ms)
✔ runSpineJournal export exits non-zero when journal missing (5.664542ms)
✔ runSpineJournal export writes jsonl to stdout (31.171167ms)
✔ runSpineJournal export --output writes file (57.860416ms)
✔ exportJournalMarkdown returns null when journal missing (6.255958ms)
✔ formatJournalMarkdownTimeline produces stable table shape (2.764625ms)
✔ formatJournalMarkdownTimeline escapes pipe characters in summary (0.110209ms)
✔ runSpineJournal export markdown exits non-zero when journal missing (10.567208ms)
✔ runSpineJournal export writes markdown to stdout (27.987542ms)
✔ runSpineJournal export markdown --output writes file (33.805458ms)
✔ detectBatchStateDrift flags running cache when reconcile sees doneInLane without journal terminal (0.952583ms)
✔ deriveStructuralBatchStateFromJournal rebuilds multi-lane skeleton without cache seed (5.373583ms)
✔ resume-parallel-lane-orphan fixture: journal-only rebuild marks resumed tasks running (1.897541ms)
✔ orphan-running-resume fixture: structural + lifecycle rebuild without seed (0.741625ms)
✔ pidless-ghost-running fixture: post-resume task.started wins over historical failure (1.44125ms)
✔ resume-orphan-historical-failure fixture: rebuild ignores pre-resume failure for active task (0.672042ms)
✔ retry-clears-failed-classification fixture: rebuild fixes stale failed cache (0.699167ms)
✔ retry-clears-failed-classification fixture: detectBatchStateDrift flags cache vs journal (0.881375ms)
✔ incident fixtures rebuild from disk matches in-memory journal rebuild (471.506167ms)
✔ readJournalTimeline filters task and batch lifecycle events (0.650166ms)
✔ rebuildBatchStateFromJournal applies task.completed over stale failed cache (1.066042ms)
✔ detectBatchStateDrift flags journal completed vs cache failed (0.31775ms)
✔ detectBatchStateDrift ignores incomplete journal when cache failed (0.1015ms)
✔ incident orphan-running fixture: journal timeline is readable (550.571459ms)
✔ appendJournalEvent writes schema v1 with ISO timestamp and payload (60.003625ms)
✔ readLastTaskFailedEvent returns most recent task.failed (56.255ms)
✔ redactSecrets masks sensitive keys (0.2465ms)
✔ capPayloadSize truncates oversized payloads (0.289875ms)
✔ normalizeJournalEvent upgrades legacy lines (0.171083ms)
✔ readJournalEvents reads mixed legacy and v1 lines (47.399416ms)
✔ extractJournalDiagnosisHints surfaces failure events from tail (6.3765ms)
✔ commitLaneWorktree commits dirty worktree when .DONE exists (1717.758167ms)
✔ commitLaneWorktree fails loud when dirty without .DONE (839.756333ms)
✔ filterPorcelain drops lines matching ignore patterns by full path (0.301958ms)
✔ filterPorcelain drops lines matching ignore patterns by basename (0.071042ms)
✔ filterPorcelain keeps rename targets when only source matches ignore (0.063875ms)
✔ filterPorcelain returns empty for empty input (0.047833ms)
✔ mergeLaneToOrch rejects empty merge when lane commits were required (1079.460917ms)
✔ mergeLaneToOrch prefers orch for conflicts outside lane file scope (3059.819375ms)
✔ mergeLaneToOrch does not auto-resolve in-scope lane conflicts (4130.86425ms)
✔ dismiss archives batch-state before clearing active file (2309.486583ms)
✔ complete with --detect-manual-merge succeeds when orch merged to main (3360.364708ms)
✔ complete refused when mergeResults succeeded but orch not on main (7271.79025ms)
✔ dismiss refused when diagnosis is running without --force (1765.730708ms)
✔ isPostMergeLimbo is true when tasks and merges succeeded with open orch branch (0.761083ms)
✔ isPostMergeLimbo rejects non-running or ended batches (0.086958ms)
✔ isPostMergeLimbo rejects empty or partial task/merge state (0.068334ms)
✔ isPostMergeLimbo respects git orch branch signals (0.058875ms)
✔ isPostMergeLimbo rejects null or non-object state (0.04725ms)
✔ resolveWorkerOutputConfig defaults live log streaming off (0.693459ms)
✔ workerLiveLogPath matches runtime layout (0.096375ms)
✔ truncateLiveLogBytes applies truncation marker when over cap (0.180125ms)
✔ appendWorkerLiveLogChunk redacts secrets and enforces byte cap (12.438333ms)
✔ createWorkerLiveLogWriter returns null when streaming disabled (0.248125ms)
✔ runWorker streams subprocess stub output to live log when enabled (5090.038625ms)
✔ runWorker skips live log when streamWorkerOutputLive is false (5120.021291ms)
✔ runWorker still writes terminal failure log when live streaming enabled (5161.864542ms)
✔ startAgentSessionWorker flushes transcript chunks to live log (45.274958ms)
✔ appendWorkerLiveLogChunk rolls file with truncation marker when over max bytes (8.146167ms)
✔ MACRO_PHASES exports all eleven lifecycle values (1.272917ms)
✔ deriveMacroPhase: idle when no batch signals (0.14475ms)
✔ deriveMacroPhase: planning from batch phase (0.13775ms)
✔ deriveMacroPhase: executing for active running batch (0.101833ms)
✔ deriveMacroPhase: merging phase and needs_merge diagnosis (0.067958ms)
✔ deriveMacroPhase: reviewing when review.started is open (0.115042ms)
✔ deriveMacroPhase: gating for pending gate or post-merge limbo (0.058166ms)
✔ deriveMacroPhase: integrating for needs_integrate and open integrate.started (0.064375ms)
✔ deriveMacroPhase: completed, failed, aborted, paused terminal phases (0.061958ms)
✔ fixture running-batch.json reconciles to executing macro-phase (2238.515042ms)
✔ fixture taskplane-executing.json maps to executing (0.290792ms)
✔ fixture needs-retry-batch.json maps to failed macro-phase (2583.843583ms)
✔ fixture limbo-stale maps to completed macro-phase (2458.852542ms)
✔ all macro-phase enum values are reachable via deriveMacroPhase (0.543125ms)
✔ recordMergeBlocked sets terminal merge_blocked phase and clears enginePid (922.842375ms)
✔ reconcileBatch diagnoses merge_blocked as failed merge, not needs_merge (3047.051334ms)
✔ legacy merging phase with endedAt and failed mergeResults reconciles as failed (2068.267584ms)
✔ findResumableWave skips succeeded merged waves when later wave has pending tasks (1.200084ms)
✔ validateMultiTaskResume allows force resume from merge_blocked (3195.599334ms)
✔ buildSuggestedCommand recommends resume --force for merge_blocked phase (0.26975ms)
✔ summarizeMergeFailures extracts failed wave and lane from mergeResults (0.76075ms)
✔ buildMergeFailureHeadline uses 1-based wave number and lane label (0.168125ms)
✔ buildHeadline for failed diagnosis surfaces merge conflict instead of zero failed tasks (0.223208ms)
✔ buildSuggestedCommand for merge failure suggests resume --force (0.137917ms)
✔ buildDiagnosisOutput bundles merge failure headline and command (0.14575ms)
✔ reconcileBatch surfaces merge failure fields distinct from failedTasks (2863.39525ms)
✔ spine status --json includes merge failure fields for monitors (2239.198541ms)
✔ spine status --diagnose prints merge failure details in text output (1843.043125ms)
✔ filterGitignoredPaths separates ignored and stageable paths (1023.198209ms)
✔ gitAddFilteredPaths skips gitignored paths without failing (1981.093959ms)
✔ mergeLaneToOrch succeeds when task branch committed gitignored coverage (3084.505208ms)
✔ commitLaneWorktree refuses gitignored-only dirty paths (844.465334ms)
✔ commitLaneWorktree commits tracked files while skipping gitignored dirty paths (1295.827959ms)
✔ inferMergeGitignoredFailure detects gitignored merge and lane commit failures (0.313375ms)
✔ buildSuggestedCommand returns git rm --cached repair for gitignored merge failures (0.207542ms)
✔ reconcileBatch surfaces gitignored merge repair command from journal (1895.386459ms)
✔ filterPorcelain remains unchanged for SP-104 ignore patterns (0.322958ms)
✔ mergeLaneToOrch auto-resolves additive docs/PRD.md after origin/main merge task (2796.359208ms)
✔ mergeLaneToOrch fails PRD merge with recovery commands when hunks overlap (2220.229292ms)
✔ formatPrdDocMergeFailure names file and wave recovery (0.212625ms)
✔ isActiveWorkerSession true when SPINE_WORKER_RUNNER is set (0.70275ms)
✔ isActiveWorkerSession false outside worker context (0.084292ms)
✔ runStepReview skips nested reviewer spawn when worker env is set (109.915458ms)
✔ runStepReview skips nested plan review spawn when worker env is set (37.762417ms)
✔ runStepReview stub path still works inside worker session (47.652209ms)
✔ runStepReview reaches pi availability check when worker env absent (26.219334ms)
✔ engine parent with leaked worker runner reaches reviewer spawn (39.220375ms)
✔ batch 20260619T020951 SP-306 plan step 0 journals review.skipped not review.failed (49.342167ms)
✔ detectNestedWorkerContext returns reason when SPINE_IS_WORKER=1 (0.742375ms)
✔ detectNestedWorkerContext returns reason when projectRoot is inside .worktrees/spine-* (0.144125ms)
✔ detectNestedWorkerContext returns null for normal projectRoot without worker env (0.142167ms)
✔ startBatch returns error when SPINE_IS_WORKER=1 (9.132ms)
✔ startBatch returns error when projectRoot is inside .worktrees/spine-* (15.939084ms)
✔ startBatch succeeds normally (no env, normal CWD) — regression (9738.177667ms)
✔ buildWorkerChildEnv includes SPINE_IS_WORKER=1 (1.414875ms)
✔ journalEventsSinceResume excludes pre-resume terminal events (2.282083ms)
✔ detectOrphanRunning: historical task.failed + post-resume silence + dead engine (0.775459ms)
✔ resume orphan with historical failure fixture is not diagnosed as running (1858.177375ms)
✔ terminal event within scoped window still suppresses engine orphan (0.645792ms)
✔ journalIndicatesStalledSession: post-resume start without terminal (1.447958ms)
✔ detectOrphanRunning: PID-less ghost running with post-resume journal stall (0.501833ms)
✔ pidless ghost fixture reconcile is engine_orphaned, not running (1857.026875ms)
✔ terminal event within scoped window suppresses PID-less ghost signal (1.018667ms)
✔ isProcessAlive returns false for absent pid (0.728ms)
✔ resume parallel lane orphan fixture: multiple running on lane 1 (1.75875ms)
✔ resume parallel lane orphan fixture: reconcile is actionable after scoped orphan detect (1759.942125ms)
✔ searchATon orphan incident fixture: dead workerPid is not diagnosed as running (1781.322333ms)
✔ dead workerPid with running task is not diagnosed as running (2285.763791ms)
✔ dead enginePid mid-resume without terminal journal is engine_orphaned (1731.257084ms)
✔ running batch without recorded pids still reports running (1836.945542ms)
✔ detectOrphanRunning ignores dead engine when terminal journal exists (0.307208ms)
✔ recordBatchEnginePid persists under resilience and clears on terminal save (504.573208ms)
✔ confirmed pause records batch.paused only after engine persists phase (389.211625ms)
✔ unconfirmed pause does not leave orphan batch.paused journal entry (663.934291ms)
✔ pauseBatch succeeds immediately when no attached engine is alive (362.045208ms)
✔ pauseBatch fails loud when attached engine keeps phase running (720.501125ms)
✔ waitForPauseConfirmation returns true when phase stays paused (461.079917ms)
✔ retryTask succeeds when batch phase is paused (376.239542ms)
✔ retryTask rejects when batch phase is running (635.516959ms)
✔ batch 20260630T212050 orphan-after-merge fixture describes GitHub #59 incident (1.457833ms)
✔ batch 20260630T212050 journal fixture is limbo via resume detect but not bare state (925.569542ms)
✔ hydrateMergeResultsFromJournal enables state limbo detection for batch 20260630T212050 (628.895416ms)
✔ finalizeAttachedLandLoopBeforeExit opens gate for batch 20260630T212050 journal limbo (2786.996125ms)
✔ installAttachedExitFinalizeHandlers finalizes journal limbo on SIGTERM without manual resume (2572.124459ms)
✔ batch 20260629T021550 fixture is post-merge limbo without gate (338.75275ms)
✔ attemptPostMergeLandLoopHandoff finalizes batch 20260629T021550 limbo after SIGTERM (2361.505084ms)
✔ resumeBatchDetached --force finalizes post-merge limbo without spawning engine (2735.201125ms)
✔ resumeBatch attached path finalizes batch 20260629T021550 limbo immediately (2340.755208ms)
✔ resumeMultiTaskBatch still finalizes batch 20260629T021550 after orphan_terminated (2319.939417ms)
✔ finalizeResumePostMergeLimbo clears stale engine pid during post-merge limbo (1821.877ms)
✔ isPostMergeLimbo detects running phase with successful merges (0.664833ms)
✔ deriveDiagnosis returns needs_integrate for post-merge limbo (0.548834ms)
✔ finalizeBatchForIntegrate opens gate from post-merge limbo without resume (2291.873833ms)
✔ resumeMultiTaskBatch opens gate from post-merge limbo without re-running tasks (2527.054583ms)
✔ mixed-outcome post-mortem lists failed IDs and retry hint, not smooth success (1926.899833ms)
✔ false-success reconciliation headline is overridden when failures exist (0.43075ms)
✔ listFailedTaskIds prefers classified terminal-failure tasks (0.758041ms)
✔ collectEvidenceBundle summary.md is honest post-mortem markdown (1999.374541ms)
✔ dismissBatch writes post-mortem path into batch history (1994.128083ms)
✔ writeBatchPostMortem persists markdown under runtime batch dir (1836.128583ms)
✔ spine status --verbose includes post-mortem section for active batch (1879.050625ms)
✔ resolveStallConfig defaults progressSnapshotIntervalMinutes to 2 (0.633166ms)
✔ resolveStallConfig applies progressSnapshotIntervalMinutes override (0.074375ms)
✔ buildProgressSnapshotPayload is bounded and omits dirty path lists (0.625167ms)
✔ progressSnapshotPayloadChanged detects field deltas (0.094292ms)
✔ shouldEmitProgressSnapshot respects interval (0.183334ms)
✔ recordLaneProgressSnapshot journals bounded payload (276.4405ms)
✔ runWorker emits lane.progress_snapshot on interval and dedupes unchanged signals (10133.213667ms)
✔ startBatch fails closed on invalid PROMPT before batch starts (614.129167ms)
fatal: malformed object name missing-base-branch
✔ inspectGitState records gitInspectionError when merged-branch scan fails (835.383833ms)
✔ deriveDiagnosis returns git_unavailable when git inspection failed (0.554625ms)
✔ reconcileBatch surfaces git_unavailable instead of limbo_stale on git failure (1631.075667ms)
fatal: malformed object name missing-base-branch
✔ reconcileBatch records count_commits_ahead git errors from real git refs (2331.782333ms)
✔ idle-no-batch returns healthy idle state (419.304667ms)
✔ limbo_stale detected from incident fixture (2168.131917ms)
✔ completed_manual when orch branch merged to main (2036.591708ms)
✔ needs_retry when a task failed (2168.658833ms)
✔ running diagnosis for active batch (1647.97325ms)
✔ runReconciliationCheck matches reconcileBatch output shape (1370.846ms)
✔ reconcileBatch includes journal hints when journal exists (1312.960708ms)
✔ reconcileBatch exposes macroPhase for running batch (1285.939917ms)
✔ reconcileBatch exposes macroPhase for limbo_stale (1849.55425ms)
✔ failBatchFromEngineError writes batch.failed and clears enginePid (452.298542ms)
✔ reconcileGhostRunningTasks marks running tasks failed without worker (0.228ms)
✔ resumeMultiTaskBatch fail-closed when post-commit gitPorcelain throws (7528.414958ms)
✔ resumeBatch opens integrate gate before batch.completed journal event (9137.305709ms)
✔ refreshLaneHeartbeatsOnResume aligns lane heartbeats to engineStartedAt (1.712666ms)
✔ taskAlreadyComplete returns false for failed task with stale .DONE on disk (0.664875ms)
✔ resumeBatch after failed retry runs contract verification before succeed (5034.248708ms)
✔ resumeBatch continues paused 2-task 2-lane batch with stub workers (10120.417459ms)
✔ resumeBatch multi path requires existing lane worktrees (817.219708ms)
✔ multi-task batch start → pause → resume completes both tasks (10993.555667ms)
✔ paused multi-task batch diagnose suggests multi-task resume (2064.137291ms)
✔ multi-task startBatch completes two-lane stub batch (start path) (11650.710291ms)
✔ resumeBatch serializes four tasks on one lane (26234.872958ms)
✔ resumeBatch runs two lanes with two tasks each in parallel (21128.627167ms)
✔ validateMultiTaskResume accepts paused 2-task 2-lane batch (1306.73675ms)
✔ validateMultiTaskResume rejects batch with zero tasks (528.366709ms)
✔ validateMultiTaskResume rejects missing worktree per lane (888.464208ms)
✔ validateMultiTaskResume allows force resume when wave merge is pending (1051.285084ms)
✔ validateResumeBatch delegates to multi validator for single-task batch (543.943375ms)
✔ resolveDetachedWaitTimeoutMs uses long default for wait-terminal orphan resume (0.635167ms)
✔ prepareOrphanResumeHandoff clears stale workerPid before orphan resume (270.642542ms)
✔ clearStaleLaneWorkerPids preserves live worker pid (570.54725ms)
✔ dual-dead lane+engine orphan reconciles as engine_orphaned with attached resume (1821.44ms)
✔ attached resume --force completes stuck task after plan review orphan stall (9877.660208ms)
✔ detached resume with wait-terminal uses extended timeout constant (0.168667ms)
✔ taskTerminalSuccessInBatch requires succeeded status and journal task.completed (0.650875ms)
✔ resume --force after partial retry does not review.start succeeded task IDs (11279.058084ms)
✔ pauseBatch sets phase paused and journals batch.paused (400.710083ms)
✔ resumeBatch continues paused single-lane batch (8986.364834ms)
✔ paused spine batch reconciliation suggests spine batch resume (1810.371ms)
✔ validateBatchState requires segments aligned with tasks (0.245208ms)
✔ retryTask clears stale failure metadata before re-run (414.455791ms)
✔ retry then task.completed updates counters and reconcile diagnosis (1480.205292ms)
✔ retry-clears-failed-classification fixture reconciles after success state (1479.845625ms)
✔ retryTask atomically resets task and segment records (391.64275ms)
✔ retryTask fixes segment drift (GAP-RETRY-01) (387.670458ms)
✔ resumeBatch refuses segment drift without retry (445.792ms)
✔ skipTask marks task skipped and updates counters (290.722125ms)
✔ retryTask rejects when batch is running (376.80775ms)
✔ defaultSegmentId used in segment records (0.18875ms)
✔ detectOrphanedReviewStarted finds orphaned review.started with no matching review.completed (0.732084ms)
✔ detectOrphanedReviewStarted returns empty when review.completed exists (0.139208ms)
✔ detectOrphanedReviewStarted distinguishes code and final review types (0.078375ms)
✔ reconcileOrphanedReviewEvents synthesizes completion when APPROVE artifact on disk (24.782875ms)
✔ reconcileOrphanedReviewEvents does NOT synthesize when no artifact on disk (10.023709ms)
✔ reconcileOrphanedReviewEvents does NOT synthesize for REVISE verdict (13.051792ms)
✔ findCompletedCodeReview honors artifact at attempt > 0 (6.018625ms)
✔ normal review flow (no crash) still works correctly (0.201416ms)
✔ reconcileOrphanedReviewEvents handles final review with PASS verdict (29.670458ms)
✔ buildReviewerSystemPrompt includes project standards when rules manifest exists (23.710375ms)
✔ buildReviewerSystemPrompt emits reviewer.rules_selected journal event (31.423417ms)
✔ buildReviewRequest user prompt does not include injected standards block (0.338291ms)
✔ runStepReview stub path does not emit reviewer.rules_selected (54.342875ms)
✔ isNoiseReviewScopePath matches runtime artifact paths (0.748584ms)
✔ filterReviewScopeNoise dedupes and drops noise (0.599292ms)
✔ resolvePlanReviewScopePaths returns PROMPT File Scope minus noise (3.954708ms)
✔ resolveReviewScopePaths plan uses task PROMPT file scope (10.252083ms)
✔ resolveReviewScopePaths final returns empty scope (0.154167ms)
✔ resolveCodeReviewScopePaths uses baseline..HEAD when baseline provided (441.335458ms)
✔ resolveCodeReviewScopePaths falls back to git diff --name-only without baseline (469.601625ms)
✔ resolveReviewScopePaths code honors injectable git runner (0.270167ms)
✔ resolveCodeReviewScopePaths returns empty array when git fails (0.084542ms)
✔ parseReviewLevel reads PROMPT heading (0.776458ms)
✔ isReviewTypeRequired follows Taskplane rubric (0.08925ms)
✔ formatReviewTimestamp strips separators from ISO time (1.450833ms)
✔ buildReviewArtifactPath uses step-timestamp pattern (0.249417ms)
✔ buildFinalReviewArtifactPath uses final-timestamp pattern (0.12525ms)
✔ normalizeVerdict maps enums by review type (0.09375ms)
✔ normalizeFinalVerdict and normalizeCodeVerdict are type-specific aliases (0.078375ms)
✔ parseReviewVerdict reads JSON and markdown verdicts (0.496958ms)
✔ parseReviewVerdict accepts PASS REVISE REPLAN when reviewType is final (0.07775ms)
✔ parseReviewVerdict step mode rejects final-only verdict enums (0.119ms)
✔ parseFinalReviewVerdict accepts PASS, REVISE, and REPLAN (0.1225ms)
✔ parseFinalReviewVerdict omits heading summary unlike parseReviewVerdict (0.090292ms)
✔ shouldRunCodeReview requires review level 2 or higher (0.061291ms)
✔ shouldRunFinalReview skips when review level is 0 (0.069791ms)
✔ DEFAULT_REVIEW_SPAWN_TIMEOUT_MS is 90 minutes (0.581916ms)
✔ honorReviewSpawnFailureWhenEligible honors final review when contract passed (4.172875ms)
✔ honorReviewSpawnFailureWhenEligible skips when contract failed (1.126417ms)
✔ honorReviewSpawnFailureWhenEligible honors code review with .DONE (1.974ms)
✔ buildReviewerPiArgs includes --model when config pins reviewer (5.869167ms)
✔ buildReviewerPiArgs omits --model when reviewer model is inherit (2.363625ms)
✔ buildReviewerPiArgs uses per-type model override for matching reviewType (3.134ms)
✔ buildReviewerPiArgs falls back to top-level reviewer pin when per-type block missing (2.132083ms)
✔ buildReviewerPiArgs cascades per-type inherit to top-level reviewer pin (3.029875ms)
✔ spawnReviewerPi fails closed when pi unavailable via SPINE_REVIEW_TEST_NO_PI (2.384958ms)
✔ buildReviewerChildEnv strips SPINE_WORKER_RUNNER from reviewer child env (0.337959ms)
✔ shouldBlockNestedReviewerSpawn false when only worker runner leaked on engine (0.106583ms)
✔ spawnReviewerPi allows engine spawn when worker runner leaked without journal attach (2.833083ms)
✔ shouldBlockNestedReviewerSpawn true inside live worker child session (0.240625ms)
✔ parseReviewLevel reads PROMPT heading (0.788958ms)
✔ isReviewTypeRequired follows Taskplane rubric (0.10925ms)
✔ buildReviewArtifactPath uses step-timestamp pattern (2.001791ms)
✔ buildFinalReviewArtifactPath uses final-timestamp pattern (0.124708ms)
✔ parseReviewVerdict reads JSON and markdown verdicts (0.571667ms)
✔ parseReviewVerdict accepts PASS REVISE REPLAN when reviewType is final (0.128625ms)
✔ parseReviewVerdict step mode rejects final-only verdict enums (0.100958ms)
✔ parseReviewVerdict accepts PASS REVISE REPLAN for final review type (0.062958ms)
✔ resolveBatchJournalContext ignores SPINE_BATCH_ID without SPINE_JOURNAL_ATTACH (0.209042ms)
✔ isJournalAttachBlocked honors SPINE_SUPPRESS_JOURNAL_ATTACH (0.077791ms)
✔ resolveBatchJournalContext blocked when attach suppressed (0.109458ms)
✔ runStepReview ignores SPINE_REVIEW_STUB_FAIL without stub mode (9.833041ms)
✔ runStepReview stub APPROVE writes artifact and journal events (44.08075ms)
✔ runStepReview stub REVISE returns exitCode 2 (6.817542ms)
✔ runStepReview fail-closed on stub spawn failure (29.43275ms)
✔ runStepReview skips when review level does not require type (4.274291ms)
✔ runStepReview final stub PASS writes final artifact path (8.834792ms)
✔ runStepReview final spawn failure exits non-zero at review level >= 1 (3.126583ms)
✔ runSpineReviewStep CLI --type final emits JSON verdict (4.266167ms)
✔ runSpineReviewStep CLI emits JSON verdict (22.449417ms)
✔ assertReviewToolAvailable fails closed without pi at review level > 0 (7.353333ms)
✔ runWorker fails closed when review tool unavailable at level > 0 (12.148458ms)
✔ stub worker stops when enforced review spawn fails (88.005708ms)
✔ DEFAULT_REVIEW_SPAWN_TIMEOUT_MS remains 90 minutes (backstop unchanged) (0.59425ms)
✔ runStepReview honors on-disk APPROVE while pi hangs — seconds not stall timeout (296.053167ms)
✔ resolveReviewerModelPin returns per-type override when set (0.712875ms)
✔ resolveReviewerModelPin falls back to top-level when per-type block missing (0.090959ms)
✔ resolveReviewerModelPin cascades per-type inherit to top-level pin (0.059334ms)
✔ resolveReviewerModelPin returns null for top-level inherit (0.054291ms)
✔ resolveReviewerModelPin returns null when reviewer block absent (0.064125ms)
✔ resolveReviewerThinkingPin returns per-type override when set (0.072666ms)
✔ resolveReviewerThinkingPin falls back to top-level when per-type block missing (0.083916ms)
✔ resolveReviewerThinkingPin cascades per-type inherit to top-level pin (0.063958ms)
✔ resolveReviewerThinkingPin returns null for off at any level (0.078875ms)
✔ resolveReviewerThinkingPin returns null when reviewer block absent (0.04825ms)
✔ resolveRulesManifestGeneratedAtMerge keeps newest generatedAt (0.686916ms)
✔ resolveRulesManifestGeneratedAtMerge fails when rules differ (0.077084ms)
✔ fingerprintRulesManifest ignores generatedAt (0.055875ms)
✔ mergeLaneToOrch clears generatedAt-only dirty rules-manifest before merge (2174.485584ms)
✔ mergeLaneToOrch auto-resolves generatedAt-only rules-manifest conflict (2209.855166ms)
✔ mergeLaneToOrch fails loud when rules[] differ (2397.802125ms)
✔ mergeLaneToOrch does not auto-resolve when other paths conflict (1292.893792ms)
✔ tryAutoResolveRulesManifestMergeConflict resolves in-progress merge (670.033166ms)
✔ appendTaskMetric writes TaskMetricRecord JSONL line (9.067333ms)
✔ buildTaskMetricRecord includes laneNumber and durationMs when available (0.226875ms)
✔ buildTaskMetricRecord omits laneNumber when not a positive lane (0.112583ms)
✔ metrics.enabled false skips append without error (1.168584ms)
✔ resolveTaskMetricOutcome maps skipped_done_on_disk to skipped (0.127042ms)
✔ appendTaskMetric redacts secret-like fields and omits prompt text (2.34675ms)
✔ skipTaskDoneOnDisk records skipped task metric (21.4315ms)
✔ appendBatchMetric writes BatchMetricRecord JSONL line (2.492917ms)
✔ recordBatchTerminalMetric skips when metrics disabled (0.959875ms)
✔ dismissBatch appends batch metric line (965.825458ms)
✔ spine metrics show filters by batch and formats table output (25.572333ms)
✔ spine metrics show CLI filters by batch id (301.193375ms)
✔ resolveSalvageConfig defaults autoCommitOnStall to false (0.669167ms)
✔ validateSpineConfig rejects non-boolean autoCommitOnStall (0.63325ms)
✔ recordTaskFailureSalvage with autoCommitOnStall commits scoped paths on lane branch (822.002833ms)
✔ recordTaskFailureSalvage without autoCommitOnStall does not commit (1222.618334ms)
✔ salvage commit refuses merge_in_progress and index_conflicts (897.575542ms)
✔ salvage commit refuses pre-commit hook failure (827.135333ms)
✔ atomic retry retains salvage WIP commit on lane branch (1596.848584ms)
✔ inspectLaneSalvage scopes porcelain to file scope and task folder (562.512ms)
✔ recordTaskFailureSalvage journals inspection and writes evidence without committing (776.639958ms)
✔ writeSalvageEvidence writes pretty JSON atomically without temp files (365.891667ms)
✔ startBatch worker failure with dirty scoped file emits salvage and diagnose hint (8494.833833ms)
✔ parseSequenceArgs honors --auto-approve-gate and --force (0.623875ms)
✔ spine run sequence --auto-approve-gate dry-run succeeds under stub (735.324125ms)
✔ spine run sequence --auto-approve-gate refused for real pi without --force (798.852584ms)
✔ spine run sequence --auto-approve-gate --force dry-run succeeds for real pi (763.558959ms)
✔ validateSequenceAutoApproveGate allows stub mode without force (0.65325ms)
✔ validateSequenceAutoApproveGate blocks real pi without force (0.145166ms)
✔ validateSequenceAutoApproveGate allows real pi with force (0.065667ms)
✔ validateSequenceAutoApproveGate skips check when flag is false (0.077584ms)
✔ buildSequenceAutoApproveDoctorCheck warns for real pi (0.079709ms)
✔ buildSequenceAutoApproveDoctorCheck passes for stub mode (0.084125ms)
✔ runSequence refuses auto-approve on dry-run for real pi (0.480167ms)
✔ runSequence allows auto-approve dry-run with force on real pi (0.172291ms)
✔ readCurrentBatchLogTail returns null for missing file (0.669416ms)
✔ readCurrentBatchLogTail filters to last batch session header (0.578375ms)
✔ readCurrentBatchLogTail returns full content when no header exists (0.694458ms)
✔ readCurrentBatchLogTail respects lineCount limit (0.586166ms)
✔ waitForSequenceBatchTerminal returns settled when batch completes before timeout (1571.851ms)
✔ waitForSequenceBatchTerminal does not exit while engine PID is alive (4148.010167ms)
✔ waitForSequenceBatchTerminal returns failure diagnosis even with alive engine (948.546833ms)
✔ isMergeBlockedBatchOutcome detects mixed-outcome and merge_blocked phases (0.682209ms)
✔ evaluateWaveTaskDependencies filters runnable tasks by satisfied deps (0.736875ms)
✔ formatSequenceWaveSkipMessage names blocked dependencies per §17.4 (0.191541ms)
✔ resolveWaveAfterMergeBlocked continues wave 1 and skips wave 2 tasks (0.174334ms)
✔ planSequenceWaveTasks skips wave when no deps are satisfied (0.091667ms)
✔ 3-wave sequence continues wave 1 after wave 0 merge_blocked and skips wave 2 (25942.768666ms)
✔ isPiSessionMetadataPath matches .pi session roots and children (1.180042ms)
✔ checkGitClean ignores untracked .pi/ session metadata (752.616875ms)
✔ checkGitClean still fails when non-.pi paths are dirty (972.342208ms)
✔ runSequence with only .pi/ dirty passes preflight (24476.782583ms)
✔ runSequence surfaces preflight failure on stderr-equivalent output (13849.830375ms)
✔ resolveResumeFromWave continues after last completed wave (0.854ms)
✔ sequence persists fromWave, completedWaves, and lastBatchId after wave 0 (15705.445958ms)
✔ resume after interrupted wave 0 integrate completes remaining waves (36378.632542ms)
✔ sequence halts on wave failure with --stop-on-failure and preserves completed waves (10976.042375ms)
✔ resolveWaveTaskIds and resolveSequenceWaves honor planner waves (1.324166ms)
✔ diagnosis helpers classify settled, waiting, and failure states (0.103583ms)
✔ dry-run prints operator-equivalent land loop commands per wave (0.235084ms)
✔ 2-wave stub sequence completes with auto-approve land loop (36447.190084ms)
✔ buildSequencePlan resolves pending scope for dry-run integration (422.386417ms)
✔ skipTask leaves phase paused when all tasks terminal without merge (1791.885084ms)
✔ skipTask clears failed segment drift for reconcile (1980.763834ms)
✔ resolveWorkerOutputConfig applies lane defaults and overrides (1.0275ms)
✔ captureWorkerOutputTail keeps last lines and marks byte truncation (0.387084ms)
✔ redactWorkerOutput applies built-in and config deny patterns (0.3835ms)
✔ runWorker stall_timeout captures stderr, persists log, journals stall_killed (5179.09825ms)
✔ collectEvidenceBundle references persisted worker output logs (7.795584ms)
✔ successful worker skips log unless retainWorkerOutputOnSuccess (5037.751542ms)
✔ SAT-020 replay: checkpoint_warning → stall_killed → salvage_inspection → task.failed (62881.9145ms)
✔ regression: stub worker still requires .DONE for batch success (7267.650333ms)
✔ recordTaskTransition writes batch-state then journal in order (200.076ms)
✔ saveSpineBatchState leaves prior JSON intact when atomic write fails (192.590542ms)
✔ saveGateRecord leaves prior JSON intact when atomic write fails (179.811334ms)
✔ validateBatchState accepts healthy schema v1 state (0.961833ms)
✔ validateBatchState rejects counter drift (0.157375ms)
✔ runSpineState validate passes on archived batch-state (5.440125ms)
✔ runSpineState validate fails loud on corrupt active state (2.452334ms)
✔ computeStatusProgress derives wave and task counts from batch raw (1.30325ms)
✔ computeStatusProgress returns null without batch raw (0.139333ms)
✔ formatStatusJson includes documented progress field names (0.162958ms)
✔ spine status --json includes task and wave progress for active batch (1104.570333ms)
✔ spine status --json omits progress counts when no batch is active (265.147917ms)
✔ reconcileBatch exposes progress fields for spine watch consumers (1034.96075ms)
✔ classifyTaskDoneSemantics distinguishes lane vs main .DONE (issue #35) (171.432417ms)
✔ spine status --diagnose --json exposes explicit done flags mid-batch (4086.835417ms)
✔ verifyStubFileScopeMustChange fails when contract paths are unchanged (303.47725ms)
✔ verifyStubFileScopeMustChange passes when contract path changed (348.746583ms)
✔ verifyStubFileScopeMustChange passes for comma-in-single-backtick fileScopeMustChange (SP-396) (422.762958ms)
✔ commitLaneWorktree rejects stub completion without fileScopeMustChange diffs (378.182166ms)
✔ commitLaneWorktree allows stub completion when fileScopeMustChange is satisfied (658.383625ms)
✔ stub contract helpers d
Coverage run aborted: 1 test failure(s).
